02-07 09:43:08.567     1     1 I init    : type=1400 audit(0.0:34): avc: denied { write } for name="mode" dev="sysfs" ino=93729 scontext=u:r:init:s0 tcontext=u:object_r:sysfs:s0 tclass=file permissive=1
02-07 09:43:08.567     1     1 I init    : type=1400 audit(0.0:35): avc: denied { open } for path="/sys/devices/platform/soc/a600000.ssusb/mode" dev="sysfs" ino=93729 scontext=u:r:init:s0 tcontext=u:object_r:sysfs:s0 tclass=file permissive=1
02-07 09:43:08.571   437   437 I android.hardwar: type=1400 audit(0.0:36): avc: denied { call } for scontext=u:r:recovery:s0 tcontext=u:r:recovery:s0 tclass=binder permissive=1
02-07 09:43:08.575   437   437 I android.hardwar: type=1400 audit(0.0:37): avc: denied { transfer } for scontext=u:r:recovery:s0 tcontext=u:r:recovery:s0 tclass=binder permissive=1
02-07 09:43:08.578   438   438 I hwservicemanager: getFrameworkHalManifest: Reading VINTF information.
02-07 09:43:08.578   438   438 W hwservicemanager: Cannot fetch /system/etc/vintf/manifest.xml: Illformed file: /system/etc/vintf/manifest.xml: Unrecognized manifest.version 7.0 (libvintf@4.0)
02-07 09:43:08.578   438   438 E hwservicemanager: getFrameworkHalManifest: status from fetching VINTF information: -2
02-07 09:43:08.578   438   438 E hwservicemanager: getFrameworkHalManifest: -2 VINTF parse error: Cannot read /system/manifest.xml: No such file or directory
02-07 09:43:08.578   444   444 I keystore2: keystore2_main: Keystore2 is starting.
02-07 09:43:08.578   438   438 E SELinux : avc:  denied  { add } for interface=android.hardware.boot::IBootControl sid=u:r:recovery:s0 pid=437 scontext=u:r:recovery:s0 tcontext=u:object_r:hal_bootctl_hwservice:s0 tclass=hwservice_manager permissive=1
02-07 09:43:08.578   438   438 I hwservicemanager: getFrameworkHalManifest: Reading VINTF information.
02-07 09:43:08.578   438   438 W hwservicemanager: Cannot fetch /system/etc/vintf/manifest.xml: Illformed file: /system/etc/vintf/manifest.xml: Unrecognized manifest.version 7.0 (libvintf@4.0)
02-07 09:43:08.578   438   438 E hwservicemanager: getFrameworkHalManifest: status from fetching VINTF information: -2
02-07 09:43:08.578   438   438 E hwservicemanager: getFrameworkHalManifest: -2 VINTF parse error: Cannot read /system/manifest.xml: No such file or directory
02-07 09:43:08.578   438   438 I hwservicemanager: getFrameworkHalManifest: Reading VINTF information.
02-07 09:43:08.578   438   438 W hwservicemanager: Cannot fetch /system/etc/vintf/manifest.xml: Illformed file: /system/etc/vintf/manifest.xml: Unrecognized manifest.version 7.0 (libvintf@4.0)
02-07 09:43:08.578   438   438 E hwservicemanager: getFrameworkHalManifest: status from fetching VINTF information: -2
02-07 09:43:08.578   438   438 E hwservicemanager: getFrameworkHalManifest: -2 VINTF parse error: Cannot read /system/manifest.xml: No such file or directory
02-07 09:43:08.583    10    10 I msm_eusb2_phy 88e3000.hsphy: phy_flags:0
02-07 09:43:08.578   438   438 I hwservicemanager: getFrameworkHalManifest: Reading VINTF information.
02-07 09:43:08.575   444   444 I keystore2: type=1400 audit(0.0:39): avc: denied { open } for path="/dev/__properties__/u:object_r:keystore_crash_prop:s0" dev="tmpfs" ino=162 scontext=u:r:recovery:s0 tcontext=u:object_r:keystore_crash_prop:s0 tclass=file permissive=1
02-07 09:43:08.578   438   438 W hwservicemanager: Cannot fetch /system/etc/vintf/manifest.xml: Illformed file: /system/etc/vintf/manifest.xml: Unrecognized manifest.version 7.0 (libvintf@4.0)
02-07 09:43:08.578   438   438 E hwservicemanager: getFrameworkHalManifest: status from fetching VINTF information: -2
02-07 09:43:08.583    10    10 I eusb2-repeater c42d000.qcom,spmi: qcom,pm7550ba@7:eusb2-repeater@fd00: HI MI init device!
02-07 09:43:08.578   438   438 E hwservicemanager: getFrameworkHalManifest: -2 VINTF parse error: Cannot read /system/manifest.xml: No such file or directory
02-07 09:43:08.579   437   437 I HidlServiceManagement: Registered android.hardware.boot@1.2::IBootControl/default
02-07 09:43:08.583    10    10 I eusb2-repeater c42d000.qcom,spmi: qcom,pm7550ba@7:eusb2-repeater@fd00: eUSB2 repeater status:OK
02-07 09:43:08.579   437   437 I HidlServiceManagement: Removing namespace from process name android.hardware.boot@1.2-service to boot@1.2-service.
02-07 09:43:08.579   444   444 I keystore2: keystore2_main: Starting thread pool now.
02-07 09:43:08.575   444   444 I keystore2: type=1400 audit(0.0:40): avc: denied { getattr } for path="/dev/__properties__/u:object_r:keystore_crash_prop:s0" dev="tmpfs" ino=162 scontext=u:r:recovery:s0 tcontext=u:object_r:keystore_crash_prop:s0 tclass=file permissive=1
02-07 09:43:08.579   437   437 I LegacySupport: Registration complete for android.hardware.boot@1.0::IBootControl/default.
02-07 09:43:08.575   444   444 I keystore2: type=1400 audit(0.0:41): avc: denied { map } for path="/dev/__properties__/u:object_r:keystore_crash_prop:s0" dev="tmpfs" ino=162 scontext=u:r:recovery:s0 tcontext=u:object_r:keystore_crash_prop:s0 tclass=file permissive=1
02-07 09:43:08.575     1     1 I unknown : type=1107 audit(0.0:42): uid=0 auid=4294967295 ses=4294967295 subj=u:r:init:s0 msg='avc: denied { set } for property=keystore.crash_count pid=444 uid=0 gid=1017 scontext=u:r:recovery:s0 tcontext=u:object_r:keystore_crash_prop:s0 tclass=property_service permissive=1'
02-07 09:43:08.579   444   450 I keystore2: getDeviceHalManifest: Reading VINTF information.
02-07 09:43:08.580   444   450 I keystore2: getDeviceHalManifest: Successfully processed VINTF information
02-07 09:43:08.580   442   442 E SELinux : avc:  denied  { find } for pid=444 uid=0 name=android.hardware.security.sharedsecret.ISharedSecret/default scontext=u:r:recovery:s0 tcontext=u:object_r:hal_sharedsecret_service:s0 tclass=service_manager permissive=1
02-07 09:43:08.580   444   450 I ServiceManager: Waiting for service 'android.hardware.security.sharedsecret.ISharedSecret/default' on '/dev/binder'...
02-07 09:43:08.580   442   442 E SELinux : avc:  denied  { find } for pid=444 uid=0 name=android.hardware.security.keymint.IKeyMintDevice/default scontext=u:r:recovery:s0 tcontext=u:object_r:hal_keymint_service:s0 tclass=service_manager permissive=1
02-07 09:43:08.580   444   444 I ServiceManager: Waiting for service 'android.hardware.security.keymint.IKeyMintDevice/default' on '/dev/binder'...
02-07 09:43:08.584   448   448 I adbd    : persist.adb.watchdog set to ''
02-07 09:43:08.585   448   448 I adbd    : persist.sys.test_harness set to ''
02-07 09:43:08.585   448   448 I adbd    : adb watchdog timeout set to 600 seconds
02-07 09:43:08.585   448   454 I adbd    : Waiting for persist.adb.tls_server.enable=1
02-07 09:43:08.585   448   448 I adbd    : adbd started
02-07 09:43:08.585   448   456 I adbd    : opening control endpoint /dev/usb-ffs/adb/ep0
02-07 09:43:08.586   448   456 I adbd    : UsbFfsConnection constructed
02-07 09:43:08.586   448   457 I adbd    : UsbFfs-monitor thread spawned
02-07 09:43:08.590   456   456 I         : read descriptors
02-07 09:43:08.590   456   456 I         : read strings
02-07 09:43:08.591   447   447 I recovery: type=1400 audit(0.0:43): avc: denied { getattr } for path="/sys/devices/virtual/thermal/thermal_zone48/temp" dev="sysfs" ino=97723 scontext=u:r:recovery:s0 tcontext=u:object_r:sysfs:s0 tclass=file permissive=1
02-07 09:43:08.591   447   447 I recovery: type=1400 audit(0.0:44): avc: denied { search } for name="/" dev="configfs" ino=9220 scontext=u:r:recovery:s0 tcontext=u:object_r:configfs:s0 tclass=dir permissive=1
02-07 09:43:08.591   447   447 I recovery: type=1400 audit(0.0:45): avc: denied { getattr } for path="/config/usb_gadget/g1/functions/mass_storage.0/lun.0/file" dev="configfs" ino=25779 scontext=u:r:recovery:s0 tcontext=u:object_r:configfs:s0 tclass=file permissive=1
02-07 09:43:08.591   447   447 I recovery: type=1400 audit(0.0:46): avc: denied { write } for name="brightness" dev="sysfs" ino=107131 scontext=u:r:recovery:s0 tcontext=u:object_r:sysfs:s0 tclass=file permissive=1
02-07 09:43:08.591   447   447 I recovery: type=1400 audit(0.0:47): avc: denied { open } for path="/sys/devices/platform/soc/ae00000.qcom,mdss_mdp/backlight/panel0-backlight/brightness" dev="sysfs" ino=107131 scontext=u:r:recovery:s0 tcontext=u:object_r:sysfs:s0 tclass=file permissive=1
02-07 09:43:08.591     1     1 I unknown : type=1107 audit(0.0:48): uid=0 auid=4294967295 ses=4294967295 subj=u:r:init:s0 msg='avc: denied { set } for property=ro.twrp.boot pid=447 uid=0 gid=0 scontext=u:r:recovery:s0 tcontext=u:object_r:default_prop:s0 tclass=property_service permissive=1'
02-07 09:43:08.595   447   447 W recovery: [libfs_mgr]Warning: unknown flag: defaultssync_mode=nobarrier
02-07 09:43:08.595   447   447 W recovery: [libfs_mgr]Warning: unknown flag: inlinecrypt
02-07 09:43:08.595   447   447 W recovery: [libfs_mgr]Warning: unknown flag: gc_merge
02-07 09:43:08.595   447   447 W recovery: [libfs_mgr]Warning: unknown flag: compress_mode=user
02-07 09:43:08.595   447   447 W recovery: [libfs_mgr]Warning: unknown flag: compress_cache
02-07 09:43:08.595   447   447 W recovery: [libfs_mgr]Warning: unknown flag: atgc
02-07 09:43:08.595   447   447 W recovery: [libfs_mgr]Warning: unknown flag: age_extent_cache
02-07 09:43:08.596   447   447 I recovery: Boot command: boot-recovery
02-07 09:43:08.596   447   447 W recovery: [libfs_mgr]Warning: unknown flag: defaultssync_mode=nobarrier
02-07 09:43:08.596   447   447 W recovery: [libfs_mgr]Warning: unknown flag: inlinecrypt
02-07 09:43:08.596   447   447 W recovery: [libfs_mgr]Warning: unknown flag: gc_merge
02-07 09:43:08.596   447   447 W recovery: [libfs_mgr]Warning: unknown flag: compress_mode=user
02-07 09:43:08.596   447   447 W recovery: [libfs_mgr]Warning: unknown flag: compress_cache
02-07 09:43:08.596   447   447 W recovery: [libfs_mgr]Warning: unknown flag: atgc
02-07 09:43:08.596   447   447 W recovery: [libfs_mgr]Warning: unknown flag: age_extent_cache
02-07 09:43:08.596   447   447 W recovery: [libfs_mgr]Warning: unknown flag: defaultssync_mode=nobarrier
02-07 09:43:08.596   447   447 W recovery: [libfs_mgr]Warning: unknown flag: inlinecrypt
02-07 09:43:08.596   447   447 W recovery: [libfs_mgr]Warning: unknown flag: gc_merge
02-07 09:43:08.596   447   447 W recovery: [libfs_mgr]Warning: unknown flag: compress_mode=user
02-07 09:43:08.596   447   447 W recovery: [libfs_mgr]Warning: unknown flag: compress_cache
02-07 09:43:08.596   447   447 W recovery: [libfs_mgr]Warning: unknown flag: atgc
02-07 09:43:08.597   447   447 W recovery: [libfs_mgr]Warning: unknown flag: age_extent_cache
02-07 09:43:08.595   447   447 I recovery: type=1400 audit(0.0:49): avc: denied { write } for name="etc" dev="rootfs" ino=770 scontext=u:r:recovery:s0 tcontext=u:object_r:rootfs:s0 tclass=dir permissive=1
02-07 09:43:08.595   447   447 I recovery: type=1400 audit(0.0:50): avc: denied { add_name } for name="mtab" scontext=u:r:recovery:s0 tcontext=u:object_r:rootfs:s0 tclass=dir permissive=1
02-07 09:43:08.595   447   447 I recovery: type=1400 audit(0.0:51): avc: denied { create } for name="mtab" scontext=u:r:recovery:s0 tcontext=u:object_r:rootfs:s0 tclass=lnk_file permissive=1
02-07 09:43:08.598   447   447 I recovery: [libfs_mgr]Created logical partition mi_ext_a on device /dev/block/dm-0
02-07 09:43:08.598   447   447 I recovery: [libfs_mgr]Skipping zero-length logical partition: mi_ext_b
02-07 09:43:08.598   447   447 I recovery: [libfs_mgr]Created logical partition odm_a on device /dev/block/dm-1
02-07 09:43:08.598   447   447 I recovery: [libfs_mgr]Skipping zero-length logical partition: odm_b
02-07 09:43:08.598   447   447 I recovery: [libfs_mgr]Created logical partition product_a on device /dev/block/dm-2
02-07 09:43:08.598   447   447 I recovery: [libfs_mgr]Skipping zero-length logical partition: product_b
02-07 09:43:08.600   447   447 I recovery: [libfs_mgr]Created logical partition system_a on device /dev/block/dm-3
02-07 09:43:08.600   447   447 I recovery: [libfs_mgr]Skipping zero-length logical partition: system_b
02-07 09:43:08.601   447   447 I recovery: [libfs_mgr]Created logical partition system_dlkm_a on device /dev/block/dm-4
02-07 09:43:08.601   447   447 I recovery: [libfs_mgr]Skipping zero-length logical partition: system_dlkm_b
02-07 09:43:08.601   447   447 I recovery: [libfs_mgr]Created logical partition system_ext_a on device /dev/block/dm-5
02-07 09:43:08.601   447   447 I recovery: [libfs_mgr]Skipping zero-length logical partition: system_ext_b
02-07 09:43:08.601   447   447 I recovery: [libfs_mgr]Created logical partition vendor_a on device /dev/block/dm-6
02-07 09:43:08.601   447   447 I recovery: [libfs_mgr]Skipping zero-length logical partition: vendor_b
02-07 09:43:08.599   447   447 I recovery: type=1400 audit(0.0:52): avc: denied { create } for name="system_root" scontext=u:r:recovery:s0 tcontext=u:object_r:rootfs:s0 tclass=dir permissive=1
02-07 09:43:08.601   447   447 I recovery: [libfs_mgr]Created logical partition vendor_dlkm_a on device /dev/block/dm-7
02-07 09:43:08.601   447   447 I recovery: [libfs_mgr]Skipping zero-length logical partition: vendor_dlkm_b
02-07 09:43:08.599   447   447 I recovery: type=1400 audit(0.0:53): avc: denied { ioctl } for path="/dev/block/dm-3" dev="tmpfs" ino=1047 ioctlcmd=0x5331 scontext=u:r:recovery:s0 tcontext=u:object_r:dm_device:s0 tclass=blk_file permissive=1
02-07 09:43:08.599   447   447 I recovery: type=1400 audit(0.0:54): avc: denied { sys_rawio } for capability=17 scontext=u:r:recovery:s0 tcontext=u:r:recovery:s0 tclass=capability permissive=1
02-07 09:43:08.609   447   447 I EXT4-fs (dm-3): mounted filesystem without journal. Quota mode: none.
02-07 09:43:08.609   447   447 I EXT4-fs (dm-3): unmounting filesystem.
02-07 09:43:08.603   447   447 I recovery: type=1400 audit(0.0:55): avc: denied { write } for name="by-name" dev="tmpfs" ino=16 scontext=u:r:recovery:s0 tcontext=u:object_r:block_device:s0 tclass=dir permissive=1
02-07 09:43:08.603   447   447 I recovery: type=1400 audit(0.0:56): avc: denied { add_name } for name="system" scontext=u:r:recovery:s0 tcontext=u:object_r:block_device:s0 tclass=dir permissive=1
02-07 09:43:08.603   447   447 I recovery: type=1400 audit(0.0:57): avc: denied { create } for name="system" scontext=u:r:recovery:s0 tcontext=u:object_r:block_device:s0 tclass=lnk_file permissive=1
02-07 09:43:08.603   447   447 I recovery: type=1400 audit(0.0:58): avc: denied { ioctl } for path="/dev/block/dm-5" dev="tmpfs" ino=1053 ioctlcmd=0x5331 scontext=u:r:recovery:s0 tcontext=u:object_r:dm_device:s0 tclass=blk_file permissive=1
02-07 09:43:08.603   447   447 I recovery: type=1400 audit(0.0:59): avc: denied { ioctl } for path="/dev/block/dm-2" dev="tmpfs" ino=1044 ioctlcmd=0x5331 scontext=u:r:recovery:s0 tcontext=u:object_r:dm_device:s0 tclass=blk_file permissive=1
02-07 09:43:08.613   447   447 I EXT4-fs (dm-5): mounted filesystem without journal. Quota mode: none.
02-07 09:43:08.613   447   447 I EXT4-fs (dm-5): unmounting filesystem.
02-07 09:43:08.611   447   447 W recovery: DM_DEV_STATUS failed for mnt/vendor/mi_ext_a: No such device or address
02-07 09:43:08.607   447   447 I recovery: type=1400 audit(0.0:60): avc: denied { ioctl } for path="/dev/block/dm-6" dev="tmpfs" ino=1056 ioctlcmd=0x5331 scontext=u:r:recovery:s0 tcontext=u:object_r:dm_device:s0 tclass=blk_file permissive=1
02-07 09:43:08.616   447   447 I EXT4-fs (dm-2): mounted filesystem without journal. Quota mode: none.
02-07 09:43:08.616   447   447 I EXT4-fs (dm-2): unmounting filesystem.
02-07 09:43:08.611   447   447 I recovery: type=1400 audit(0.0:61): avc: denied { ioctl } for path="/dev/block/dm-7" dev="tmpfs" ino=1060 ioctlcmd=0x5331 scontext=u:r:recovery:s0 tcontext=u:object_r:dm_device:s0 tclass=blk_file permissive=1
02-07 09:43:08.619   447   447 I EXT4-fs (dm-6): mounted filesystem without journal. Quota mode: none.
02-07 09:43:08.619   447   447 I EXT4-fs (dm-6): unmounting filesystem.
02-07 09:43:08.621   447   447 I erofs   : (device dm-7): mounted with root inode @ nid 39.
02-07 09:43:08.611   447   447 I recovery: type=1400 audit(0.0:62): avc: denied { ioctl } for path="/dev/block/dm-4" dev="tmpfs" ino=1050 ioctlcmd=0x5331 scontext=u:r:recovery:s0 tcontext=u:object_r:dm_device:s0 tclass=blk_file permissive=1
02-07 09:43:08.615   447   447 I recovery: type=1400 audit(0.0:63): avc: denied { ioctl } for path="/dev/block/dm-1" dev="tmpfs" ino=1041 ioctlcmd=0x5331 scontext=u:r:recovery:s0 tcontext=u:object_r:dm_device:s0 tclass=blk_file permissive=1
02-07 09:43:08.624   447   447 I erofs   : (device dm-4): mounted with root inode @ nid 38.
02-07 09:43:08.624   447   447 I SELinux : Context u:object_r:system_dlkm_file:s0 is not valid (left unmapped).
02-07 09:43:08.626   447   447 I erofs   : (device dm-1): mounted with root inode @ nid 42.
02-07 09:43:08.619   447   447 I recovery: type=1400 audit(0.0:64): avc: denied { remove_name } for name="cache" dev="rootfs" ino=4393 scontext=u:r:recovery:s0 tcontext=u:object_r:rootfs:s0 tclass=dir permissive=1
02-07 09:43:08.619   447   447 I recovery: type=1400 audit(0.0:65): avc: denied { unlink } for name="cache" dev="rootfs" ino=4393 scontext=u:r:recovery:s0 tcontext=u:object_r:cache_file:s0 tclass=lnk_file permissive=1
02-07 09:43:08.619   447   447 I recovery: type=1400 audit(0.0:66): avc: denied { read } for name="dev" dev="sysfs" ino=82905 scontext=u:r:recovery:s0 tcontext=u:object_r:sysfs:s0 tclass=file permissive=1
02-07 09:43:08.630   447   447 I EXT4-fs (sdf7): mounted filesystem with ordered data mode. Quota mode: none.
02-07 09:43:08.623   447   447 I recovery: type=1400 audit(0.0:67): avc: denied { search } for name="rtc" dev="sysfs" ino=46127 scontext=u:r:recovery:s0 tcontext=u:object_r:sysfs_rtc:s0 tclass=dir permissive=1
02-07 09:43:08.623   447   447 I recovery: type=1400 audit(0.0:68): avc: denied { sys_time } for capability=25 scontext=u:r:recovery:s0 tcontext=u:r:recovery:s0 tclass=capability permissive=1
02-07 09:43:08.000   447   447 I recovery: type=1400 audit(0.0:69): avc: denied { search } for name="/" dev="sdf7" ino=2 scontext=u:r:recovery:s0 tcontext=u:object_r:mnt_vendor_file:s0 tclass=dir permissive=1
02-07 09:43:08.630   447   447 I SELinux : Context u:object_r:vendor_persist_time_file:s0 is not valid (left unmapped).
11-20 15:13:24.035   447   447 I recovery: type=1400 audit(0.0:70): avc: denied { getattr } for path="/persist" dev="sdf7" ino=2 scontext=u:r:recovery:s0 tcontext=u:object_r:mnt_vendor_file:s0 tclass=dir permissive=1
02-07 09:43:08.631   447   447 I EXT4-fs (sdf7): unmounting filesystem.
02-07 09:43:08.632    10    10 I msm-dwc3 a600000.ssusb: peripheral state, mdwc->inputs is 3
11-20 15:13:24.035   447   447 I recovery: type=1400 audit(0.0:71): avc: denied { ioctl } for path="/dev/block/dm-6" dev="tmpfs" ino=1056 ioctlcmd=0x5331 scontext=u:r:recovery:s0 tcontext=u:object_r:dm_device:s0 tclass=blk_file permissive=1
02-07 09:43:08.635   447   447 I EXT4-fs (dm-6): mounted filesystem without journal. Quota mode: none.
11-20 15:13:24.035   447   447 I recovery: type=1400 audit(0.0:72): avc: denied { ioctl } for path="/dev/block/dm-7" dev="tmpfs" ino=1060 ioctlcmd=0x5331 scontext=u:r:recovery:s0 tcontext=u:object_r:dm_device:s0 tclass=blk_file permissive=1
02-07 09:43:08.638   447   447 I erofs   : (device dm-7): mounted with root inode @ nid 39.
02-07 09:43:08.640   448   448 I         : adbd (448) used greatest stack depth: 12656 bytes left
11-20 15:13:24.083   444   444 I keystore2: type=1400 audit(0.0:73): avc: denied { call } for scontext=u:r:recovery:s0 tcontext=u:r:recovery:s0 tclass=binder permissive=1
02-07 09:43:08.686     1     1 W         : ------------[ cut here ]------------
02-07 09:43:08.686     1     1 W         : WARNING: CPU: 5 PID: 1 at drivers/usb/gadget/function/f_fs.c:1872 ffs_func_bind+0x1c4/0xde8
02-07 09:43:08.686     1     1 W         : Modules linked in: swinfo(FO) msm_drm(FO) msm_mmrm(FO) msm_hw_fence(FO) sync_fence(FO) msm_ext_display(FO) hdcp_qseecom_dlkm(FO) debug_ext(FO) bootinfo(FO) smcinvoke_dlkm(FO) qrtr_mhi(F) qrtr_smd(F) snd_soc_hdmi_codec(F) snd_usb_audio_qmi(F) stm_ftrace(F) stm_heartbeat(F) stm_console(F) stm_p_ost(F) coresight_tpdm(F) coresight_tpda(F) coresight_hwevent(F) coresight_tgu(F) coresight_trace_noc(F) coresight_tmc_sec(F) coresight_remote_etm(F) coresight_dummy(F) coresight_cti(F) coresight_stm(F) stm_core(F) coresight_replicator(F) coresight_funnel(F) coresight_tmc(F) coresight_csr(F) coresight(F) qti_amoled_ecm(F) hwmon(F) slim_qcom_ngd_ctrl(F) slimbus(F) mtdoops(F) mtdblock(F) mtd_blkdevs(F) block2mtd(F) chipreg(F) ofpart(F) mtd(F) migt(F) millet_oem_cgroup(F) millet_sig(F) millet_binder(F) millet_hs(F) millet_pkg(F) millet_core(F) binder_gki(F) nvmem_qfprom(F) qti_glink_adc(F) qcom_spmi_adc5_gen3(F) qcom_vadc_common(F) gh_rm_booster(F) gh_irq_lend(F) gh_ctrl(F)
02-07 09:43:08.686     1     1 W         : glink_pkt(F) qcom_spss(F) mi_exception_log(FC) mi_log(FC) binder_prio(FC) proc_exit(FC) mi_mempool(FC) leds_qti_tri_led(F) leds_qti_flash(F) qcom_lpm(F) qcom_cpufreq_hw_debug(F) qcom_edac(F) mi_thermal_interface(F) gpu_dump_skip_cdev(F) thermal_config(F) msm_lmh_dcvs(F) max31760_fan(F) qti_userspace_cdev(F) ddr_cdev(F) cpu_voltage_cooling(F) qti_devfreq_cdev(F) qti_cpufreq_cdev(F) qti_qmi_sensor_v2(F) qti_qmi_cdev(F) bcl_soc(F) qcom_spmi_temp_alarm(F) qcom_pon(F) reboot_mode(F) qcom_dload_mode(F) ir_spi(F) i3c_master_msm_geni(F) i2c_msm_geni(F) mi_fp(F) si_haptic(F) aw8697_haptic(F) qcom_hv_haptics(F) qti_battery_charger(F) pm8941_pwrkey(F) nb7vpq904m(F) repeater_qti_pmic_eusb2(F) usb_f_gsi(F) usb_f_qdss(F) usb_f_ccid(F) usb_f_cdev(F) f_fs_ipc_log(F) dwc3_msm(F) redriver(F) phy_msm_snps_eusb2(F) repeater(F) phy_msm_ssusb_qmp(F) phy_qcom_emu(F) phy_generic(F) msm_sharedmem(F) spmi_pmic_arb_debug(F) spi_msm_geni(F) sg(F) qcom_i2c_pmic(F) qseecom_proxy(F)
02-07 09:43:08.686     1     1 W         : xiaomi_wifi_gpio(F) perf_helper(F) lt9611uxc(F) drm_display_helper(F) drm_dp_aux_bus(F) qcom_iommu_debug(F) xlogchar(F) rdbg(F) msm_geni_serial(F) hvc_gunyah(F) qti_ocp_notifier(F) qpnp_amoled_regulator(F) qti_fixed_regulator(F) qfprom_sys(F) health_monitor(F) dmesg_dumper(F) gh_panic_notifier(F) panel_event_notifier(F) adsp_sleepmon(F) qcom_q6v5_pas(F) qcom_pil_info(F) qcom_q6v5(F) qcom_sysmon(F) fsa4480_i2c(F) cdsprm(F) sysmon_subsystem_stats(F) wcd_usbss_i2c(F) ucsi_glink(F) sys_pm_vx(F) cpucp_log(F) dynpf_scmi(F) cpufreq_stats_scmi_v2(F) c1dcvs_scmi_v2(F) bwmon(F) memlat(F) qcom_ramdump(F) sps_drv(F) gh_tlmm_vm_mem_access(F) gh_mem_notifier(F) msm_show_epoch(F) mem_offline(F) hung_task_enh(F) qcom_logbuf_boot_log(F) qcom_logbuf_vendor_hooks(F) qcom_va_minidump(F) core_hang_detect(F) boot_stats(F) llcc_qcom(F) eud(F) qcom_stats(F) mem_hooks(F) pmic_glink_debug(F) altmode_glink(F) charger_ulog_glink(F) qti_battery_debug(F) pmic_glink(F) glink_probe(F)
02-07 09:43:08.687     1     1 W         : qcom_glink_spss(F) qsee_ipc_irq_bridge(F) smp2p_sleepstate(F) smp2p(F) msm_memshare(F) heap_mem_ext_v01(F) pdr_interface(F) qmi_helpers(F) qcom_cpuss_sleep_stats(F) msm_gpi(F) bam_dma(F) videocc_volcano(F) gpucc_volcano(F) gpucc_cliffs(F) debugcc_pineapple(F) debugcc_cliffs(F) pwm_qti_lpg(F) pinctrl_spmi_mpp(F) pinctrl_spmi_gpio(F) phy_qcom_ufs_qmp_v4(F) mhi_dev_satellite(F) mhi_dev_uci(F) mhi(F) pci_msm_drv(F) pcie_pdc(F) rproc_qcom_common(F) qcom_smd(F) qcom_glink_smem(F) qcom_glink(F) msm_show_resume_irq(F) msm_sysstats(F) qrtr_gunyah(F) qrtr(F) mpam_policy(F) mpam_arch(F) dump_display(F) ufs_ffu(F) mi_memory(F) icc_test(F) qnoc_pineapple(F) qnoc_volcano(F) qnoc_cliffs(F) qnoc_qos(F) icc_rpmh(F) icc_debug(F) icc_bcm_voter(F) nvmem_qcom_spmi_sdam(F) gunyah_qcom(F) gunyah_loader(F) gh_virt_wdt(F) msm_qmp(F) qcom_ipcc(F) ufs_qcom(F) ufshcd_crypto_qti(F) miev(FC) sdhci_msm(F) cqhci(F) cpu_hotplug(F) bcl_pmic5(F) thermal_pause(F) qcom_tsens(F)
02-07 09:43:08.687     1     1 W         : thermal_minidump(F) qcom_reboot_reason(F) rtc_pm8xxx(F) spmi_pmic_arb(F) qcom_spmi_pmic(F) hwid(F) mi_power(F) qti_regmap_debugfs(F) arm_smmu(F) iommu_logger(F) qcom_iommu_util(F) stub_regulator(F) rpmh_regulator(F) qcom_cpucp(F) mpam(F) gh_cpusys_vm_mem_access(F) gic_intr_routing(F) crypto_qti(F) hwkm(F) tmecom_intf(F) qcom_cpu_vendor_hooks(F) pmic_pon_log(F) memory_dump_v2(F) qcom_wdt_core(F) dcc_v2(F) socinfo(F) mem_buf(F) mem_buf_msgq(F) mdt_loader(F) qcom_aoss(F) tcsrcc_pineapple(F) videocc_pineapple(F) gpucc_pineapple(F) camcc_pineapple(F) camcc_cliffs(F) gcc_volcano(F) gcc_pineapple(F) gcc_cliffs(F) dispcc_pineapple(F) clk_rpmh(F) clk_dummy(F) clk_qcom(F) gdsc_regulator(F) debug_regulator(F) proxy_consumer(F) pinctrl_volcano(F) pinctrl_cliffs(F) pinctrl_pineapple(F) pinctrl_msm(F) phy_qcom_ufs_qrbtc_sdm845(F) phy_qcom_ufs_qmp_v4_pineapple(F) phy_qcom_ufs(F) qcom_pdc(F) cpq(F) msm_performance(F) sched_penalty(F) sched_walt(F) mist(F) qcom_dcvs(F)
02-07 09:43:08.687     1     1 W         : dcvs_fp(F) qcom_rpmh(F) cmd_db(F) qcom_pmu_lib(F) qcom_llcc_pmu(F) qcom_scmi_client(F) qcom_scmi_vendor(F) qcom_cpufreq_hw(F) metis(F) mi_schedule(F) crm(F) qcom_ipc_logging(F) minidump(F) qcom_dma_heaps(F) msm_dma_iommu_mapping(F) mem_buf_dev(F) secure_buffer(F) qcom_scm(F) gh_rm_drv(F) gh_dbl(F) gh_msgq(F) debug_symbol(F) smem(F) qcom_hwspinlock(F) gh_arm_drv(F)
02-07 09:43:08.687     1     1 W         : CPU: 5 PID: 1 Comm: init Tainted: GFS      WC O       6.1.99-RealKing//v4+ #1
02-07 09:43:08.687     1     1 W Hardware name: Qualcomm Technologies, Inc. Peridot based on SM8635 (DT)
02-07 09:43:08.687     1     1 W pstate  : 22400005 (nzCv daif +PAN -UAO +TCO -DIT -SSBS BTYPE=--)
02-07 09:43:08.687     1     1 W pc      : ffs_func_bind+0x1c4/0xde8
02-07 09:43:08.687     1     1 W lr      : ffs_func_bind+0x18c/0xde8
02-07 09:43:08.687     1     1 W sp      : ffffffc00805b910
02-07 09:43:08.687     1     1 W         : x29: ffffffc00805b980 x28: dead000000000100 x27: ffffff8050fd4700
02-07 09:43:08.687     1     1 W         : x26: ffffff804f7394b0 x25: ffffff804f817120 x24: ffffff804f817120
02-07 09:43:08.687     1     1 W         : x23: 00000000ffffffb3 x22: ffffff804fe1cee8 x21: ffffff804fcacc00
02-07 09:43:08.687     1     1 W         : x20: ffffff804fe1ce38 x19: 0000000000000001 x18: ffffffd0300b1080
02-07 09:43:08.687     1     1 W         : x17: 00000000530de53c x16: 00000000530de53c x15: b400007dbf539481
02-07 09:43:08.687     1     1 W         : x14: ffffff8051ece880 x13: ffffff8051ece940 x12: 0000000000000000
02-07 09:43:08.687     1     1 W         : x11: 0000000000000000 x10: 0000000000000000 x9 : ffffff8020ce12c0
02-07 09:43:08.687     1     1 W         : x8 : 0000000000000003 x7 : 0000000000000000 x6 : 000000000000003f
02-07 09:43:08.687     1     1 W         : x5 : 0000000000000040 x4 : 0000000000000000 x3 : ffffff804f817168
02-07 09:43:08.687     1     1 W         : x2 : 0000000000000000 x1 : ffffff8020ce12c0 x0 : ffffff8020ce12c0
02-07 09:43:08.687     1     1 W Call trace:  
02-07 09:43:08.687     1     1 W         : ffs_func_bind+0x1c4/0xde8
02-07 09:43:08.687     1     1 W         : usb_add_function+0xc4/0x1b8
02-07 09:43:08.687     1     1 W         : configfs_composite_bind+0x278/0x488
02-07 09:43:08.687     1     1 W         : gadget_bind_driver+0x108/0x304
02-07 09:43:08.687     1     1 W         : really_probe+0x190/0x384
02-07 09:43:08.687     1     1 W         : __driver_probe_device+0xa0/0x12c
02-07 09:43:08.687     1     1 W         : driver_probe_device+0x44/0x210
02-07 09:43:08.687     1     1 W         : __driver_attach+0x108/0x1d4
02-07 09:43:08.687     1     1 W         : bus_for_each_dev+0x98/0xe8
02-07 09:43:08.687     1     1 W         : driver_attach+0x24/0x34
02-07 09:43:08.687     1     1 W         : bus_add_driver+0x10c/0x1fc
02-07 09:43:08.687     1     1 W         : driver_register+0x78/0x118
02-07 09:43:08.687     1     1 W         : usb_gadget_register_driver_owner+0x48/0xf0
02-07 09:43:08.687     1     1 W         : gadget_dev_desc_UDC_store+0xf4/0x140
02-07 09:43:08.687     1     1 W         : configfs_write_iter+0xec/0x134
02-07 09:43:08.687     1     1 W         : vfs_write+0x240/0x2d8
02-07 09:43:08.687     1     1 W         : ksys_write+0x78/0xe8
02-07 09:43:08.687     1     1 W         : __arm64_sys_write+0x1c/0x2c
02-07 09:43:08.687     1     1 W         : invoke_syscall+0x58/0x11c
02-07 09:43:08.687     1     1 W         : el0_svc_common+0xb4/0xf4
02-07 09:43:08.687     1     1 W         : do_el0_svc+0x2c/0xb0
02-07 09:43:08.687     1     1 W         : el0_svc+0x2c/0x90
02-07 09:43:08.687     1     1 W         : el0t_64_sync_handler+0x68/0xb4
02-07 09:43:08.687     1     1 W         : el0t_64_sync+0x1a4/0x1a8
02-07 09:43:08.687     1     1 W         : ---[ end trace 0000000000000000 ]---
02-07 09:43:08.687     1     1 E udc a600000.dwc3: failed to start g1: -77
02-07 09:43:08.687     1     1 W configfs-gadget.g1: probe of gadget.0 failed with error -77
02-07 09:43:08.687     1     1 W UDC core: g1: couldn't find an available UDC or it's busy
02-07 09:43:08.687     1     1 W         : ------------[ cut here ]------------
02-07 09:43:08.687     1     1 W         : WARNING: CPU: 5 PID: 1 at drivers/usb/gadget/function/f_fs.c:1872 ffs_func_bind+0x1c4/0xde8
02-07 09:43:08.687     1     1 W         : Modules linked in: swinfo(FO) msm_drm(FO) msm_mmrm(FO) msm_hw_fence(FO) sync_fence(FO) msm_ext_display(FO) hdcp_qseecom_dlkm(FO) debug_ext(FO) bootinfo(FO) smcinvoke_dlkm(FO) qrtr_mhi(F) qrtr_smd(F) snd_soc_hdmi_codec(F) snd_usb_audio_qmi(F) stm_ftrace(F) stm_heartbeat(F) stm_console(F) stm_p_ost(F) coresight_tpdm(F) coresight_tpda(F) coresight_hwevent(F) coresight_tgu(F) coresight_trace_noc(F) coresight_tmc_sec(F) coresight_remote_etm(F) coresight_dummy(F) coresight_cti(F) coresight_stm(F) stm_core(F) coresight_replicator(F) coresight_funnel(F) coresight_tmc(F) coresight_csr(F) coresight(F) qti_amoled_ecm(F) hwmon(F) slim_qcom_ngd_ctrl(F) slimbus(F) mtdoops(F) mtdblock(F) mtd_blkdevs(F) block2mtd(F) chipreg(F) ofpart(F) mtd(F) migt(F) millet_oem_cgroup(F) millet_sig(F) millet_binder(F) millet_hs(F) millet_pkg(F) millet_core(F) binder_gki(F) nvmem_qfprom(F) qti_glink_adc(F) qcom_spmi_adc5_gen3(F) qcom_vadc_common(F) gh_rm_booster(F) gh_irq_lend(F) gh_ctrl(F)
02-07 09:43:08.687     1     1 W         : glink_pkt(F) qcom_spss(F) mi_exception_log(FC) mi_log(FC) binder_prio(FC) proc_exit(FC) mi_mempool(FC) leds_qti_tri_led(F) leds_qti_flash(F) qcom_lpm(F) qcom_cpufreq_hw_debug(F) qcom_edac(F) mi_thermal_interface(F) gpu_dump_skip_cdev(F) thermal_config(F) msm_lmh_dcvs(F) max31760_fan(F) qti_userspace_cdev(F) ddr_cdev(F) cpu_voltage_cooling(F) qti_devfreq_cdev(F) qti_cpufreq_cdev(F) qti_qmi_sensor_v2(F) qti_qmi_cdev(F) bcl_soc(F) qcom_spmi_temp_alarm(F) qcom_pon(F) reboot_mode(F) qcom_dload_mode(F) ir_spi(F) i3c_master_msm_geni(F) i2c_msm_geni(F) mi_fp(F) si_haptic(F) aw8697_haptic(F) qcom_hv_haptics(F) qti_battery_charger(F) pm8941_pwrkey(F) nb7vpq904m(F) repeater_qti_pmic_eusb2(F) usb_f_gsi(F) usb_f_qdss(F) usb_f_ccid(F) usb_f_cdev(F) f_fs_ipc_log(F) dwc3_msm(F) redriver(F) phy_msm_snps_eusb2(F) repeater(F) phy_msm_ssusb_qmp(F) phy_qcom_emu(F) phy_generic(F) msm_sharedmem(F) spmi_pmic_arb_debug(F) spi_msm_geni(F) sg(F) qcom_i2c_pmic(F) qseecom_proxy(F)
02-07 09:43:08.687     1     1 W         : xiaomi_wifi_gpio(F) perf_helper(F) lt9611uxc(F) drm_display_helper(F) drm_dp_aux_bus(F) qcom_iommu_debug(F) xlogchar(F) rdbg(F) msm_geni_serial(F) hvc_gunyah(F) qti_ocp_notifier(F) qpnp_amoled_regulator(F) qti_fixed_regulator(F) qfprom_sys(F) health_monitor(F) dmesg_dumper(F) gh_panic_notifier(F) panel_event_notifier(F) adsp_sleepmon(F) qcom_q6v5_pas(F) qcom_pil_info(F) qcom_q6v5(F) qcom_sysmon(F) fsa4480_i2c(F) cdsprm(F) sysmon_subsystem_stats(F) wcd_usbss_i2c(F) ucsi_glink(F) sys_pm_vx(F) cpucp_log(F) dynpf_scmi(F) cpufreq_stats_scmi_v2(F) c1dcvs_scmi_v2(F) bwmon(F) memlat(F) qcom_ramdump(F) sps_drv(F) gh_tlmm_vm_mem_access(F) gh_mem_notifier(F) msm_show_epoch(F) mem_offline(F) hung_task_enh(F) qcom_logbuf_boot_log(F) qcom_logbuf_vendor_hooks(F) qcom_va_minidump(F) core_hang_detect(F) boot_stats(F) llcc_qcom(F) eud(F) qcom_stats(F) mem_hooks(F) pmic_glink_debug(F) altmode_glink(F) charger_ulog_glink(F) qti_battery_debug(F) pmic_glink(F) glink_probe(F)
02-07 09:43:08.687     1     1 W         : qcom_glink_spss(F) qsee_ipc_irq_bridge(F) smp2p_sleepstate(F) smp2p(F) msm_memshare(F) heap_mem_ext_v01(F) pdr_interface(F) qmi_helpers(F) qcom_cpuss_sleep_stats(F) msm_gpi(F) bam_dma(F) videocc_volcano(F) gpucc_volcano(F) gpucc_cliffs(F) debugcc_pineapple(F) debugcc_cliffs(F) pwm_qti_lpg(F) pinctrl_spmi_mpp(F) pinctrl_spmi_gpio(F) phy_qcom_ufs_qmp_v4(F) mhi_dev_satellite(F) mhi_dev_uci(F) mhi(F) pci_msm_drv(F) pcie_pdc(F) rproc_qcom_common(F) qcom_smd(F) qcom_glink_smem(F) qcom_glink(F) msm_show_resume_irq(F) msm_sysstats(F) qrtr_gunyah(F) qrtr(F) mpam_policy(F) mpam_arch(F) dump_display(F) ufs_ffu(F) mi_memory(F) icc_test(F) qnoc_pineapple(F) qnoc_volcano(F) qnoc_cliffs(F) qnoc_qos(F) icc_rpmh(F) icc_debug(F) icc_bcm_voter(F) nvmem_qcom_spmi_sdam(F) gunyah_qcom(F) gunyah_loader(F) gh_virt_wdt(F) msm_qmp(F) qcom_ipcc(F) ufs_qcom(F) ufshcd_crypto_qti(F) miev(FC) sdhci_msm(F) cqhci(F) cpu_hotplug(F) bcl_pmic5(F) thermal_pause(F) qcom_tsens(F)
02-07 09:43:08.687     1     1 W         : thermal_minidump(F) qcom_reboot_reason(F) rtc_pm8xxx(F) spmi_pmic_arb(F) qcom_spmi_pmic(F) hwid(F) mi_power(F) qti_regmap_debugfs(F) arm_smmu(F) iommu_logger(F) qcom_iommu_util(F) stub_regulator(F) rpmh_regulator(F) qcom_cpucp(F) mpam(F) gh_cpusys_vm_mem_access(F) gic_intr_routing(F) crypto_qti(F) hwkm(F) tmecom_intf(F) qcom_cpu_vendor_hooks(F) pmic_pon_log(F) memory_dump_v2(F) qcom_wdt_core(F) dcc_v2(F) socinfo(F) mem_buf(F) mem_buf_msgq(F) mdt_loader(F) qcom_aoss(F) tcsrcc_pineapple(F) videocc_pineapple(F) gpucc_pineapple(F) camcc_pineapple(F) camcc_cliffs(F) gcc_volcano(F) gcc_pineapple(F) gcc_cliffs(F) dispcc_pineapple(F) clk_rpmh(F) clk_dummy(F) clk_qcom(F) gdsc_regulator(F) debug_regulator(F) proxy_consumer(F) pinctrl_volcano(F) pinctrl_cliffs(F) pinctrl_pineapple(F) pinctrl_msm(F) phy_qcom_ufs_qrbtc_sdm845(F) phy_qcom_ufs_qmp_v4_pineapple(F) phy_qcom_ufs(F) qcom_pdc(F) cpq(F) msm_performance(F) sched_penalty(F) sched_walt(F) mist(F) qcom_dcvs(F)
02-07 09:43:08.687     1     1 W         : dcvs_fp(F) qcom_rpmh(F) cmd_db(F) qcom_pmu_lib(F) qcom_llcc_pmu(F) qcom_scmi_client(F) qcom_scmi_vendor(F) qcom_cpufreq_hw(F) metis(F) mi_schedule(F) crm(F) qcom_ipc_logging(F) minidump(F) qcom_dma_heaps(F) msm_dma_iommu_mapping(F) mem_buf_dev(F) secure_buffer(F) qcom_scm(F) gh_rm_drv(F) gh_dbl(F) gh_msgq(F) debug_symbol(F) smem(F) qcom_hwspinlock(F) gh_arm_drv(F)
02-07 09:43:08.687     1     1 W         : CPU: 5 PID: 1 Comm: init Tainted: GFS      WC O       6.1.99-RealKing//v4+ #1
02-07 09:43:08.687     1     1 W Hardware name: Qualcomm Technologies, Inc. Peridot based on SM8635 (DT)
02-07 09:43:08.687     1     1 W pstate  : 22400005 (nzCv daif +PAN -UAO +TCO -DIT -SSBS BTYPE=--)
02-07 09:43:08.687     1     1 W pc      : ffs_func_bind+0x1c4/0xde8
02-07 09:43:08.688     1     1 W lr      : ffs_func_bind+0x18c/0xde8
02-07 09:43:08.688     1     1 W sp      : ffffffc00805b910
02-07 09:43:08.688     1     1 W         : x29: ffffffc00805b980 x28: dead000000000100 x27: ffffff8050fd4700
02-07 09:43:08.688     1     1 W         : x26: ffffff804f7394b0 x25: ffffff804f817120 x24: ffffff804f817120
02-07 09:43:08.688     1     1 W         : x23: 00000000ffffffb3 x22: ffffff804fe1cee8 x21: ffffff804fcacc00
02-07 09:43:08.688     1     1 W         : x20: ffffff804fe1ce38 x19: 0000000000000001 x18: ffffffd0300b1080
02-07 09:43:08.688     1     1 W         : x17: 00000000530de53c x16: 00000000530de53c x15: b400007dbf539481
02-07 09:43:08.688     1     1 W         : x14: ffffff8051ece880 x13: ffffff8051ece7c0 x12: 0000000000000000
02-07 09:43:08.688     1     1 W         : x11: 0000000000000000 x10: 0000000000000000 x9 : ffffff8020ce12c0
02-07 09:43:08.688     1     1 W         : x8 : 0000000000000003 x7 : 0000000000000000 x6 : 000000000000003f
02-07 09:43:08.688     1     1 W         : x5 : 0000000000000040 x4 : 0000000000000000 x3 : ffffff804f817168
02-07 09:43:08.688     1     1 W         : x2 : 0000000000000000 x1 : ffffff8020ce12c0 x0 : ffffff8020ce12c0
02-07 09:43:08.688     1     1 W Call trace:  
02-07 09:43:08.688     1     1 W         : ffs_func_bind+0x1c4/0xde8
02-07 09:43:08.688     1     1 W         : usb_add_function+0xc4/0x1b8
02-07 09:43:08.688     1     1 W         : configfs_composite_bind+0x278/0x488
02-07 09:43:08.688     1     1 W         : gadget_bind_driver+0x108/0x304
02-07 09:43:08.688     1     1 W         : really_probe+0x190/0x384
02-07 09:43:08.688     1     1 W         : __driver_probe_device+0xa0/0x12c
02-07 09:43:08.688     1     1 W         : driver_probe_device+0x44/0x210
02-07 09:43:08.688     1     1 W         : __driver_attach+0x108/0x1d4
02-07 09:43:08.688     1     1 W         : bus_for_each_dev+0x98/0xe8
02-07 09:43:08.688     1     1 W         : driver_attach+0x24/0x34
02-07 09:43:08.688     1     1 W         : bus_add_driver+0x10c/0x1fc
02-07 09:43:08.688     1     1 W         : driver_register+0x78/0x118
02-07 09:43:08.688     1     1 W         : usb_gadget_register_driver_owner+0x48/0xf0
02-07 09:43:08.688     1     1 W         : gadget_dev_desc_UDC_store+0xf4/0x140
02-07 09:43:08.688     1     1 W         : configfs_write_iter+0xec/0x134
02-07 09:43:08.688     1     1 W         : vfs_write+0x240/0x2d8
02-07 09:43:08.688     1     1 W         : ksys_write+0x78/0xe8
02-07 09:43:08.688     1     1 W         : __arm64_sys_write+0x1c/0x2c
02-07 09:43:08.688     1     1 W         : invoke_syscall+0x58/0x11c
02-07 09:43:08.688     1     1 W         : el0_svc_common+0xb4/0xf4
02-07 09:43:08.688     1     1 W         : do_el0_svc+0x2c/0xb0
02-07 09:43:08.688     1     1 W         : el0_svc+0x2c/0x90
02-07 09:43:08.688     1     1 W         : el0t_64_sync_handler+0x68/0xb4
02-07 09:43:08.688     1     1 W         : el0t_64_sync+0x1a4/0x1a8
02-07 09:43:08.688     1     1 W         : ---[ end trace 0000000000000000 ]---
02-07 09:43:08.688     1     1 E udc a600000.dwc3: failed to start g1: -77
02-07 09:43:08.688     1     1 W configfs-gadget.g1: probe of gadget.0 failed with error -77
02-07 09:43:08.688     1     1 W UDC core: g1: couldn't find an available UDC or it's busy
11-20 15:13:24.415   447   447 I recovery: type=1400 audit(0.0:74): avc: denied { read } for name="modules" dev="proc" ino=4026532049 scontext=u:r:recovery:s0 tcontext=u:object_r:proc_modules:s0 tclass=file permissive=1
11-20 15:13:24.415   447   447 I recovery: type=1400 audit(0.0:75): avc: denied { open } for path="/proc/modules" dev="proc" ino=4026532049 scontext=u:r:recovery:s0 tcontext=u:object_r:proc_modules:s0 tclass=file permissive=1
11-20 15:13:24.415   447   447 I recovery: type=1400 audit(0.0:76): avc: denied { getattr } for path="/proc/modules" dev="proc" ino=4026532049 scontext=u:r:recovery:s0 tcontext=u:object_r:proc_modules:s0 tclass=file permissive=1
11-20 15:13:24.415   447   447 I recovery: type=1400 audit(0.0:77): avc: denied { mounton } for path="/vendor_dlkm/lib/modules" dev="dm-7" ino=1105056 scontext=u:r:recovery:s0 tcontext=u:object_r:vendor_file:s0 tclass=dir permissive=1
11-20 15:13:24.420   447   447 I recovery: Loading module /vendor/lib/modules/panel_event_notifier.ko with args ''
11-20 15:13:24.415   447   447 I recovery: type=1400 audit(0.0:78): avc: denied { sys_module } for capability=16 scontext=u:r:recovery:s0 tcontext=u:r:recovery:s0 tclass=capability permissive=1
11-20 15:13:24.415   447   447 I recovery: type=1400 audit(0.0:79): avc: denied { module_load } for path="/vendor_dlkm/lib/modules/panel_event_notifier.ko" dev="tmpfs" ino=169 scontext=u:r:recovery:s0 tcontext=u:object_r:tmpfs:s0 tclass=system permissive=1
11-20 15:13:24.420   447   447 I recovery: Loading module /vendor/lib/modules/qcom_glink.ko with args ''
11-20 15:13:24.421   447   447 I recovery: Loading module /vendor/lib/modules/qcom_glink_smem.ko with args ''
11-20 15:13:24.421   447   447 I recovery: Loading module /vendor/lib/modules/qcom_smd.ko with args ''
11-20 15:13:24.421   447   447 I recovery: Loading module /vendor/lib/modules/rproc_qcom_common.ko with args ''
11-20 15:13:24.421   447   447 I recovery: Loading module /vendor/lib/modules/qmi_helpers.ko with args ''
11-20 15:13:24.421   447   447 I recovery: Loading module /vendor/lib/modules/pdr_interface.ko with args ''
11-20 15:13:24.421   447   447 I recovery: Loading module /vendor/lib/modules/pmic_glink.ko with args ''
11-20 15:13:24.421   447   447 I recovery: Loading module /vendor/lib/modules/qti_battery_charger.ko with args ''
11-20 15:13:24.421   447   447 I recovery: Loading module /vendor/lib/modules/q6_pdr_dlkm.ko with args ''
11-20 15:13:24.422   447   447 I recovery: Loaded kernel module /vendor/lib/modules/q6_pdr_dlkm.ko
11-20 15:13:24.422   447   447 I recovery: Loading module /vendor/lib/modules/qcom_ramdump.ko with args ''
11-20 15:13:24.422   447   447 I recovery: Loading module /vendor/lib/modules/qcom_sysmon.ko with args ''
11-20 15:13:24.422   447   447 I recovery: Loading module /vendor/lib/modules/qcom_q6v5.ko with args ''
11-20 15:13:24.422   447   447 I recovery: Loading module /vendor/lib/modules/qcom_pil_info.ko with args ''
11-20 15:13:24.422   447   447 I recovery: Loading module /vendor/lib/modules/qcom_q6v5_pas.ko with args ''
11-20 15:13:24.423   447   447 I recovery: Loading module /vendor/lib/modules/q6_notifier_dlkm.ko with args ''
11-20 15:13:24.424   447   447 I recovery: Loaded kernel module /vendor/lib/modules/q6_notifier_dlkm.ko
11-20 15:13:24.424   447   447 I recovery: Loading module /vendor/lib/modules/snd_event_dlkm.ko with args ''
11-20 15:13:24.424   447   447 I recovery: Loaded kernel module /vendor/lib/modules/snd_event_dlkm.ko
11-20 15:13:24.424   447   447 I recovery: Loading module /vendor/lib/modules/gpr_dlkm.ko with args ''
11-20 15:13:24.425   447   447 I recovery: Loaded kernel module /vendor/lib/modules/gpr_dlkm.ko
11-20 15:13:24.425   447   447 I recovery: Loading module /vendor/lib/modules/spf_core_dlkm.ko with args ''
11-20 15:13:24.427   447   447 I recovery: Loaded kernel module /vendor/lib/modules/spf_core_dlkm.ko
11-20 15:13:24.427   447   447 I recovery: Loading module /vendor/lib/modules/adsp_loader_dlkm.ko with args ''
11-20 15:13:24.428   447   447 I recovery: Loaded kernel module /vendor/lib/modules/adsp_loader_dlkm.ko
02-07 09:43:09.021   447   447 E         : spf_core_platform_driver_probe
02-07 09:43:09.024   447   447 I EXT4-fs (dm-6): unmounting filesystem.
11-20 15:13:24.427   447   447 I recovery: type=1400 audit(0.0:80): avc: denied { ioctl } for path="/dev/block/dm-6" dev="tmpfs" ino=1056 ioctlcmd=0x5331 scontext=u:r:recovery:s0 tcontext=u:object_r:dm_device:s0 tclass=blk_file permissive=1
11-20 15:13:24.431   482   482 I ueventd : type=1400 audit(0.0:81): avc: denied { search } for name="/" dev="sde6" ino=1 scontext=u:r:ueventd:s0 tcontext=u:object_r:vfat:s0 tclass=dir permissive=1
02-07 09:43:09.031   343   343 I adsp-loader soc: qcom,msm-adsp-loader: adsp_load_fw: Load default ADSP
02-07 09:43:09.031   343   343 I adsp-loader soc: qcom,msm-adsp-loader: adsp_load_fw: Load default ADSP DTB
02-07 09:43:09.031   343   343 I remoteproc1: powering up 3000000.remoteproc-adsp
02-07 09:43:09.031   343   343 W remoteproc1: Direct firmware load for adsp.mdt failed with error -2
02-07 09:43:09.031   343   343 W remoteproc1: Falling back to sysfs fallback for: adsp.mdt
11-20 15:13:24.431   482   482 I ueventd : type=1400 audit(0.0:82): avc: denied { read } for name="adsp.mdt" dev="sde6" ino=1048597 scontext=u:r:ueventd:s0 tcontext=u:object_r:vfat:s0 tclass=file permissive=1
11-20 15:13:24.431   482   482 I ueventd : type=1400 audit(0.0:83): avc: denied { open } for path="/firmware/image/adsp.mdt" dev="sde6" ino=1048597 scontext=u:r:ueventd:s0 tcontext=u:object_r:vfat:s0 tclass=file permissive=1
11-20 15:13:24.431   482   482 I ueventd : type=1400 audit(0.0:84): avc: denied { getattr } for path="/firmware/image/adsp.mdt" dev="sde6" ino=1048597 scontext=u:r:ueventd:s0 tcontext=u:object_r:vfat:s0 tclass=file permissive=1
02-07 09:43:09.032   343   343 I remoteproc1: Booting fw image adsp.mdt, size 8204
02-07 09:43:09.033   343   343 W qcom_q6v5_pas 3000000.remoteproc-adsp: Direct firmware load for adsp_dtb.mdt failed with error -2
02-07 09:43:09.033   343   343 W qcom_q6v5_pas 3000000.remoteproc-adsp: Falling back to sysfs fallback for: adsp_dtb.mdt
02-07 09:43:09.033   482   482 I         : ueventd (482) used greatest stack depth: 12608 bytes left
02-07 09:43:09.034   343   343 W qcom_q6v5_pas 3000000.remoteproc-adsp: Direct firmware load for adsp_dtb.b02 failed with error -2
02-07 09:43:09.034   343   343 W qcom_q6v5_pas 3000000.remoteproc-adsp: Falling back to sysfs fallback for: adsp_dtb.b02
02-07 09:43:09.034   483   483 I         : ueventd (483) used greatest stack depth: 12560 bytes left
11-20 15:13:24.439   447   447 I recovery: type=1400 audit(0.0:85): avc: denied { ioctl } for path="/dev/block/dm-1" dev="tmpfs" ino=1041 ioctlcmd=0x5331 scontext=u:r:recovery:s0 tcontext=u:object_r:dm_device:s0 tclass=blk_file permissive=1
02-07 09:43:09.038   447   447 I EXT4-fs (dm-6): mounted filesystem without journal. Quota mode: none.
11-20 15:13:24.443   447   447 I recovery: type=1400 audit(0.0:86): avc: denied { write } for name="properties_serial" dev="tmpfs" ino=277 scontext=u:r:recovery:s0 tcontext=u:object_r:properties_serial:s0 tclass=file permissive=1
11-20 15:13:24.443   447   447 I recovery: type=1400 audit(0.0:87): avc: denied { write } for name="u:object_r:storage_config_prop:s0" dev="tmpfs" ino=225 scontext=u:r:recovery:s0 tcontext=u:object_r:storage_config_prop:s0 tclass=file permissive=1
11-20 15:13:24.443   447   447 I recovery: type=1400 audit(0.0:88): avc: denied { create } for name="additional.fstab" scontext=u:r:recovery:s0 tcontext=u:object_r:rootfs:s0 tclass=file permissive=1
02-07 09:43:09.042   447   447 I erofs   : (device dm-1): mounted with root inode @ nid 42.
11-20 15:13:24.443   447   447 I recovery: type=1400 audit(0.0:89): avc: denied { write } for path="/system/etc/additional.fstab" dev="rootfs" ino=4407 scontext=u:r:recovery:s0 tcontext=u:object_r:rootfs:s0 tclass=file permissive=1
11-20 15:13:24.447   447   447 I recovery: type=1400 audit(0.0:90): avc: denied { setattr } for name="additional.fstab" dev="rootfs" ino=4407 scontext=u:r:recovery:s0 tcontext=u:object_r:rootfs:s0 tclass=file permissive=1
02-07 09:43:09.050   343   343 I SELinux : Context u:object_r:vendor_firmware_file:s0 is not valid (left unmapped).
02-07 09:43:09.050   343   343 W qcom_q6v5_pas 3000000.remoteproc-adsp: Direct firmware load for adsp_dtb.b01 failed with error -2
02-07 09:43:09.050   343   343 W qcom_q6v5_pas 3000000.remoteproc-adsp: Falling back to sysfs fallback for: adsp_dtb.b01
11-20 15:13:24.451   488   488 I ueventd : type=1400 audit(0.0:91): avc: denied { search } for name="firmware" dev="dm-6" ino=1533 scontext=u:r:ueventd:s0 tcontext=u:object_r:unlabeled:s0 tclass=dir permissive=1 trawcon="u:object_r:vendor_firmware_file:s0"
02-07 09:43:09.052   488   488 I         : ueventd (488) used greatest stack depth: 11680 bytes left
02-07 09:43:09.054   343   343 W qcom_q6v5_pas 3000000.remoteproc-adsp: Direct firmware load for adsp.b54 failed with error -2
02-07 09:43:09.054   343   343 W qcom_q6v5_pas 3000000.remoteproc-adsp: Falling back to sysfs fallback for: adsp.b54
02-07 09:43:09.062   487   487 I         : find (487) used greatest stack depth: 11488 bytes left
02-07 09:43:09.063   447   447 I EXT4-fs (dm-6): unmounting filesystem.
02-07 09:43:09.071   343   343 W qcom_q6v5_pas 3000000.remoteproc-adsp: Direct firmware load for adsp.b01 failed with error -2
02-07 09:43:09.071   343   343 W qcom_q6v5_pas 3000000.remoteproc-adsp: Falling back to sysfs fallback for: adsp.b01
02-07 09:43:09.072   343   343 W qcom_q6v5_pas 3000000.remoteproc-adsp: Direct firmware load for adsp.b02 failed with error -2
02-07 09:43:09.072   343   343 W qcom_q6v5_pas 3000000.remoteproc-adsp: Falling back to sysfs fallback for: adsp.b02
02-07 09:43:09.073   343   343 W qcom_q6v5_pas 3000000.remoteproc-adsp: Direct firmware load for adsp.b03 failed with error -2
02-07 09:43:09.073   343   343 W qcom_q6v5_pas 3000000.remoteproc-adsp: Falling back to sysfs fallback for: adsp.b03
02-07 09:43:09.074   343   343 W qcom_q6v5_pas 3000000.remoteproc-adsp: Direct firmware load for adsp.b04 failed with error -2
02-07 09:43:09.074   343   343 W qcom_q6v5_pas 3000000.remoteproc-adsp: Falling back to sysfs fallback for: adsp.b04
02-07 09:43:09.075   343   343 W qcom_q6v5_pas 3000000.remoteproc-adsp: Direct firmware load for adsp.b05 failed with error -2
02-07 09:43:09.075   343   343 W qcom_q6v5_pas 3000000.remoteproc-adsp: Falling back to sysfs fallback for: adsp.b05
02-07 09:43:09.076   496   496 I         : ueventd (496) used greatest stack depth: 11344 bytes left
02-07 09:43:09.076   343   343 W qcom_q6v5_pas 3000000.remoteproc-adsp: Direct firmware load for adsp.b06 failed with error -2
02-07 09:43:09.076   343   343 W qcom_q6v5_pas 3000000.remoteproc-adsp: Falling back to sysfs fallback for: adsp.b06
02-07 09:43:09.077   343   343 W qcom_q6v5_pas 3000000.remoteproc-adsp: Direct firmware load for adsp.b07 failed with error -2
02-07 09:43:09.077   343   343 W qcom_q6v5_pas 3000000.remoteproc-adsp: Falling back to sysfs fallback for: adsp.b07
02-07 09:43:09.078   343   343 W qcom_q6v5_pas 3000000.remoteproc-adsp: Direct firmware load for adsp.b08 failed with error -2
02-07 09:43:09.078   343   343 W qcom_q6v5_pas 3000000.remoteproc-adsp: Falling back to sysfs fallback for: adsp.b08
02-07 09:43:09.079   343   343 W qcom_q6v5_pas 3000000.remoteproc-adsp: Direct firmware load for adsp.b09 failed with error -2
