11-20 15:14:56.649   442   805 W libc    : Unable to set property "ctl.interface_start" to "aidl/android.system.keystore2.IKeystoreService/default": error code: 0x20
11-20 15:14:56.649   442   805 I servicemanager: Tried to start aidl service android.system.keystore2.IKeystoreService/default as a lazy service, but was unable to. Usually this happens when a service is not installed, but if the service is intended to be used as a lazy service, then it may be configured incorrectly.
11-20 15:14:56.654     1     1 E init    : Control message: Could not find 'aidl/android.system.keystore2.IKeystoreService/default' for ctl.interface_start from pid: 442 (/system/bin/servicemanager)
11-20 15:14:56.720   573   573 I [THP-HAL]: file_access_and_open:err open /dev/xiaomi-touch failed, retry!
11-20 15:14:57.023    78    78 E BATTERY_CHG: handle_message: [ADSP] fg_update_status:: ssoc: 19, rsoc: 18, raw_soc: 1771, vbat: 3739, ibat: -260, ffc: 0, btemp: 353, brm: 841, bfcc: 4748, bcc: 157, fcc: BattAuth-2000, icl: chg_det-500
11-20 15:14:57.649   447   447 W ServiceManager: Waited one second for android.system.keystore2.IKeystoreService/default (is service started? are binder threads started and available?)
11-20 15:14:57.649   442   442 I servicemanager: Since 'android.system.keystore2.IKeystoreService/default' could not be found, trying to start it as a lazy AIDL service
11-20 15:14:57.649   442   806 W libc    : Unable to set property "ctl.interface_start" to "aidl/android.system.keystore2.IKeystoreService/default": error code: 0x20
11-20 15:14:57.649   442   806 I servicemanager: Tried to start aidl service android.system.keystore2.IKeystoreService/default as a lazy service, but was unable to. Usually this happens when a service is not installed, but if the service is intended to be used as a lazy service, then it may be configured incorrectly.
11-20 15:14:57.654     1     1 E init    : Control message: Could not find 'aidl/android.system.keystore2.IKeystoreService/default' for ctl.interface_start from pid: 442 (/system/bin/servicemanager)
11-20 15:14:58.649   447   447 W ServiceManager: Waited one second for android.system.keystore2.IKeystoreService/default (is service started? are binder threads started and available?)
11-20 15:14:58.649   442   442 I servicemanager: Since 'android.system.keystore2.IKeystoreService/default' could not be found, trying to start it as a lazy AIDL service
11-20 15:14:58.649   442   807 W libc    : Unable to set property "ctl.interface_start" to "aidl/android.system.keystore2.IKeystoreService/default": error code: 0x20
11-20 15:14:58.649   442   807 I servicemanager: Tried to start aidl service android.system.keystore2.IKeystoreService/default as a lazy service, but was unable to. Usually this happens when a service is not installed, but if the service is intended to be used as a lazy service, then it may be configured incorrectly.
11-20 15:14:58.654     1     1 E init    : Control message: Could not find 'aidl/android.system.keystore2.IKeystoreService/default' for ctl.interface_start from pid: 442 (/system/bin/servicemanager)
11-20 15:14:58.671   113   113 E BATTERY_CHG: xm_batt_update_work: batt_update_work: batt_temp:35300 blank_state:0,interval:10,soc:19
11-20 15:14:59.403   799   800 W ServiceManager: Service android.hardware.security.sharedsecret.ISharedSecret/default didn't start. Returning NULL
11-20 15:14:59.403   799   800 W keystore2: keystore2::shared_secret_negotiation: Unable to connect "android.hardware.security.sharedsecret.ISharedSecret/default" with error:
11-20 15:14:59.403   799   800 W keystore2: BinderTransaction(NAME_NOT_FOUND)
11-20 15:14:59.403   799   800 W keystore2: Retrying later.
11-20 15:14:59.403   799   799 W ServiceManager: Service android.hardware.security.keymint.IKeyMintDevice/default didn't start. Returning NULL
11-20 15:14:59.403   799   799 E keystore2: keystore2_main: panicked at 'Failed to create service android.system.keystore2.IKeystoreService/default because of In KeystoreService::new_native_binder: Trying to construct mandatory security level TEE.
11-20 15:14:59.403   799   799 E keystore2: 
11-20 15:14:59.403   799   799 E keystore2: Caused by:
11-20 15:14:59.403   799   799 E keystore2:     0: In KeystoreSecurityLevel::new_native_binder.
11-20 15:14:59.403   799   799 E keystore2:     1: In get_keymint_device.
11-20 15:14:59.403   799   799 E keystore2:     2: In connect_keymint: Trying to connect to genuine KeyMint service.
11-20 15:14:59.403   799   799 E keystore2:     3: Binder transaction error NAME_NOT_FOUND.', system/security/keystore2/src/keystore2_main.rs:82:9
11-20 15:14:59.403   799   799 F libc    : Fatal signal 6 (SIGABRT), code -1 (SI_QUEUE) in tid 799 (Binder:799_2), pid 799 (Binder:799_2)
11-20 15:14:59.405   810   810 F linker  : CANNOT LINK EXECUTABLE "crash_dump64": library "libprocinfo.so" not found: needed by main executable
11-20 15:14:59.405   799   799 F libc    : crash_dump helper failed to exec, or was killed
11-20 15:14:59.411     1     1 I init    : Service 'keystore2' (pid 799) received signal 6
11-20 15:14:59.411     1     1 I init    : Sending signal 9 to service 'keystore2' (pid 799) process group...
11-20 15:14:59.411     1     1 I libprocessgroup: Successfully killed process cgroup uid 0 pid 799 in 0ms
11-20 15:14:59.411     1     1 I init    : starting service 'keystore2'...
11-20 15:14:59.412   811   811 E init    : failed to write pid to files: couldn't write 811 to /dev/cpuset/foreground/tasks: No such file or directory
11-20 15:14:59.418   811   811 I keystore2: keystore2_main: Keystore2 is starting.
11-20 15:14:59.419   811   811 I keystore2: keystore2_main: Starting thread pool now.
11-20 15:14:59.419   811   812 I keystore2: getDeviceHalManifest: Reading VINTF information.
11-20 15:14:59.419   811   812 I keystore2: getDeviceHalManifest: Successfully processed VINTF information
11-20 15:14:59.420   811   812 I ServiceManager: Waiting for service 'android.hardware.security.sharedsecret.ISharedSecret/default' on '/dev/binder'...
11-20 15:14:59.420   811   811 I ServiceManager: Waiting for service 'android.hardware.security.keymint.IKeyMintDevice/default' on '/dev/binder'...
11-20 15:14:59.649   447   447 W ServiceManager: Waited one second for android.system.keystore2.IKeystoreService/default (is service started? are binder threads started and available?)
11-20 15:14:59.649   442   442 I servicemanager: Since 'android.system.keystore2.IKeystoreService/default' could not be found, trying to start it as a lazy AIDL service
11-20 15:14:59.650   442   815 W libc    : Unable to set property "ctl.interface_start" to "aidl/android.system.keystore2.IKeystoreService/default": error code: 0x20
11-20 15:14:59.650   442   815 I servicemanager: Tried to start aidl service android.system.keystore2.IKeystoreService/default as a lazy service, but was unable to. Usually this happens when a service is not installed, but if the service is intended to be used as a lazy service, then it may be configured incorrectly.
11-20 15:14:59.655     1     1 E init    : Control message: Could not find 'aidl/android.system.keystore2.IKeystoreService/default' for ctl.interface_start from pid: 442 (/system/bin/servicemanager)
11-20 15:15:00.649   447   447 W ServiceManager: Waited one second for android.system.keystore2.IKeystoreService/default (is service started? are binder threads started and available?)
11-20 15:15:00.650   442   442 I servicemanager: Since 'android.system.keystore2.IKeystoreService/default' could not be found, trying to start it as a lazy AIDL service
11-20 15:15:00.650   442   816 W libc    : Unable to set property "ctl.interface_start" to "aidl/android.system.keystore2.IKeystoreService/default": error code: 0x20
11-20 15:15:00.650   442   816 I servicemanager: Tried to start aidl service android.system.keystore2.IKeystoreService/default as a lazy service, but was unable to. Usually this happens when a service is not installed, but if the service is intended to be used as a lazy service, then it may be configured incorrectly.
11-20 15:15:00.655     1     1 E init    : Control message: Could not find 'aidl/android.system.keystore2.IKeystoreService/default' for ctl.interface_start from pid: 442 (/system/bin/servicemanager)
11-20 15:15:01.650   447   447 W ServiceManager: Waited one second for android.system.keystore2.IKeystoreService/default (is service started? are binder threads started and available?)
11-20 15:15:01.650   442   442 I servicemanager: Since 'android.system.keystore2.IKeystoreService/default' could not be found, trying to start it as a lazy AIDL service
11-20 15:15:01.650   442   817 W libc    : Unable to set property "ctl.interface_start" to "aidl/android.system.keystore2.IKeystoreService/default": error code: 0x20
11-20 15:15:01.655     1     1 E init    : Control message: Could not find 'aidl/android.system.keystore2.IKeystoreService/default' for ctl.interface_start from pid: 442 (/system/bin/servicemanager)
11-20 15:15:01.650   442   817 I servicemanager: Tried to start aidl service android.system.keystore2.IKeystoreService/default as a lazy service, but was unable to. Usually this happens when a service is not installed, but if the service is intended to be used as a lazy service, then it may be configured incorrectly.
11-20 15:15:01.724   573   573 I [THP-HAL]: file_access_and_open:err open /dev/xiaomi-touch failed, retry!
11-20 15:15:02.650   447   447 W ServiceManager: Waited one second for android.system.keystore2.IKeystoreService/default (is service started? are binder threads started and available?)
11-20 15:15:02.650   442   442 I servicemanager: Since 'android.system.keystore2.IKeystoreService/default' could not be found, trying to start it as a lazy AIDL service
11-20 15:15:02.650   442   818 W libc    : Unable to set property "ctl.interface_start" to "aidl/android.system.keystore2.IKeystoreService/default": error code: 0x20
11-20 15:15:02.650   442   818 I servicemanager: Tried to start aidl service android.system.keystore2.IKeystoreService/default as a lazy service, but was unable to. Usually this happens when a service is not installed, but if the service is intended to be used as a lazy service, then it may be configured incorrectly.
11-20 15:15:02.655     1     1 E init    : Control message: Could not find 'aidl/android.system.keystore2.IKeystoreService/default' for ctl.interface_start from pid: 442 (/system/bin/servicemanager)
11-20 15:15:03.650   447   447 W ServiceManager: Waited one second for android.system.keystore2.IKeystoreService/default (is service started? are binder threads started and available?)
11-20 15:15:03.650   442   442 I servicemanager: Since 'android.system.keystore2.IKeystoreService/default' could not be found, trying to start it as a lazy AIDL service
11-20 15:15:03.650   442   819 W libc    : Unable to set property "ctl.interface_start" to "aidl/android.system.keystore2.IKeystoreService/default": error code: 0x20
11-20 15:15:03.650   442   819 I servicemanager: Tried to start aidl service android.system.keystore2.IKeystoreService/default as a lazy service, but was unable to. Usually this happens when a service is not installed, but if the service is intended to be used as a lazy service, then it may be configured incorrectly.
11-20 15:15:03.655     1     1 E init    : Control message: Could not find 'aidl/android.system.keystore2.IKeystoreService/default' for ctl.interface_start from pid: 442 (/system/bin/servicemanager)
11-20 15:15:04.425   811   812 W ServiceManager: Service android.hardware.security.sharedsecret.ISharedSecret/default didn't start. Returning NULL
11-20 15:15:04.425   811   812 W keystore2: keystore2::shared_secret_negotiation: Unable to connect "android.hardware.security.sharedsecret.ISharedSecret/default" with error:
11-20 15:15:04.425   811   812 W keystore2: BinderTransaction(NAME_NOT_FOUND)
11-20 15:15:04.425   811   812 W keystore2: Retrying later.
11-20 15:15:04.425   811   811 W ServiceManager: Service android.hardware.security.keymint.IKeyMintDevice/default didn't start. Returning NULL
11-20 15:15:04.425   811   811 E keystore2: keystore2_main: panicked at 'Failed to create service android.system.keystore2.IKeystoreService/default because of In KeystoreService::new_native_binder: Trying to construct mandatory security level TEE.
11-20 15:15:04.425   811   811 E keystore2: 
11-20 15:15:04.425   811   811 E keystore2: Caused by:
11-20 15:15:04.425   811   811 E keystore2:     0: In KeystoreSecurityLevel::new_native_binder.
11-20 15:15:04.425   811   811 E keystore2:     1: In get_keymint_device.
11-20 15:15:04.425   811   811 E keystore2:     2: In connect_keymint: Trying to connect to genuine KeyMint service.
11-20 15:15:04.425   811   811 E keystore2:     3: Binder transaction error NAME_NOT_FOUND.', system/security/keystore2/src/keystore2_main.rs:82:9
11-20 15:15:04.425   811   811 F libc    : Fatal signal 6 (SIGABRT), code -1 (SI_QUEUE) in tid 811 (Binder:811_2), pid 811 (Binder:811_2)
11-20 15:15:04.427   822   822 F linker  : CANNOT LINK EXECUTABLE "crash_dump64": library "libprocinfo.so" not found: needed by main executable
11-20 15:15:04.427   811   811 F libc    : crash_dump helper failed to exec, or was killed
11-20 15:15:04.433     1     1 I init    : Service 'keystore2' (pid 811) received signal 6
11-20 15:15:04.433     1     1 I init    : Sending signal 9 to service 'keystore2' (pid 811) process group...
11-20 15:15:04.433     1     1 I libprocessgroup: Successfully killed process cgroup uid 0 pid 811 in 0ms
11-20 15:15:04.433     1     1 I init    : starting service 'keystore2'...
11-20 15:15:04.434   823   823 E init    : failed to write pid to files: couldn't write 823 to /dev/cpuset/foreground/tasks: No such file or directory
11-20 15:15:04.440   823   823 I keystore2: keystore2_main: Keystore2 is starting.
11-20 15:15:04.440   823   823 I keystore2: keystore2_main: Starting thread pool now.
11-20 15:15:04.440   823   824 I keystore2: getDeviceHalManifest: Reading VINTF information.
11-20 15:15:04.441   823   824 I keystore2: getDeviceHalManifest: Successfully processed VINTF information
11-20 15:15:04.441   823   824 I ServiceManager: Waiting for service 'android.hardware.security.sharedsecret.ISharedSecret/default' on '/dev/binder'...
11-20 15:15:04.441   823   823 I ServiceManager: Waiting for service 'android.hardware.security.keymint.IKeyMintDevice/default' on '/dev/binder'...
11-20 15:15:04.650   447   447 W ServiceManager: Waited one second for android.system.keystore2.IKeystoreService/default (is service started? are binder threads started and available?)
11-20 15:15:04.650   442   442 I servicemanager: Since 'android.system.keystore2.IKeystoreService/default' could not be found, trying to start it as a lazy AIDL service
11-20 15:15:04.651   442   827 W libc    : Unable to set property "ctl.interface_start" to "aidl/android.system.keystore2.IKeystoreService/default": error code: 0x20
11-20 15:15:04.651   442   827 I servicemanager: Tried to start aidl service android.system.keystore2.IKeystoreService/default as a lazy service, but was unable to. Usually this happens when a service is not installed, but if the service is intended to be used as a lazy service, then it may be configured incorrectly.
11-20 15:15:04.656     1     1 E init    : Control message: Could not find 'aidl/android.system.keystore2.IKeystoreService/default' for ctl.interface_start from pid: 442 (/system/bin/servicemanager)
11-20 15:15:04.808   344   344 E BATTERY_CHG: xm_charger_debug_info_print_work: usb_present: 1
11-20 15:15:04.813   344   344 E BATTERY_CHG: xm_charger_debug_info_print_work: chg_type= Unknown tl:= 0  ffc:= 0, pd_verifed:= 0, FG_VENDOR_ID:= 2
11-20 15:15:04.815   344   344 E BATTERY_CHG: xm_charger_debug_info_print_work: vbus_vol_uv: 5033000, ibus_ua: 456000
11-20 15:15:05.651   447   447 W ServiceManager: Waited one second for android.system.keystore2.IKeystoreService/default (is service started? are binder threads started and available?)
11-20 15:15:05.651   442   442 I servicemanager: Since 'android.system.keystore2.IKeystoreService/default' could not be found, trying to start it as a lazy AIDL service
11-20 15:15:05.651   442   828 W libc    : Unable to set property "ctl.interface_start" to "aidl/android.system.keystore2.IKeystoreService/default": error code: 0x20
11-20 15:15:05.651   442   828 I servicemanager: Tried to start aidl service android.system.keystore2.IKeystoreService/default as a lazy service, but was unable to. Usually this happens when a service is not installed, but if the service is intended to be used as a lazy service, then it may be configured incorrectly.
11-20 15:15:05.656     1     1 E init    : Control message: Could not find 'aidl/android.system.keystore2.IKeystoreService/default' for ctl.interface_start from pid: 442 (/system/bin/servicemanager)
11-20 15:15:06.651   447   447 W ServiceManager: Waited one second for android.system.keystore2.IKeystoreService/default (is service started? are binder threads started and available?)
11-20 15:15:06.651   442   442 I servicemanager: Since 'android.system.keystore2.IKeystoreService/default' could not be found, trying to start it as a lazy AIDL service
11-20 15:15:06.651   442   829 W libc    : Unable to set property "ctl.interface_start" to "aidl/android.system.keystore2.IKeystoreService/default": error code: 0x20
11-20 15:15:06.651   442   829 I servicemanager: Tried to start aidl service android.system.keystore2.IKeystoreService/default as a lazy service, but was unable to. Usually this happens when a service is not installed, but if the service is intended to be used as a lazy service, then it may be configured incorrectly.
11-20 15:15:06.656     1     1 E init    : Control message: Could not find 'aidl/android.system.keystore2.IKeystoreService/default' for ctl.interface_start from pid: 442 (/system/bin/servicemanager)
11-20 15:15:06.729   573   573 I [THP-HAL]: file_access_and_open:err open /dev/xiaomi-touch failed, retry!
11-20 15:15:07.044    78    78 E BATTERY_CHG: handle_message: [ADSP] fg_update_status:: ssoc: 19, rsoc: 18, raw_soc: 1771, vbat: 3739, ibat: -260, ffc: 0, btemp: 353, brm: 841, bfcc: 4748, bcc: 157, fcc: BattAuth-2000, icl: chg_det-500
11-20 15:15:07.651   447   447 W ServiceManager: Waited one second for android.system.keystore2.IKeystoreService/default (is service started? are binder threads started and available?)
11-20 15:15:07.651   442   442 I servicemanager: Since 'android.system.keystore2.IKeystoreService/default' could not be found, trying to start it as a lazy AIDL service
11-20 15:15:07.651   442   830 W libc    : Unable to set property "ctl.interface_start" to "aidl/android.system.keystore2.IKeystoreService/default": error code: 0x20
11-20 15:15:07.652   442   830 I servicemanager: Tried to start aidl service android.system.keystore2.IKeystoreService/default as a lazy service, but was unable to. Usually this happens when a service is not installed, but if the service is intended to be used as a lazy service, then it may be configured incorrectly.
11-20 15:15:07.657     1     1 E init    : Control message: Could not find 'aidl/android.system.keystore2.IKeystoreService/default' for ctl.interface_start from pid: 442 (/system/bin/servicemanager)
11-20 15:15:08.651   447   447 W ServiceManager: Waited one second for android.system.keystore2.IKeystoreService/default (is service started? are binder threads started and available?)
11-20 15:15:08.651   442   442 I servicemanager: Since 'android.system.keystore2.IKeystoreService/default' could not be found, trying to start it as a lazy AIDL service
11-20 15:15:08.652   442   831 W libc    : Unable to set property "ctl.interface_start" to "aidl/android.system.keystore2.IKeystoreService/default": error code: 0x20
11-20 15:15:08.652   442   831 I servicemanager: Tried to start aidl service android.system.keystore2.IKeystoreService/default as a lazy service, but was unable to. Usually this happens when a service is not installed, but if the service is intended to be used as a lazy service, then it may be configured incorrectly.
11-20 15:15:08.657     1     1 E init    : Control message: Could not find 'aidl/android.system.keystore2.IKeystoreService/default' for ctl.interface_start from pid: 442 (/system/bin/servicemanager)
11-20 15:15:08.911   113   113 E BATTERY_CHG: xm_batt_update_work: batt_update_work: batt_temp:35300 blank_state:0,interval:10,soc:19
11-20 15:15:09.446   823   823 W ServiceManager: Service android.hardware.security.keymint.IKeyMintDevice/default didn't start. Returning NULL
11-20 15:15:09.446   823   823 E keystore2: keystore2_main: panicked at 'Failed to create service android.system.keystore2.IKeystoreService/default because of In KeystoreService::new_native_binder: Trying to construct mandatory security level TEE.
11-20 15:15:09.446   823   823 E keystore2: 
11-20 15:15:09.446   823   823 E keystore2: Caused by:
11-20 15:15:09.446   823   823 E keystore2:     0: In KeystoreSecurityLevel::new_native_binder.
11-20 15:15:09.446   823   823 E keystore2:     1: In get_keymint_device.
11-20 15:15:09.446   823   823 E keystore2:     2: In connect_keymint: Trying to connect to genuine KeyMint service.
11-20 15:15:09.446   823   823 E keystore2:     3: Binder transaction error NAME_NOT_FOUND.', system/security/keystore2/src/keystore2_main.rs:82:9
11-20 15:15:09.446   823   824 W ServiceManager: Service android.hardware.security.sharedsecret.ISharedSecret/default didn't start. Returning NULL
11-20 15:15:09.446   823   824 W keystore2: keystore2::shared_secret_negotiation: Unable to connect "android.hardware.security.sharedsecret.ISharedSecret/default" with error:
11-20 15:15:09.446   823   824 W keystore2: BinderTransaction(NAME_NOT_FOUND)
11-20 15:15:09.446   823   824 W keystore2: Retrying later.
11-20 15:15:09.446   823   823 F libc    : Fatal signal 6 (SIGABRT), code -1 (SI_QUEUE) in tid 823 (Binder:823_2), pid 823 (Binder:823_2)
11-20 15:15:09.448   834   834 F linker  : CANNOT LINK EXECUTABLE "crash_dump64": library "libprocinfo.so" not found: needed by main executable
11-20 15:15:09.448   823   823 F libc    : crash_dump helper failed to exec, or was killed
11-20 15:15:09.454     1     1 I init    : Service 'keystore2' (pid 823) received signal 6
11-20 15:15:09.454     1     1 I init    : Sending signal 9 to service 'keystore2' (pid 823) process group...
11-20 15:15:09.454     1     1 I libprocessgroup: Successfully killed process cgroup uid 0 pid 823 in 0ms
11-20 15:15:09.455     1     1 I init    : starting service 'keystore2'...
11-20 15:15:09.456   835   835 E init    : failed to write pid to files: couldn't write 835 to /dev/cpuset/foreground/tasks: No such file or directory
11-20 15:15:09.462   835   835 I keystore2: keystore2_main: Keystore2 is starting.
11-20 15:15:09.463   835   835 I keystore2: keystore2_main: Starting thread pool now.
11-20 15:15:09.463   835   835 I keystore2: getDeviceHalManifest: Reading VINTF information.
11-20 15:15:09.464   835   835 I keystore2: getDeviceHalManifest: Successfully processed VINTF information
11-20 15:15:09.464   835   835 I ServiceManager: Waiting for service 'android.hardware.security.keymint.IKeyMintDevice/default' on '/dev/binder'...
11-20 15:15:09.464   835   836 I ServiceManager: Waiting for service 'android.hardware.security.sharedsecret.ISharedSecret/default' on '/dev/binder'...
11-20 15:15:09.652   447   447 W ServiceManager: Waited one second for android.system.keystore2.IKeystoreService/default (is service started? are binder threads started and available?)
11-20 15:15:09.652   442   442 I servicemanager: Since 'android.system.keystore2.IKeystoreService/default' could not be found, trying to start it as a lazy AIDL service
11-20 15:15:09.652   442   839 W libc    : Unable to set property "ctl.interface_start" to "aidl/android.system.keystore2.IKeystoreService/default": error code: 0x20
11-20 15:15:09.652   442   839 I servicemanager: Tried to start aidl service android.system.keystore2.IKeystoreService/default as a lazy service, but was unable to. Usually this happens when a service is not installed, but if the service is intended to be used as a lazy service, then it may be configured incorrectly.
11-20 15:15:09.657     1     1 E init    : Control message: Could not find 'aidl/android.system.keystore2.IKeystoreService/default' for ctl.interface_start from pid: 442 (/system/bin/servicemanager)
11-20 15:15:10.652   447   447 W ServiceManager: Waited one second for android.system.keystore2.IKeystoreService/default (is service started? are binder threads started and available?)
11-20 15:15:10.652   442   442 I servicemanager: Since 'android.system.keystore2.IKeystoreService/default' could not be found, trying to start it as a lazy AIDL service
11-20 15:15:10.652   442   840 W libc    : Unable to set property "ctl.interface_start" to "aidl/android.system.keystore2.IKeystoreService/default": error code: 0x20
11-20 15:15:10.652   442   840 I servicemanager: Tried to start aidl service android.system.keystore2.IKeystoreService/default as a lazy service, but was unable to. Usually this happens when a service is not installed, but if the service is intended to be used as a lazy service, then it may be configured incorrectly.
11-20 15:15:10.657     1     1 E init    : Control message: Could not find 'aidl/android.system.keystore2.IKeystoreService/default' for ctl.interface_start from pid: 442 (/system/bin/servicemanager)
11-20 15:15:11.652   447   447 W ServiceManager: Waited one second for android.system.keystore2.IKeystoreService/default (is service started? are binder threads started and available?)
11-20 15:15:11.652   442   442 I servicemanager: Since 'android.system.keystore2.IKeystoreService/default' could not be found, trying to start it as a lazy AIDL service
11-20 15:15:11.653   442   841 W libc    : Unable to set property "ctl.interface_start" to "aidl/android.system.keystore2.IKeystoreService/default": error code: 0x20
11-20 15:15:11.658     1     1 E init    : Control message: Could not find 'aidl/android.system.keystore2.IKeystoreService/default' for ctl.interface_start from pid: 442 (/system/bin/servicemanager)
11-20 15:15:11.653   442   841 I servicemanager: Tried to start aidl service android.system.keystore2.IKeystoreService/default as a lazy service, but was unable to. Usually this happens when a service is not installed, but if the service is intended to be used as a lazy service, then it may be configured incorrectly.
11-20 15:15:11.733   573   573 I [THP-HAL]: file_access_and_open:err open /dev/xiaomi-touch failed, retry!
11-20 15:15:12.652   447   447 W ServiceManager: Waited one second for android.system.keystore2.IKeystoreService/default (is service started? are binder threads started and available?)
11-20 15:15:12.653   442   442 I servicemanager: Since 'android.system.keystore2.IKeystoreService/default' could not be found, trying to start it as a lazy AIDL service
11-20 15:15:12.653   442   842 W libc    : Unable to set property "ctl.interface_start" to "aidl/android.system.keystore2.IKeystoreService/default": error code: 0x20
11-20 15:15:12.653   442   842 I servicemanager: Tried to start aidl service android.system.keystore2.IKeystoreService/default as a lazy service, but was unable to. Usually this happens when a service is not installed, but if the service is intended to be used as a lazy service, then it may be configured incorrectly.
11-20 15:15:12.658     1     1 E init    : Control message: Could not find 'aidl/android.system.keystore2.IKeystoreService/default' for ctl.interface_start from pid: 442 (/system/bin/servicemanager)
11-20 15:15:13.653   447   447 W ServiceManager: Waited one second for android.system.keystore2.IKeystoreService/default (is service started? are binder threads started and available?)
11-20 15:15:13.653   442   442 I servicemanager: Since 'android.system.keystore2.IKeystoreService/default' could not be found, trying to start it as a lazy AIDL service
11-20 15:15:13.653   442   843 W libc    : Unable to set property "ctl.interface_start" to "aidl/android.system.keystore2.IKeystoreService/default": error code: 0x20
11-20 15:15:13.653   442   843 I servicemanager: Tried to start aidl service android.system.keystore2.IKeystoreService/default as a lazy service, but was unable to. Usually this happens when a service is not installed, but if the service is intended to be used as a lazy service, then it may be configured incorrectly.
11-20 15:15:13.658     1     1 E init    : Control message: Could not find 'aidl/android.system.keystore2.IKeystoreService/default' for ctl.interface_start from pid: 442 (/system/bin/servicemanager)
11-20 15:15:14.469   835   836 W ServiceManager: Service android.hardware.security.sharedsecret.ISharedSecret/default didn't start. Returning NULL
11-20 15:15:14.469   835   836 W keystore2: keystore2::shared_secret_negotiation: Unable to connect "android.hardware.security.sharedsecret.ISharedSecret/default" with error:
11-20 15:15:14.469   835   836 W keystore2: BinderTransaction(NAME_NOT_FOUND)
11-20 15:15:14.469   835   836 W keystore2: Retrying later.
11-20 15:15:14.469   835   835 W ServiceManager: Service android.hardware.security.keymint.IKeyMintDevice/default didn't start. Returning NULL
11-20 15:15:14.469   835   835 E keystore2: keystore2_main: panicked at 'Failed to create service android.system.keystore2.IKeystoreService/default because of In KeystoreService::new_native_binder: Trying to construct mandatory security level TEE.
11-20 15:15:14.469   835   835 E keystore2: 
11-20 15:15:14.469   835   835 E keystore2: Caused by:
11-20 15:15:14.469   835   835 E keystore2:     0: In KeystoreSecurityLevel::new_native_binder.
11-20 15:15:14.469   835   835 E keystore2:     1: In get_keymint_device.
11-20 15:15:14.469   835   835 E keystore2:     2: In connect_keymint: Trying to connect to genuine KeyMint service.
11-20 15:15:14.469   835   835 E keystore2:     3: Binder transaction error NAME_NOT_FOUND.', system/security/keystore2/src/keystore2_main.rs:82:9
11-20 15:15:14.470   835   835 F libc    : Fatal signal 6 (SIGABRT), code -1 (SI_QUEUE) in tid 835 (Binder:835_2), pid 835 (Binder:835_2)
11-20 15:15:14.471   845   845 F linker  : CANNOT LINK EXECUTABLE "crash_dump64": library "libprocinfo.so" not found: needed by main executable
11-20 15:15:14.472   835   835 F libc    : crash_dump helper failed to exec, or was killed
11-20 15:15:14.477     1     1 I init    : Service 'keystore2' (pid 835) received signal 6
11-20 15:15:14.477     1     1 I init    : Sending signal 9 to service 'keystore2' (pid 835) process group...
11-20 15:15:14.477     1     1 I libprocessgroup: Successfully killed process cgroup uid 0 pid 835 in 0ms
11-20 15:15:14.478     1     1 I init    : starting service 'keystore2'...
11-20 15:15:14.479   846   846 E init    : failed to write pid to files: couldn't write 846 to /dev/cpuset/foreground/tasks: No such file or directory
11-20 15:15:14.485   846   846 I keystore2: keystore2_main: Keystore2 is starting.
11-20 15:15:14.485   846   846 I keystore2: keystore2_main: Starting thread pool now.
11-20 15:15:14.486   846   846 I keystore2: getDeviceHalManifest: Reading VINTF information.
11-20 15:15:14.487   846   846 I keystore2: getDeviceHalManifest: Successfully processed VINTF information
11-20 15:15:14.487   846   846 I ServiceManager: Waiting for service 'android.hardware.security.keymint.IKeyMintDevice/default' on '/dev/binder'...
11-20 15:15:14.487   846   847 I ServiceManager: Waiting for service 'android.hardware.security.sharedsecret.ISharedSecret/default' on '/dev/binder'...
11-20 15:15:14.653   447   447 W ServiceManager: Waited one second for android.system.keystore2.IKeystoreService/default (is service started? are binder threads started and available?)
11-20 15:15:14.653   442   442 I servicemanager: Since 'android.system.keystore2.IKeystoreService/default' could not be found, trying to start it as a lazy AIDL service
11-20 15:15:14.653   442   850 W libc    : Unable to set property "ctl.interface_start" to "aidl/android.system.keystore2.IKeystoreService/default": error code: 0x20
11-20 15:15:14.653   442   850 I servicemanager: Tried to start aidl service android.system.keystore2.IKeystoreService/default as a lazy service, but was unable to. Usually this happens when a service is not installed, but if the service is intended to be used as a lazy service, then it may be configured incorrectly.
11-20 15:15:14.659     1     1 E init    : Control message: Could not find 'aidl/android.system.keystore2.IKeystoreService/default' for ctl.interface_start from pid: 442 (/system/bin/servicemanager)
11-20 15:15:15.653   447   447 W ServiceManager: Waited one second for android.system.keystore2.IKeystoreService/default (is service started? are binder threads started and available?)
11-20 15:15:15.653   442   442 I servicemanager: Since 'android.system.keystore2.IKeystoreService/default' could not be found, trying to start it as a lazy AIDL service
11-20 15:15:15.654   442   851 W libc    : Unable to set property "ctl.interface_start" to "aidl/android.system.keystore2.IKeystoreService/default": error code: 0x20
11-20 15:15:15.654   442   851 I servicemanager: Tried to start aidl service android.system.keystore2.IKeystoreService/default as a lazy service, but was unable to. Usually this happens when a service is not installed, but if the service is intended to be used as a lazy service, then it may be configured incorrectly.
11-20 15:15:15.659     1     1 E init    : Control message: Could not find 'aidl/android.system.keystore2.IKeystoreService/default' for ctl.interface_start from pid: 442 (/system/bin/servicemanager)
11-20 15:15:16.654   447   447 W ServiceManager: Waited one second for android.system.keystore2.IKeystoreService/default (is service started? are binder threads started and available?)
11-20 15:15:16.654   442   442 I servicemanager: Since 'android.system.keystore2.IKeystoreService/default' could not be found, trying to start it as a lazy AIDL service
11-20 15:15:16.654   442   852 W libc    : Unable to set property "ctl.interface_start" to "aidl/android.system.keystore2.IKeystoreService/default": error code: 0x20
11-20 15:15:16.654   442   852 I servicemanager: Tried to start aidl service android.system.keystore2.IKeystoreService/default as a lazy service, but was unable to. Usually this happens when a service is not installed, but if the service is intended to be used as a lazy service, then it may be configured incorrectly.
11-20 15:15:16.659     1     1 E init    : Control message: Could not find 'aidl/android.system.keystore2.IKeystoreService/default' for ctl.interface_start from pid: 442 (/system/bin/servicemanager)
11-20 15:15:16.737   573   573 I [THP-HAL]: file_access_and_open:err open /dev/xiaomi-touch failed, retry!
11-20 15:15:17.065    79    79 E BATTERY_CHG: handle_message: [ADSP] fg_update_status:: ssoc: 19, rsoc: 18, raw_soc: 1773, vbat: 3740, ibat: -260, ffc: 0, btemp: 352, brm: 842, bfcc: 4748, bcc: 157, fcc: BattAuth-2000, icl: chg_det-500
11-20 15:15:17.654   447   447 W ServiceManager: Waited one second for android.system.keystore2.IKeystoreService/default (is service started? are binder threads started and available?)
11-20 15:15:17.654   442   442 I servicemanager: Since 'android.system.keystore2.IKeystoreService/default' could not be found, trying to start it as a lazy AIDL service
11-20 15:15:17.654   442   853 W libc    : Unable to set property "ctl.interface_start" to "aidl/android.system.keystore2.IKeystoreService/default": error code: 0x20
11-20 15:15:17.654   442   853 I servicemanager: Tried to start aidl service android.system.keystore2.IKeystoreService/default as a lazy service, but was unable to. Usually this happens when a service is not installed, but if the service is intended to be used as a lazy service, then it may be configured incorrectly.
11-20 15:15:17.659     1     1 E init    : Control message: Could not find 'aidl/android.system.keystore2.IKeystoreService/default' for ctl.interface_start from pid: 442 (/system/bin/servicemanager)
11-20 15:15:18.654   447   447 W ServiceManager: Waited one second for android.system.keystore2.IKeystoreService/default (is service started? are binder threads started and available?)
11-20 15:15:18.654   442   442 I servicemanager: Since 'android.system.keystore2.IKeystoreService/default' could not be found, trying to start it as a lazy AIDL service
11-20 15:15:18.654   442   854 W libc    : Unable to set property "ctl.interface_start" to "aidl/android.system.keystore2.IKeystoreService/default": error code: 0x20
11-20 15:15:18.654   442   854 I servicemanager: Tried to start aidl service android.system.keystore2.IKeystoreService/default as a lazy service, but was unable to. Usually this happens when a service is not installed, but if the service is intended to be used as a lazy service, then it may be configured incorrectly.
11-20 15:15:18.659     1     1 E init    : Control message: Could not find 'aidl/android.system.keystore2.IKeystoreService/default' for ctl.interface_start from pid: 442 (/system/bin/servicemanager)
11-20 15:15:19.151   113   113 E BATTERY_CHG: xm_batt_update_work: batt_update_work: batt_temp:35200 blank_state:0,interval:10,soc:19
11-20 15:15:19.492   846   846 W ServiceManager: Service android.hardware.security.keymint.IKeyMintDevice/default didn't start. Returning NULL
11-20 15:15:19.492   846   846 E keystore2: keystore2_main: panicked at 'Failed to create service android.system.keystore2.IKeystoreService/default because of In KeystoreService::new_native_binder: Trying to construct mandatory security level TEE.
11-20 15:15:19.492   846   846 E keystore2: 
11-20 15:15:19.492   846   846 E keystore2: Caused by:
11-20 15:15:19.492   846   846 E keystore2:     0: In KeystoreSecurityLevel::new_native_binder.
11-20 15:15:19.492   846   846 E keystore2:     1: In get_keymint_device.
11-20 15:15:19.492   846   846 E keystore2:     2: In connect_keymint: Trying to connect to genuine KeyMint service.
11-20 15:15:19.492   846   846 E keystore2:     3: Binder transaction error NAME_NOT_FOUND.', system/security/keystore2/src/keystore2_main.rs:82:9
11-20 15:15:19.492   846   847 W ServiceManager: Service android.hardware.security.sharedsecret.ISharedSecret/default didn't start. Returning NULL
11-20 15:15:19.492   846   847 W keystore2: keystore2::shared_secret_negotiation: Unable to connect "android.hardware.security.sharedsecret.ISharedSecret/default" with error:
11-20 15:15:19.492   846   847 W keystore2: BinderTransaction(NAME_NOT_FOUND)
11-20 15:15:19.492   846   847 W keystore2: Retrying later.
11-20 15:15:19.492   846   846 F libc    : Fatal signal 6 (SIGABRT), code -1 (SI_QUEUE) in tid 846 (Binder:846_2), pid 846 (Binder:846_2)
11-20 15:15:19.494   857   857 F linker  : CANNOT LINK EXECUTABLE "crash_dump64": library "libprocinfo.so" not found: needed by main executable
11-20 15:15:19.494   846   846 F libc    : crash_dump helper failed to exec, or was killed
11-20 15:15:19.500     1     1 I init    : Service 'keystore2' (pid 846) received signal 6
11-20 15:15:19.500     1     1 I init    : Sending signal 9 to service 'keystore2' (pid 846) process group...
11-20 15:15:19.500     1     1 I libprocessgroup: Successfully killed process cgroup uid 0 pid 846 in 0ms
11-20 15:15:19.500     1     1 I init    : starting service 'keystore2'...
11-20 15:15:19.501   858   858 E init    : failed to write pid to files: couldn't write 858 to /dev/cpuset/foreground/tasks: No such file or directory
11-20 15:15:19.507   858   858 I keystore2: keystore2_main: Keystore2 is starting.
11-20 15:15:19.507   858   858 I keystore2: keystore2_main: Starting thread pool now.
11-20 15:15:19.507   858   859 I keystore2: getDeviceHalManifest: Reading VINTF information.
11-20 15:15:19.508   858   859 I keystore2: getDeviceHalManifest: Successfully processed VINTF information
11-20 15:15:19.508   858   859 I ServiceManager: Waiting for service 'android.hardware.security.sharedsecret.ISharedSecret/default' on '/dev/binder'...
11-20 15:15:19.509   858   858 I ServiceManager: Waiting for service 'android.hardware.security.keymint.IKeyMintDevice/default' on '/dev/binder'...
11-20 15:15:19.654   447   447 W ServiceManager: Waited one second for android.system.keystore2.IKeystoreService/default (is service started? are binder threads started and available?)
11-20 15:15:19.654   442   442 I servicemanager: Since 'android.system.keystore2.IKeystoreService/default' could not be found, trying to start it as a lazy AIDL service
11-20 15:15:19.655   442   862 W libc    : Unable to set property "ctl.interface_start" to "aidl/android.system.keystore2.IKeystoreService/default": error code: 0x20
11-20 15:15:19.655   442   862 I servicemanager: Tried to start aidl service android.system.keystore2.IKeystoreService/default as a lazy service, but was unable to. Usually this happens when a service is not installed, but if the service is intended to be used as a lazy service, then it may be configured incorrectly.
11-20 15:15:19.660     1     1 E init    : Control message: Could not find 'aidl/android.system.keystore2.IKeystoreService/default' for ctl.interface_start from pid: 442 (/system/bin/servicemanager)
11-20 15:15:20.654   447   447 W ServiceManager: Waited one second for android.system.keystore2.IKeystoreService/default (is service started? are binder threads started and available?)
11-20 15:15:20.654   442   442 I servicemanager: Since 'android.system.keystore2.IKeystoreService/default' could not be found, trying to start it as a lazy AIDL service
11-20 15:15:20.655   442   863 W libc    : Unable to set property "ctl.interface_start" to "aidl/android.system.keystore2.IKeystoreService/default": error code: 0x20
11-20 15:15:20.655   442   863 I servicemanager: Tried to start aidl service android.system.keystore2.IKeystoreService/default as a lazy service, but was unable to. Usually this happens when a service is not installed, but if the service is intended to be used as a lazy service, then it may be configured incorrectly.
11-20 15:15:20.660     1     1 E init    : Control message: Could not find 'aidl/android.system.keystore2.IKeystoreService/default' for ctl.interface_start from pid: 442 (/system/bin/servicemanager)
11-20 15:15:21.655   447   447 W ServiceManager: Waited one second for android.system.keystore2.IKeystoreService/default (is service started? are binder threads started and available?)
11-20 15:15:21.655   442   442 I servicemanager: Since 'android.system.keystore2.IKeystoreService/default' could not be found, trying to start it as a lazy AIDL service
11-20 15:15:21.655   442   864 W libc    : Unable to set property "ctl.interface_start" to "aidl/android.system.keystore2.IKeystoreService/default": error code: 0x20
11-20 15:15:21.655   442   864 I servicemanager: Tried to start aidl service android.system.keystore2.IKeystoreService/default as a lazy service, but was unable to. Usually this happens when a service is not installed, but if the service is intended to be used as a lazy service, then it may be configured incorrectly.
11-20 15:15:21.660     1     1 E init    : Control message: Could not find 'aidl/android.system.keystore2.IKeystoreService/default' for ctl.interface_start from pid: 442 (/system/bin/servicemanager)
11-20 15:15:21.741   573   573 I [THP-HAL]: file_access_and_open:err open /dev/xiaomi-touch failed, retry!
11-20 15:15:22.655   447   447 W ServiceManager: Waited one second for android.system.keystore2.IKeystoreService/default (is service started? are binder threads started and available?)
11-20 15:15:22.655   442   442 I servicemanager: Since 'android.system.keystore2.IKeystoreService/default' could not be found, trying to start it as a lazy AIDL service
11-20 15:15:22.655   442   865 W libc    : Unable to set property "ctl.interface_start" to "aidl/android.system.keystore2.IKeystoreService/default": error code: 0x20
11-20 15:15:22.655   442   865 I servicemanager: Tried to start aidl service android.system.keystore2.IKeystoreService/default as a lazy service, but was unable to. Usually this happens when a service is not installed, but if the service is intended to be used as a lazy service, then it may be configured incorrectly.
11-20 15:15:22.660     1     1 E init    : Control message: Could not find 'aidl/android.system.keystore2.IKeystoreService/default' for ctl.interface_start from pid: 442 (/system/bin/servicemanager)
11-20 15:15:23.655   447   447 W ServiceManager: Waited one second for android.system.keystore2.IKeystoreService/default (is service started? are binder threads started and available?)
11-20 15:15:23.655   442   442 I servicemanager: Since 'android.system.keystore2.IKeystoreService/default' could not be found, trying to start it as a lazy AIDL service
11-20 15:15:23.655   442   866 W libc    : Unable to set property "ctl.interface_start" to "aidl/android.system.keystore2.IKeystoreService/default": error code: 0x20
11-20 15:15:23.655   442   866 I servicemanager: Tried to start aidl service android.system.keystore2.IKeystoreService/default as a lazy service, but was unable to. Usually this happens when a service is not installed, but if the service is intended to be used as a lazy service, then it may be configured incorrectly.
11-20 15:15:23.660     1     1 E init    : Control message: Could not find 'aidl/android.system.keystore2.IKeystoreService/default' for ctl.interface_start from pid: 442 (/system/bin/servicemanager)
11-20 15:15:24.513   858   859 W ServiceManager: Service android.hardware.security.sharedsecret.ISharedSecret/default didn't start. Returning NULL
11-20 15:15:24.513   858   859 W keystore2: keystore2::shared_secret_negotiation: Unable to connect "android.hardware.security.sharedsecret.ISharedSecret/default" with error:
11-20 15:15:24.513   858   859 W keystore2: BinderTransaction(NAME_NOT_FOUND)
11-20 15:15:24.513   858   859 W keystore2: Retrying later.
11-20 15:15:24.513   858   858 W ServiceManager: Service android.hardware.security.keymint.IKeyMintDevice/default didn't start. Returning NULL
11-20 15:15:24.513   858   858 E keystore2: keystore2_main: panicked at 'Failed to create service android.system.keystore2.IKeystoreService/default because of In KeystoreService::new_native_binder: Trying to construct mandatory security level TEE.
11-20 15:15:24.513   858   858 E keystore2: 
11-20 15:15:24.513   858   858 E keystore2: Caused by:
11-20 15:15:24.513   858   858 E keystore2:     0: In KeystoreSecurityLevel::new_native_binder.
11-20 15:15:24.513   858   858 E keystore2:     1: In get_keymint_device.
11-20 15:15:24.513   858   858 E keystore2:     2: In connect_keymint: Trying to connect to genuine KeyMint service.
11-20 15:15:24.513   858   858 E keystore2:     3: Binder transaction error NAME_NOT_FOUND.', system/security/keystore2/src/keystore2_main.rs:82:9
11-20 15:15:24.513   858   858 F libc    : Fatal signal 6 (SIGABRT), code -1 (SI_QUEUE) in tid 858 (Binder:858_2), pid 858 (Binder:858_2)
11-20 15:15:24.515   869   869 F linker  : CANNOT LINK EXECUTABLE "crash_dump64": library "libprocinfo.so" not found: needed by main executable
11-20 15:15:24.515   858   858 F libc    : crash_dump helper failed to exec, or was killed
11-20 15:15:24.521     1     1 I init    : Service 'keystore2' (pid 858) received signal 6
11-20 15:15:24.521     1     1 I init    : Sending signal 9 to service 'keystore2' (pid 858) process group...
11-20 15:15:24.521     1     1 I libprocessgroup: Successfully killed process cgroup uid 0 pid 858 in 0ms
11-20 15:15:24.521     1     1 I init    : starting service 'keystore2'...
11-20 15:15:24.522   870   870 E init    : failed to write pid to files: couldn't write 870 to /dev/cpuset/foreground/tasks: No such file or directory
11-20 15:15:24.528   870   870 I keystore2: keystore2_main: Keystore2 is starting.
11-20 15:15:24.528   870   870 I keystore2: keystore2_main: Starting thread pool now.
11-20 15:15:24.528   870   871 I keystore2: getDeviceHalManifest: Reading VINTF information.
11-20 15:15:24.529   870   871 I keystore2: getDeviceHalManifest: Successfully processed VINTF information
11-20 15:15:24.529   870   871 I ServiceManager: Waiting for service 'android.hardware.security.sharedsecret.ISharedSecret/default' on '/dev/binder'...
11-20 15:15:24.529   870   870 I ServiceManager: Waiting for service 'android.hardware.security.keymint.IKeyMintDevice/default' on '/dev/binder'...
11-20 15:15:24.655   447   447 W ServiceManager: Waited one second for android.system.keystore2.IKeystoreService/default (is service started? are binder threads started and available?)
11-20 15:15:24.655   442   442 I servicemanager: Since 'android.system.keystore2.IKeystoreService/default' could not be found, trying to start it as a lazy AIDL service
11-20 15:15:24.656   442   874 W libc    : Unable to set property "ctl.interface_start" to "aidl/android.system.keystore2.IKeystoreService/default": error code: 0x20
11-20 15:15:24.656   442   874 I servicemanager: Tried to start aidl service android.system.keystore2.IKeystoreService/default as a lazy service, but was unable to. Usually this happens when a service is not installed, but if the service is intended to be used as a lazy service, then it may be configured incorrectly.
11-20 15:15:24.661     1     1 E init    : Control message: Could not find 'aidl/android.system.keystore2.IKeystoreService/default' for ctl.interface_start from pid: 442 (/system/bin/servicemanager)
11-20 15:15:25.655   447   447 W ServiceManager: Waited one second for android.system.keystore2.IKeystoreService/default (is service started? are binder threads started and available?)
11-20 15:15:25.655   442   442 I servicemanager: Since 'android.system.keystore2.IKeystoreService/default' could not be found, trying to start it as a lazy AIDL service
