11-20 15:14:27.641   447   447 W ServiceManager: Waited one second for android.system.keystore2.IKeystoreService/default (is service started? are binder threads started and available?)
11-20 15:14:27.641   442   442 I servicemanager: Since 'android.system.keystore2.IKeystoreService/default' could not be found, trying to start it as a lazy AIDL service
11-20 15:14:27.641   442   736 W libc    : Unable to set property "ctl.interface_start" to "aidl/android.system.keystore2.IKeystoreService/default": error code: 0x20
11-20 15:14:27.646     1     1 E init    : Control message: Could not find 'aidl/android.system.keystore2.IKeystoreService/default' for ctl.interface_start from pid: 442 (/system/bin/servicemanager)
11-20 15:14:27.641   442   736 I servicemanager: Tried to start aidl service android.system.keystore2.IKeystoreService/default as a lazy service, but was unable to. Usually this happens when a service is not installed, but if the service is intended to be used as a lazy service, then it may be configured incorrectly.
11-20 15:14:27.951   113   113 E BATTERY_CHG: xm_batt_update_work: batt_update_work: batt_temp:35600 blank_state:0,interval:10,soc:19
11-20 15:14:28.641   447   447 W ServiceManager: Waited one second for android.system.keystore2.IKeystoreService/default (is service started? are binder threads started and available?)
11-20 15:14:28.641   442   442 I servicemanager: Since 'android.system.keystore2.IKeystoreService/default' could not be found, trying to start it as a lazy AIDL service
11-20 15:14:28.641   442   737 W libc    : Unable to set property "ctl.interface_start" to "aidl/android.system.keystore2.IKeystoreService/default": error code: 0x20
11-20 15:14:28.641   442   737 I servicemanager: Tried to start aidl service android.system.keystore2.IKeystoreService/default as a lazy service, but was unable to. Usually this happens when a service is not installed, but if the service is intended to be used as a lazy service, then it may be configured incorrectly.
11-20 15:14:28.647     1     1 E init    : Control message: Could not find 'aidl/android.system.keystore2.IKeystoreService/default' for ctl.interface_start from pid: 442 (/system/bin/servicemanager)
11-20 15:14:29.270   729   730 W ServiceManager: Service android.hardware.security.sharedsecret.ISharedSecret/default didn't start. Returning NULL
11-20 15:14:29.270   729   730 W keystore2: keystore2::shared_secret_negotiation: Unable to connect "android.hardware.security.sharedsecret.ISharedSecret/default" with error:
11-20 15:14:29.270   729   730 W keystore2: BinderTransaction(NAME_NOT_FOUND)
11-20 15:14:29.270   729   730 W keystore2: Retrying later.
11-20 15:14:29.270   729   729 W ServiceManager: Service android.hardware.security.keymint.IKeyMintDevice/default didn't start. Returning NULL
11-20 15:14:29.271   729   729 E keystore2: keystore2_main: panicked at 'Failed to create service android.system.keystore2.IKeystoreService/default because of In KeystoreService::new_native_binder: Trying to construct mandatory security level TEE.
11-20 15:14:29.271   729   729 E keystore2: 
11-20 15:14:29.271   729   729 E keystore2: Caused by:
11-20 15:14:29.271   729   729 E keystore2:     0: In KeystoreSecurityLevel::new_native_binder.
11-20 15:14:29.271   729   729 E keystore2:     1: In get_keymint_device.
11-20 15:14:29.271   729   729 E keystore2:     2: In connect_keymint: Trying to connect to genuine KeyMint service.
11-20 15:14:29.271   729   729 E keystore2:     3: Binder transaction error NAME_NOT_FOUND.', system/security/keystore2/src/keystore2_main.rs:82:9
11-20 15:14:29.271   729   729 F libc    : Fatal signal 6 (SIGABRT), code -1 (SI_QUEUE) in tid 729 (Binder:729_2), pid 729 (Binder:729_2)
11-20 15:14:29.272   740   740 F linker  : CANNOT LINK EXECUTABLE "crash_dump64": library "libprocinfo.so" not found: needed by main executable
11-20 15:14:29.272   729   729 F libc    : crash_dump helper failed to exec, or was killed
11-20 15:14:29.278     1     1 I init    : Service 'keystore2' (pid 729) received signal 6
11-20 15:14:29.278     1     1 I init    : Sending signal 9 to service 'keystore2' (pid 729) process group...
11-20 15:14:29.279     1     1 I libprocessgroup: Successfully killed process cgroup uid 0 pid 729 in 0ms
11-20 15:14:29.279     1     1 I init    : starting service 'keystore2'...
11-20 15:14:29.280   741   741 E init    : failed to write pid to files: couldn't write 741 to /dev/cpuset/foreground/tasks: No such file or directory
11-20 15:14:29.286   741   741 I keystore2: keystore2_main: Keystore2 is starting.
11-20 15:14:29.287   741   741 I keystore2: keystore2_main: Starting thread pool now.
11-20 15:14:29.287   741   741 I keystore2: getDeviceHalManifest: Reading VINTF information.
11-20 15:14:29.287   741   741 I keystore2: getDeviceHalManifest: Successfully processed VINTF information
11-20 15:14:29.288   741   741 I ServiceManager: Waiting for service 'android.hardware.security.keymint.IKeyMintDevice/default' on '/dev/binder'...
11-20 15:14:29.288   741   742 I ServiceManager: Waiting for service 'android.hardware.security.sharedsecret.ISharedSecret/default' on '/dev/binder'...
11-20 15:14:29.641   447   447 W ServiceManager: Waited one second for android.system.keystore2.IKeystoreService/default (is service started? are binder threads started and available?)
11-20 15:14:29.641   442   442 I servicemanager: Since 'android.system.keystore2.IKeystoreService/default' could not be found, trying to start it as a lazy AIDL service
11-20 15:14:29.642   442   745 W libc    : Unable to set property "ctl.interface_start" to "aidl/android.system.keystore2.IKeystoreService/default": error code: 0x20
11-20 15:14:29.642   442   745 I servicemanager: Tried to start aidl service android.system.keystore2.IKeystoreService/default as a lazy service, but was unable to. Usually this happens when a service is not installed, but if the service is intended to be used as a lazy service, then it may be configured incorrectly.
11-20 15:14:29.647     1     1 E init    : Control message: Could not find 'aidl/android.system.keystore2.IKeystoreService/default' for ctl.interface_start from pid: 442 (/system/bin/servicemanager)
11-20 15:14:30.642   447   447 W ServiceManager: Waited one second for android.system.keystore2.IKeystoreService/default (is service started? are binder threads started and available?)
11-20 15:14:30.642   442   442 I servicemanager: Since 'android.system.keystore2.IKeystoreService/default' could not be found, trying to start it as a lazy AIDL service
11-20 15:14:30.642   442   746 W libc    : Unable to set property "ctl.interface_start" to "aidl/android.system.keystore2.IKeystoreService/default": error code: 0x20
11-20 15:14:30.642   442   746 I servicemanager: Tried to start aidl service android.system.keystore2.IKeystoreService/default as a lazy service, but was unable to. Usually this happens when a service is not installed, but if the service is intended to be used as a lazy service, then it may be configured incorrectly.
11-20 15:14:30.647     1     1 E init    : Control message: Could not find 'aidl/android.system.keystore2.IKeystoreService/default' for ctl.interface_start from pid: 442 (/system/bin/servicemanager)
11-20 15:14:31.642   447   447 W ServiceManager: Waited one second for android.system.keystore2.IKeystoreService/default (is service started? are binder threads started and available?)
11-20 15:14:31.642   442   442 I servicemanager: Since 'android.system.keystore2.IKeystoreService/default' could not be found, trying to start it as a lazy AIDL service
11-20 15:14:31.642   442   747 W libc    : Unable to set property "ctl.interface_start" to "aidl/android.system.keystore2.IKeystoreService/default": error code: 0x20
11-20 15:14:31.642   442   747 I servicemanager: Tried to start aidl service android.system.keystore2.IKeystoreService/default as a lazy service, but was unable to. Usually this happens when a service is not installed, but if the service is intended to be used as a lazy service, then it may be configured incorrectly.
11-20 15:14:31.648     1     1 E init    : Control message: Could not find 'aidl/android.system.keystore2.IKeystoreService/default' for ctl.interface_start from pid: 442 (/system/bin/servicemanager)
11-20 15:14:31.699   573   573 I [THP-HAL]: file_access_and_open:err open /dev/xiaomi-touch failed, retry!
11-20 15:14:32.642   447   447 W ServiceManager: Waited one second for android.system.keystore2.IKeystoreService/default (is service started? are binder threads started and available?)
11-20 15:14:32.642   442   442 I servicemanager: Since 'android.system.keystore2.IKeystoreService/default' could not be found, trying to start it as a lazy AIDL service
11-20 15:14:32.643   442   748 W libc    : Unable to set property "ctl.interface_start" to "aidl/android.system.keystore2.IKeystoreService/default": error code: 0x20
11-20 15:14:32.643   442   748 I servicemanager: Tried to start aidl service android.system.keystore2.IKeystoreService/default as a lazy service, but was unable to. Usually this happens when a service is not installed, but if the service is intended to be used as a lazy service, then it may be configured incorrectly.
11-20 15:14:32.648     1     1 E init    : Control message: Could not find 'aidl/android.system.keystore2.IKeystoreService/default' for ctl.interface_start from pid: 442 (/system/bin/servicemanager)
11-20 15:14:33.642   447   447 W ServiceManager: Waited one second for android.system.keystore2.IKeystoreService/default (is service started? are binder threads started and available?)
11-20 15:14:33.643   442   442 I servicemanager: Since 'android.system.keystore2.IKeystoreService/default' could not be found, trying to start it as a lazy AIDL service
11-20 15:14:33.643   442   749 W libc    : Unable to set property "ctl.interface_start" to "aidl/android.system.keystore2.IKeystoreService/default": error code: 0x20
11-20 15:14:33.643   442   749 I servicemanager: Tried to start aidl service android.system.keystore2.IKeystoreService/default as a lazy service, but was unable to. Usually this happens when a service is not installed, but if the service is intended to be used as a lazy service, then it may be configured incorrectly.
11-20 15:14:33.648     1     1 E init    : Control message: Could not find 'aidl/android.system.keystore2.IKeystoreService/default' for ctl.interface_start from pid: 442 (/system/bin/servicemanager)
11-20 15:14:34.088   344   344 E BATTERY_CHG: xm_charger_debug_info_print_work: usb_present: 1
11-20 15:14:34.093   344   344 E BATTERY_CHG: xm_charger_debug_info_print_work: chg_type= Unknown tl:= 0  ffc:= 0, pd_verifed:= 0, FG_VENDOR_ID:= 2
11-20 15:14:34.095   344   344 E BATTERY_CHG: xm_charger_debug_info_print_work: vbus_vol_uv: 5031000, ibus_ua: 453000
11-20 15:14:34.293   741   742 W ServiceManager: Service android.hardware.security.sharedsecret.ISharedSecret/default didn't start. Returning NULL
11-20 15:14:34.293   741   742 W keystore2: keystore2::shared_secret_negotiation: Unable to connect "android.hardware.security.sharedsecret.ISharedSecret/default" with error:
11-20 15:14:34.293   741   742 W keystore2: BinderTransaction(NAME_NOT_FOUND)
11-20 15:14:34.293   741   742 W keystore2: Retrying later.
11-20 15:14:34.293   741   741 W ServiceManager: Service android.hardware.security.keymint.IKeyMintDevice/default didn't start. Returning NULL
11-20 15:14:34.293   741   741 E keystore2: keystore2_main: panicked at 'Failed to create service android.system.keystore2.IKeystoreService/default because of In KeystoreService::new_native_binder: Trying to construct mandatory security level TEE.
11-20 15:14:34.293   741   741 E keystore2: 
11-20 15:14:34.293   741   741 E keystore2: Caused by:
11-20 15:14:34.293   741   741 E keystore2:     0: In KeystoreSecurityLevel::new_native_binder.
11-20 15:14:34.293   741   741 E keystore2:     1: In get_keymint_device.
11-20 15:14:34.293   741   741 E keystore2:     2: In connect_keymint: Trying to connect to genuine KeyMint service.
11-20 15:14:34.293   741   741 E keystore2:     3: Binder transaction error NAME_NOT_FOUND.', system/security/keystore2/src/keystore2_main.rs:82:9
11-20 15:14:34.293   741   741 F libc    : Fatal signal 6 (SIGABRT), code -1 (SI_QUEUE) in tid 741 (Binder:741_2), pid 741 (Binder:741_2)
11-20 15:14:34.295   752   752 F linker  : CANNOT LINK EXECUTABLE "crash_dump64": library "libprocinfo.so" not found: needed by main executable
11-20 15:14:34.295   741   741 F libc    : crash_dump helper failed to exec, or was killed
11-20 15:14:34.301     1     1 I init    : Service 'keystore2' (pid 741) received signal 6
11-20 15:14:34.301     1     1 I init    : Sending signal 9 to service 'keystore2' (pid 741) process group...
11-20 15:14:34.301     1     1 I libprocessgroup: Successfully killed process cgroup uid 0 pid 741 in 0ms
11-20 15:14:34.301     1     1 I init    : starting service 'keystore2'...
11-20 15:14:34.302   753   753 E init    : failed to write pid to files: couldn't write 753 to /dev/cpuset/foreground/tasks: No such file or directory
11-20 15:14:34.309   753   753 I keystore2: keystore2_main: Keystore2 is starting.
11-20 15:14:34.309   753   753 I keystore2: keystore2_main: Starting thread pool now.
11-20 15:14:34.309   753   753 I keystore2: getDeviceHalManifest: Reading VINTF information.
11-20 15:14:34.310   753   753 I keystore2: getDeviceHalManifest: Successfully processed VINTF information
11-20 15:14:34.310   753   753 I ServiceManager: Waiting for service 'android.hardware.security.keymint.IKeyMintDevice/default' on '/dev/binder'...
11-20 15:14:34.310   753   754 I ServiceManager: Waiting for service 'android.hardware.security.sharedsecret.ISharedSecret/default' on '/dev/binder'...
11-20 15:14:34.643   447   447 W ServiceManager: Waited one second for android.system.keystore2.IKeystoreService/default (is service started? are binder threads started and available?)
11-20 15:14:34.643   442   442 I servicemanager: Since 'android.system.keystore2.IKeystoreService/default' could not be found, trying to start it as a lazy AIDL service
11-20 15:14:34.643   442   757 W libc    : Unable to set property "ctl.interface_start" to "aidl/android.system.keystore2.IKeystoreService/default": error code: 0x20
11-20 15:14:34.643   442   757 I servicemanager: Tried to start aidl service android.system.keystore2.IKeystoreService/default as a lazy service, but was unable to. Usually this happens when a service is not installed, but if the service is intended to be used as a lazy service, then it may be configured incorrectly.
11-20 15:14:34.648     1     1 E init    : Control message: Could not find 'aidl/android.system.keystore2.IKeystoreService/default' for ctl.interface_start from pid: 442 (/system/bin/servicemanager)
11-20 15:14:35.643   447   447 W ServiceManager: Waited one second for android.system.keystore2.IKeystoreService/default (is service started? are binder threads started and available?)
11-20 15:14:35.643   442   442 I servicemanager: Since 'android.system.keystore2.IKeystoreService/default' could not be found, trying to start it as a lazy AIDL service
11-20 15:14:35.644   442   758 W libc    : Unable to set property "ctl.interface_start" to "aidl/android.system.keystore2.IKeystoreService/default": error code: 0x20
11-20 15:14:35.644   442   758 I servicemanager: Tried to start aidl service android.system.keystore2.IKeystoreService/default as a lazy service, but was unable to. Usually this happens when a service is not installed, but if the service is intended to be used as a lazy service, then it may be configured incorrectly.
11-20 15:14:35.649     1     1 E init    : Control message: Could not find 'aidl/android.system.keystore2.IKeystoreService/default' for ctl.interface_start from pid: 442 (/system/bin/servicemanager)
11-20 15:14:36.643   447   447 W ServiceManager: Waited one second for android.system.keystore2.IKeystoreService/default (is service started? are binder threads started and available?)
11-20 15:14:36.643   442   442 I servicemanager: Since 'android.system.keystore2.IKeystoreService/default' could not be found, trying to start it as a lazy AIDL service
11-20 15:14:36.644   442   759 W libc    : Unable to set property "ctl.interface_start" to "aidl/android.system.keystore2.IKeystoreService/default": error code: 0x20
11-20 15:14:36.649     1     1 E init    : Control message: Could not find 'aidl/android.system.keystore2.IKeystoreService/default' for ctl.interface_start from pid: 442 (/system/bin/servicemanager)
11-20 15:14:36.644   442   759 I servicemanager: Tried to start aidl service android.system.keystore2.IKeystoreService/default as a lazy service, but was unable to. Usually this happens when a service is not installed, but if the service is intended to be used as a lazy service, then it may be configured incorrectly.
11-20 15:14:36.703   573   573 I [THP-HAL]: file_access_and_open:err open /dev/xiaomi-touch failed, retry!
11-20 15:14:36.981    79    79 E BATTERY_CHG: handle_message: [ADSP] fg_update_status:: ssoc: 19, rsoc: 18, raw_soc: 1767, vbat: 3738, ibat: -260, ffc: 0, btemp: 355, brm: 839, bfcc: 4748, bcc: 157, fcc: BattAuth-2000, icl: chg_det-500
11-20 15:14:37.644   447   447 W ServiceManager: Waited one second for android.system.keystore2.IKeystoreService/default (is service started? are binder threads started and available?)
11-20 15:14:37.644   442   442 I servicemanager: Since 'android.system.keystore2.IKeystoreService/default' could not be found, trying to start it as a lazy AIDL service
11-20 15:14:37.644   442   760 W libc    : Unable to set property "ctl.interface_start" to "aidl/android.system.keystore2.IKeystoreService/default": error code: 0x20
11-20 15:14:37.644   442   760 I servicemanager: Tried to start aidl service android.system.keystore2.IKeystoreService/default as a lazy service, but was unable to. Usually this happens when a service is not installed, but if the service is intended to be used as a lazy service, then it may be configured incorrectly.
11-20 15:14:37.649     1     1 E init    : Control message: Could not find 'aidl/android.system.keystore2.IKeystoreService/default' for ctl.interface_start from pid: 442 (/system/bin/servicemanager)
11-20 15:14:38.191   113   113 E BATTERY_CHG: xm_batt_update_work: batt_update_work: batt_temp:35500 blank_state:0,interval:10,soc:19
11-20 15:14:38.644   447   447 W ServiceManager: Waited one second for android.system.keystore2.IKeystoreService/default (is service started? are binder threads started and available?)
11-20 15:14:38.644   442   442 I servicemanager: Since 'android.system.keystore2.IKeystoreService/default' could not be found, trying to start it as a lazy AIDL service
11-20 15:14:38.644   442   761 W libc    : Unable to set property "ctl.interface_start" to "aidl/android.system.keystore2.IKeystoreService/default": error code: 0x20
11-20 15:14:38.644   442   761 I servicemanager: Tried to start aidl service android.system.keystore2.IKeystoreService/default as a lazy service, but was unable to. Usually this happens when a service is not installed, but if the service is intended to be used as a lazy service, then it may be configured incorrectly.
11-20 15:14:38.649     1     1 E init    : Control message: Could not find 'aidl/android.system.keystore2.IKeystoreService/default' for ctl.interface_start from pid: 442 (/system/bin/servicemanager)
11-20 15:14:39.315   753   753 W ServiceManager: Service android.hardware.security.keymint.IKeyMintDevice/default didn't start. Returning NULL
11-20 15:14:39.315   753   753 E keystore2: keystore2_main: panicked at 'Failed to create service android.system.keystore2.IKeystoreService/default because of In KeystoreService::new_native_binder: Trying to construct mandatory security level TEE.
11-20 15:14:39.315   753   753 E keystore2: 
11-20 15:14:39.315   753   753 E keystore2: Caused by:
11-20 15:14:39.315   753   753 E keystore2:     0: In KeystoreSecurityLevel::new_native_binder.
11-20 15:14:39.315   753   753 E keystore2:     1: In get_keymint_device.
11-20 15:14:39.315   753   753 E keystore2:     2: In connect_keymint: Trying to connect to genuine KeyMint service.
11-20 15:14:39.315   753   753 E keystore2:     3: Binder transaction error NAME_NOT_FOUND.', system/security/keystore2/src/keystore2_main.rs:82:9
11-20 15:14:39.315   753   754 W ServiceManager: Service android.hardware.security.sharedsecret.ISharedSecret/default didn't start. Returning NULL
11-20 15:14:39.315   753   754 W keystore2: keystore2::shared_secret_negotiation: Unable to connect "android.hardware.security.sharedsecret.ISharedSecret/default" with error:
11-20 15:14:39.315   753   754 W keystore2: BinderTransaction(NAME_NOT_FOUND)
11-20 15:14:39.315   753   754 W keystore2: Retrying later.
11-20 15:14:39.315   753   753 F libc    : Fatal signal 6 (SIGABRT), code -1 (SI_QUEUE) in tid 753 (Binder:753_2), pid 753 (Binder:753_2)
11-20 15:14:39.317   764   764 F linker  : CANNOT LINK EXECUTABLE "crash_dump64": library "libprocinfo.so" not found: needed by main executable
11-20 15:14:39.317   753   753 F libc    : crash_dump helper failed to exec, or was killed
11-20 15:14:39.323     1     1 I init    : Service 'keystore2' (pid 753) received signal 6
11-20 15:14:39.323     1     1 I init    : Sending signal 9 to service 'keystore2' (pid 753) process group...
11-20 15:14:39.323     1     1 I libprocessgroup: Successfully killed process cgroup uid 0 pid 753 in 0ms
11-20 15:14:39.323     1     1 I init    : starting service 'keystore2'...
11-20 15:14:39.324   765   765 E init    : failed to write pid to files: couldn't write 765 to /dev/cpuset/foreground/tasks: No such file or directory
11-20 15:14:39.330   765   765 I keystore2: keystore2_main: Keystore2 is starting.
11-20 15:14:39.331   765   765 I keystore2: keystore2_main: Starting thread pool now.
11-20 15:14:39.331   765   766 I keystore2: getDeviceHalManifest: Reading VINTF information.
11-20 15:14:39.332   765   766 I keystore2: getDeviceHalManifest: Successfully processed VINTF information
11-20 15:14:39.332   765   766 I ServiceManager: Waiting for service 'android.hardware.security.sharedsecret.ISharedSecret/default' on '/dev/binder'...
11-20 15:14:39.332   765   765 I ServiceManager: Waiting for service 'android.hardware.security.keymint.IKeyMintDevice/default' on '/dev/binder'...
11-20 15:14:39.644   447   447 W ServiceManager: Waited one second for android.system.keystore2.IKeystoreService/default (is service started? are binder threads started and available?)
11-20 15:14:39.644   442   442 I servicemanager: Since 'android.system.keystore2.IKeystoreService/default' could not be found, trying to start it as a lazy AIDL service
11-20 15:14:39.645   442   769 W libc    : Unable to set property "ctl.interface_start" to "aidl/android.system.keystore2.IKeystoreService/default": error code: 0x20
11-20 15:14:39.645   442   769 I servicemanager: Tried to start aidl service android.system.keystore2.IKeystoreService/default as a lazy service, but was unable to. Usually this happens when a service is not installed, but if the service is intended to be used as a lazy service, then it may be configured incorrectly.
11-20 15:14:39.650     1     1 E init    : Control message: Could not find 'aidl/android.system.keystore2.IKeystoreService/default' for ctl.interface_start from pid: 442 (/system/bin/servicemanager)
11-20 15:14:40.644   447   447 W ServiceManager: Waited one second for android.system.keystore2.IKeystoreService/default (is service started? are binder threads started and available?)
11-20 15:14:40.644   442   442 I servicemanager: Since 'android.system.keystore2.IKeystoreService/default' could not be found, trying to start it as a lazy AIDL service
11-20 15:14:40.645   442   770 W libc    : Unable to set property "ctl.interface_start" to "aidl/android.system.keystore2.IKeystoreService/default": error code: 0x20
11-20 15:14:40.645   442   770 I servicemanager: Tried to start aidl service android.system.keystore2.IKeystoreService/default as a lazy service, but was unable to. Usually this happens when a service is not installed, but if the service is intended to be used as a lazy service, then it may be configured incorrectly.
11-20 15:14:40.650     1     1 E init    : Control message: Could not find 'aidl/android.system.keystore2.IKeystoreService/default' for ctl.interface_start from pid: 442 (/system/bin/servicemanager)
11-20 15:14:41.645   447   447 W ServiceManager: Waited one second for android.system.keystore2.IKeystoreService/default (is service started? are binder threads started and available?)
11-20 15:14:41.645   442   442 I servicemanager: Since 'android.system.keystore2.IKeystoreService/default' could not be found, trying to start it as a lazy AIDL service
11-20 15:14:41.645   442   771 W libc    : Unable to set property "ctl.interface_start" to "aidl/android.system.keystore2.IKeystoreService/default": error code: 0x20
11-20 15:14:41.645   442   771 I servicemanager: Tried to start aidl service android.system.keystore2.IKeystoreService/default as a lazy service, but was unable to. Usually this happens when a service is not installed, but if the service is intended to be used as a lazy service, then it may be configured incorrectly.
11-20 15:14:41.650     1     1 E init    : Control message: Could not find 'aidl/android.system.keystore2.IKeystoreService/default' for ctl.interface_start from pid: 442 (/system/bin/servicemanager)
11-20 15:14:41.707   573   573 I [THP-HAL]: file_access_and_open:err open /dev/xiaomi-touch failed, retry!
11-20 15:14:42.645   447   447 W ServiceManager: Waited one second for android.system.keystore2.IKeystoreService/default (is service started? are binder threads started and available?)
11-20 15:14:42.645   442   442 I servicemanager: Since 'android.system.keystore2.IKeystoreService/default' could not be found, trying to start it as a lazy AIDL service
11-20 15:14:42.645   442   772 W libc    : Unable to set property "ctl.interface_start" to "aidl/android.system.keystore2.IKeystoreService/default": error code: 0x20
11-20 15:14:42.645   442   772 I servicemanager: Tried to start aidl service android.system.keystore2.IKeystoreService/default as a lazy service, but was unable to. Usually this happens when a service is not installed, but if the service is intended to be used as a lazy service, then it may be configured incorrectly.
11-20 15:14:42.650     1     1 E init    : Control message: Could not find 'aidl/android.system.keystore2.IKeystoreService/default' for ctl.interface_start from pid: 442 (/system/bin/servicemanager)
11-20 15:14:43.645   447   447 W ServiceManager: Waited one second for android.system.keystore2.IKeystoreService/default (is service started? are binder threads started and available?)
11-20 15:14:43.645   442   442 I servicemanager: Since 'android.system.keystore2.IKeystoreService/default' could not be found, trying to start it as a lazy AIDL service
11-20 15:14:43.645   442   773 W libc    : Unable to set property "ctl.interface_start" to "aidl/android.system.keystore2.IKeystoreService/default": error code: 0x20
11-20 15:14:43.646   442   773 I servicemanager: Tried to start aidl service android.system.keystore2.IKeystoreService/default as a lazy service, but was unable to. Usually this happens when a service is not installed, but if the service is intended to be used as a lazy service, then it may be configured incorrectly.
11-20 15:14:43.651     1     1 E init    : Control message: Could not find 'aidl/android.system.keystore2.IKeystoreService/default' for ctl.interface_start from pid: 442 (/system/bin/servicemanager)
11-20 15:14:44.337   765   765 W ServiceManager: Service android.hardware.security.keymint.IKeyMintDevice/default didn't start. Returning NULL
11-20 15:14:44.337   765   765 E keystore2: keystore2_main: panicked at 'Failed to create service android.system.keystore2.IKeystoreService/default because of In KeystoreService::new_native_binder: Trying to construct mandatory security level TEE.
11-20 15:14:44.337   765   765 E keystore2: 
11-20 15:14:44.337   765   765 E keystore2: Caused by:
11-20 15:14:44.337   765   765 E keystore2:     0: In KeystoreSecurityLevel::new_native_binder.
11-20 15:14:44.337   765   765 E keystore2:     1: In get_keymint_device.
11-20 15:14:44.337   765   765 E keystore2:     2: In connect_keymint: Trying to connect to genuine KeyMint service.
11-20 15:14:44.337   765   765 E keystore2:     3: Binder transaction error NAME_NOT_FOUND.', system/security/keystore2/src/keystore2_main.rs:82:9
11-20 15:14:44.337   765   766 W ServiceManager: Service android.hardware.security.sharedsecret.ISharedSecret/default didn't start. Returning NULL
11-20 15:14:44.337   765   766 W keystore2: keystore2::shared_secret_negotiation: Unable to connect "android.hardware.security.sharedsecret.ISharedSecret/default" with error:
11-20 15:14:44.337   765   766 W keystore2: BinderTransaction(NAME_NOT_FOUND)
11-20 15:14:44.337   765   766 W keystore2: Retrying later.
11-20 15:14:44.337   765   765 F libc    : Fatal signal 6 (SIGABRT), code -1 (SI_QUEUE) in tid 765 (Binder:765_2), pid 765 (Binder:765_2)
11-20 15:14:44.339   776   776 F linker  : CANNOT LINK EXECUTABLE "crash_dump64": library "libprocinfo.so" not found: needed by main executable
11-20 15:14:44.339   765   765 F libc    : crash_dump helper failed to exec, or was killed
11-20 15:14:44.345     1     1 I init    : Service 'keystore2' (pid 765) received signal 6
11-20 15:14:44.345     1     1 I init    : Sending signal 9 to service 'keystore2' (pid 765) process group...
11-20 15:14:44.345     1     1 I libprocessgroup: Successfully killed process cgroup uid 0 pid 765 in 0ms
11-20 15:14:44.345     1     1 I init    : starting service 'keystore2'...
11-20 15:14:44.346   777   777 E init    : failed to write pid to files: couldn't write 777 to /dev/cpuset/foreground/tasks: No such file or directory
11-20 15:14:44.352   777   777 I keystore2: keystore2_main: Keystore2 is starting.
11-20 15:14:44.352   777   777 I keystore2: keystore2_main: Starting thread pool now.
11-20 15:14:44.352   777   778 I keystore2: getDeviceHalManifest: Reading VINTF information.
11-20 15:14:44.353   777   778 I keystore2: getDeviceHalManifest: Successfully processed VINTF information
11-20 15:14:44.353   777   778 I ServiceManager: Waiting for service 'android.hardware.security.sharedsecret.ISharedSecret/default' on '/dev/binder'...
11-20 15:14:44.353   777   777 I ServiceManager: Waiting for service 'android.hardware.security.keymint.IKeyMintDevice/default' on '/dev/binder'...
11-20 15:14:44.645   447   447 W ServiceManager: Waited one second for android.system.keystore2.IKeystoreService/default (is service started? are binder threads started and available?)
11-20 15:14:44.646   442   442 I servicemanager: Since 'android.system.keystore2.IKeystoreService/default' could not be found, trying to start it as a lazy AIDL service
11-20 15:14:44.646   442   781 W libc    : Unable to set property "ctl.interface_start" to "aidl/android.system.keystore2.IKeystoreService/default": error code: 0x20
11-20 15:14:44.646   442   781 I servicemanager: Tried to start aidl service android.system.keystore2.IKeystoreService/default as a lazy service, but was unable to. Usually this happens when a service is not installed, but if the service is intended to be used as a lazy service, then it may be configured incorrectly.
11-20 15:14:44.651     1     1 E init    : Control message: Could not find 'aidl/android.system.keystore2.IKeystoreService/default' for ctl.interface_start from pid: 442 (/system/bin/servicemanager)
11-20 15:14:45.646   447   447 W ServiceManager: Waited one second for android.system.keystore2.IKeystoreService/default (is service started? are binder threads started and available?)
11-20 15:14:45.646   442   442 I servicemanager: Since 'android.system.keystore2.IKeystoreService/default' could not be found, trying to start it as a lazy AIDL service
11-20 15:14:45.646   442   782 W libc    : Unable to set property "ctl.interface_start" to "aidl/android.system.keystore2.IKeystoreService/default": error code: 0x20
11-20 15:14:45.646   442   782 I servicemanager: Tried to start aidl service android.system.keystore2.IKeystoreService/default as a lazy service, but was unable to. Usually this happens when a service is not installed, but if the service is intended to be used as a lazy service, then it may be configured incorrectly.
11-20 15:14:45.651     1     1 E init    : Control message: Could not find 'aidl/android.system.keystore2.IKeystoreService/default' for ctl.interface_start from pid: 442 (/system/bin/servicemanager)
11-20 15:14:46.646   447   447 W ServiceManager: Waited one second for android.system.keystore2.IKeystoreService/default (is service started? are binder threads started and available?)
11-20 15:14:46.646   442   442 I servicemanager: Since 'android.system.keystore2.IKeystoreService/default' could not be found, trying to start it as a lazy AIDL service
11-20 15:14:46.646   442   783 W libc    : Unable to set property "ctl.interface_start" to "aidl/android.system.keystore2.IKeystoreService/default": error code: 0x20
11-20 15:14:46.647   442   783 I servicemanager: Tried to start aidl service android.system.keystore2.IKeystoreService/default as a lazy service, but was unable to. Usually this happens when a service is not installed, but if the service is intended to be used as a lazy service, then it may be configured incorrectly.
11-20 15:14:46.652     1     1 E init    : Control message: Could not find 'aidl/android.system.keystore2.IKeystoreService/default' for ctl.interface_start from pid: 442 (/system/bin/servicemanager)
11-20 15:14:46.712   573   573 I [THP-HAL]: file_access_and_open:err open /dev/xiaomi-touch failed, retry!
11-20 15:14:47.002    78    78 E BATTERY_CHG: handle_message: [ADSP] fg_update_status:: ssoc: 19, rsoc: 18, raw_soc: 1769, vbat: 3739, ibat: -260, ffc: 0, btemp: 354, brm: 840, bfcc: 4748, bcc: 157, fcc: BattAuth-2000, icl: chg_det-500
11-20 15:14:47.646   447   447 W ServiceManager: Waited one second for android.system.keystore2.IKeystoreService/default (is service started? are binder threads started and available?)
11-20 15:14:47.646   442   442 I servicemanager: Since 'android.system.keystore2.IKeystoreService/default' could not be found, trying to start it as a lazy AIDL service
11-20 15:14:47.647   442   784 W libc    : Unable to set property "ctl.interface_start" to "aidl/android.system.keystore2.IKeystoreService/default": error code: 0x20
11-20 15:14:47.647   442   784 I servicemanager: Tried to start aidl service android.system.keystore2.IKeystoreService/default as a lazy service, but was unable to. Usually this happens when a service is not installed, but if the service is intended to be used as a lazy service, then it may be configured incorrectly.
11-20 15:14:47.652     1     1 E init    : Control message: Could not find 'aidl/android.system.keystore2.IKeystoreService/default' for ctl.interface_start from pid: 442 (/system/bin/servicemanager)
11-20 15:14:48.431   113   113 E BATTERY_CHG: xm_batt_update_work: batt_update_work: batt_temp:35400 blank_state:0,interval:10,soc:19
11-20 15:14:48.646   447   447 W ServiceManager: Waited one second for android.system.keystore2.IKeystoreService/default (is service started? are binder threads started and available?)
11-20 15:14:48.647   442   442 I servicemanager: Since 'android.system.keystore2.IKeystoreService/default' could not be found, trying to start it as a lazy AIDL service
11-20 15:14:48.647   442   785 W libc    : Unable to set property "ctl.interface_start" to "aidl/android.system.keystore2.IKeystoreService/default": error code: 0x20
11-20 15:14:48.647   442   785 I servicemanager: Tried to start aidl service android.system.keystore2.IKeystoreService/default as a lazy service, but was unable to. Usually this happens when a service is not installed, but if the service is intended to be used as a lazy service, then it may be configured incorrectly.
11-20 15:14:48.652     1     1 E init    : Control message: Could not find 'aidl/android.system.keystore2.IKeystoreService/default' for ctl.interface_start from pid: 442 (/system/bin/servicemanager)
11-20 15:14:49.358   777   778 W ServiceManager: Service android.hardware.security.sharedsecret.ISharedSecret/default didn't start. Returning NULL
11-20 15:14:49.359   777   778 W keystore2: keystore2::shared_secret_negotiation: Unable to connect "android.hardware.security.sharedsecret.ISharedSecret/default" with error:
11-20 15:14:49.359   777   778 W keystore2: BinderTransaction(NAME_NOT_FOUND)
11-20 15:14:49.359   777   778 W keystore2: Retrying later.
11-20 15:14:49.359   777   777 W ServiceManager: Service android.hardware.security.keymint.IKeyMintDevice/default didn't start. Returning NULL
11-20 15:14:49.359   777   777 E keystore2: keystore2_main: panicked at 'Failed to create service android.system.keystore2.IKeystoreService/default because of In KeystoreService::new_native_binder: Trying to construct mandatory security level TEE.
11-20 15:14:49.359   777   777 E keystore2: 
11-20 15:14:49.359   777   777 E keystore2: Caused by:
11-20 15:14:49.359   777   777 E keystore2:     0: In KeystoreSecurityLevel::new_native_binder.
11-20 15:14:49.359   777   777 E keystore2:     1: In get_keymint_device.
11-20 15:14:49.359   777   777 E keystore2:     2: In connect_keymint: Trying to connect to genuine KeyMint service.
11-20 15:14:49.359   777   777 E keystore2:     3: Binder transaction error NAME_NOT_FOUND.', system/security/keystore2/src/keystore2_main.rs:82:9
11-20 15:14:49.359   777   777 F libc    : Fatal signal 6 (SIGABRT), code -1 (SI_QUEUE) in tid 777 (Binder:777_2), pid 777 (Binder:777_2)
11-20 15:14:49.361   787   787 F linker  : CANNOT LINK EXECUTABLE "crash_dump64": library "libprocinfo.so" not found: needed by main executable
11-20 15:14:49.361   777   777 F libc    : crash_dump helper failed to exec, or was killed
11-20 15:14:49.367     1     1 I init    : Service 'keystore2' (pid 777) received signal 6
11-20 15:14:49.367     1     1 I init    : Sending signal 9 to service 'keystore2' (pid 777) process group...
11-20 15:14:49.367     1     1 I libprocessgroup: Successfully killed process cgroup uid 0 pid 777 in 0ms
11-20 15:14:49.367     1     1 I init    : starting service 'keystore2'...
11-20 15:14:49.368   788   788 E init    : failed to write pid to files: couldn't write 788 to /dev/cpuset/foreground/tasks: No such file or directory
11-20 15:14:49.374   788   788 I keystore2: keystore2_main: Keystore2 is starting.
11-20 15:14:49.374   788   788 I keystore2: keystore2_main: Starting thread pool now.
11-20 15:14:49.375   788   789 I keystore2: getDeviceHalManifest: Reading VINTF information.
11-20 15:14:49.375   788   789 I keystore2: getDeviceHalManifest: Successfully processed VINTF information
11-20 15:14:49.376   788   789 I ServiceManager: Waiting for service 'android.hardware.security.sharedsecret.ISharedSecret/default' on '/dev/binder'...
11-20 15:14:49.376   788   788 I ServiceManager: Waiting for service 'android.hardware.security.keymint.IKeyMintDevice/default' on '/dev/binder'...
11-20 15:14:49.647   447   447 W ServiceManager: Waited one second for android.system.keystore2.IKeystoreService/default (is service started? are binder threads started and available?)
11-20 15:14:49.647   442   442 I servicemanager: Since 'android.system.keystore2.IKeystoreService/default' could not be found, trying to start it as a lazy AIDL service
11-20 15:14:49.647   442   792 W libc    : Unable to set property "ctl.interface_start" to "aidl/android.system.keystore2.IKeystoreService/default": error code: 0x20
11-20 15:14:49.647   442   792 I servicemanager: Tried to start aidl service android.system.keystore2.IKeystoreService/default as a lazy service, but was unable to. Usually this happens when a service is not installed, but if the service is intended to be used as a lazy service, then it may be configured incorrectly.
11-20 15:14:49.652     1     1 E init    : Control message: Could not find 'aidl/android.system.keystore2.IKeystoreService/default' for ctl.interface_start from pid: 442 (/system/bin/servicemanager)
11-20 15:14:50.647   447   447 W ServiceManager: Waited one second for android.system.keystore2.IKeystoreService/default (is service started? are binder threads started and available?)
11-20 15:14:50.647   442   442 I servicemanager: Since 'android.system.keystore2.IKeystoreService/default' could not be found, trying to start it as a lazy AIDL service
11-20 15:14:50.647   442   793 W libc    : Unable to set property "ctl.interface_start" to "aidl/android.system.keystore2.IKeystoreService/default": error code: 0x20
11-20 15:14:50.647   442   793 I servicemanager: Tried to start aidl service android.system.keystore2.IKeystoreService/default as a lazy service, but was unable to. Usually this happens when a service is not installed, but if the service is intended to be used as a lazy service, then it may be configured incorrectly.
11-20 15:14:50.653     1     1 E init    : Control message: Could not find 'aidl/android.system.keystore2.IKeystoreService/default' for ctl.interface_start from pid: 442 (/system/bin/servicemanager)
11-20 15:14:51.647   447   447 W ServiceManager: Waited one second for android.system.keystore2.IKeystoreService/default (is service started? are binder threads started and available?)
11-20 15:14:51.647   442   442 I servicemanager: Since 'android.system.keystore2.IKeystoreService/default' could not be found, trying to start it as a lazy AIDL service
11-20 15:14:51.648   442   794 W libc    : Unable to set property "ctl.interface_start" to "aidl/android.system.keystore2.IKeystoreService/default": error code: 0x20
11-20 15:14:51.653     1     1 E init    : Control message: Could not find 'aidl/android.system.keystore2.IKeystoreService/default' for ctl.interface_start from pid: 442 (/system/bin/servicemanager)
11-20 15:14:51.648   442   794 I servicemanager: Tried to start aidl service android.system.keystore2.IKeystoreService/default as a lazy service, but was unable to. Usually this happens when a service is not installed, but if the service is intended to be used as a lazy service, then it may be configured incorrectly.
11-20 15:14:51.716   573   573 I [THP-HAL]: file_access_and_open:err open /dev/xiaomi-touch failed, retry!
11-20 15:14:52.647   447   447 W ServiceManager: Waited one second for android.system.keystore2.IKeystoreService/default (is service started? are binder threads started and available?)
11-20 15:14:52.648   442   442 I servicemanager: Since 'android.system.keystore2.IKeystoreService/default' could not be found, trying to start it as a lazy AIDL service
11-20 15:14:52.648   442   795 W libc    : Unable to set property "ctl.interface_start" to "aidl/android.system.keystore2.IKeystoreService/default": error code: 0x20
11-20 15:14:52.648   442   795 I servicemanager: Tried to start aidl service android.system.keystore2.IKeystoreService/default as a lazy service, but was unable to. Usually this happens when a service is not installed, but if the service is intended to be used as a lazy service, then it may be configured incorrectly.
11-20 15:14:52.653     1     1 E init    : Control message: Could not find 'aidl/android.system.keystore2.IKeystoreService/default' for ctl.interface_start from pid: 442 (/system/bin/servicemanager)
11-20 15:14:53.648   447   447 W ServiceManager: Waited one second for android.system.keystore2.IKeystoreService/default (is service started? are binder threads started and available?)
11-20 15:14:53.648   442   442 I servicemanager: Since 'android.system.keystore2.IKeystoreService/default' could not be found, trying to start it as a lazy AIDL service
11-20 15:14:53.648   442   796 W libc    : Unable to set property "ctl.interface_start" to "aidl/android.system.keystore2.IKeystoreService/default": error code: 0x20
11-20 15:14:53.648   442   796 I servicemanager: Tried to start aidl service android.system.keystore2.IKeystoreService/default as a lazy service, but was unable to. Usually this happens when a service is not installed, but if the service is intended to be used as a lazy service, then it may be configured incorrectly.
11-20 15:14:53.653     1     1 E init    : Control message: Could not find 'aidl/android.system.keystore2.IKeystoreService/default' for ctl.interface_start from pid: 442 (/system/bin/servicemanager)
11-20 15:14:54.381   788   789 W ServiceManager: Service android.hardware.security.sharedsecret.ISharedSecret/default didn't start. Returning NULL
11-20 15:14:54.381   788   789 W keystore2: keystore2::shared_secret_negotiation: Unable to connect "android.hardware.security.sharedsecret.ISharedSecret/default" with error:
11-20 15:14:54.381   788   789 W keystore2: BinderTransaction(NAME_NOT_FOUND)
11-20 15:14:54.381   788   789 W keystore2: Retrying later.
11-20 15:14:54.381   788   788 W ServiceManager: Service android.hardware.security.keymint.IKeyMintDevice/default didn't start. Returning NULL
11-20 15:14:54.381   788   788 E keystore2: keystore2_main: panicked at 'Failed to create service android.system.keystore2.IKeystoreService/default because of In KeystoreService::new_native_binder: Trying to construct mandatory security level TEE.
11-20 15:14:54.381   788   788 E keystore2: 
11-20 15:14:54.381   788   788 E keystore2: Caused by:
11-20 15:14:54.381   788   788 E keystore2:     0: In KeystoreSecurityLevel::new_native_binder.
11-20 15:14:54.381   788   788 E keystore2:     1: In get_keymint_device.
11-20 15:14:54.381   788   788 E keystore2:     2: In connect_keymint: Trying to connect to genuine KeyMint service.
11-20 15:14:54.381   788   788 E keystore2:     3: Binder transaction error NAME_NOT_FOUND.', system/security/keystore2/src/keystore2_main.rs:82:9
11-20 15:14:54.381   788   788 F libc    : Fatal signal 6 (SIGABRT), code -1 (SI_QUEUE) in tid 788 (Binder:788_2), pid 788 (Binder:788_2)
11-20 15:14:54.383   798   798 F linker  : CANNOT LINK EXECUTABLE "crash_dump64": library "libprocinfo.so" not found: needed by main executable
11-20 15:14:54.383   788   788 F libc    : crash_dump helper failed to exec, or was killed
11-20 15:14:54.389     1     1 I init    : Service 'keystore2' (pid 788) received signal 6
11-20 15:14:54.389     1     1 I init    : Sending signal 9 to service 'keystore2' (pid 788) process group...
11-20 15:14:54.389     1     1 I libprocessgroup: Successfully killed process cgroup uid 0 pid 788 in 0ms
11-20 15:14:54.389     1     1 I init    : starting service 'keystore2'...
11-20 15:14:54.390   799   799 E init    : failed to write pid to files: couldn't write 799 to /dev/cpuset/foreground/tasks: No such file or directory
11-20 15:14:54.396   799   799 I keystore2: keystore2_main: Keystore2 is starting.
11-20 15:14:54.396   799   799 I keystore2: keystore2_main: Starting thread pool now.
11-20 15:14:54.397   799   800 I keystore2: getDeviceHalManifest: Reading VINTF information.
11-20 15:14:54.397   799   800 I keystore2: getDeviceHalManifest: Successfully processed VINTF information
11-20 15:14:54.398   799   800 I ServiceManager: Waiting for service 'android.hardware.security.sharedsecret.ISharedSecret/default' on '/dev/binder'...
11-20 15:14:54.398   799   799 I ServiceManager: Waiting for service 'android.hardware.security.keymint.IKeyMintDevice/default' on '/dev/binder'...
11-20 15:14:54.648   447   447 W ServiceManager: Waited one second for android.system.keystore2.IKeystoreService/default (is service started? are binder threads started and available?)
11-20 15:14:54.648   442   442 I servicemanager: Since 'android.system.keystore2.IKeystoreService/default' could not be found, trying to start it as a lazy AIDL service
11-20 15:14:54.648   442   803 W libc    : Unable to set property "ctl.interface_start" to "aidl/android.system.keystore2.IKeystoreService/default": error code: 0x20
11-20 15:14:54.648   442   803 I servicemanager: Tried to start aidl service android.system.keystore2.IKeystoreService/default as a lazy service, but was unable to. Usually this happens when a service is not installed, but if the service is intended to be used as a lazy service, then it may be configured incorrectly.
11-20 15:14:54.653     1     1 E init    : Control message: Could not find 'aidl/android.system.keystore2.IKeystoreService/default' for ctl.interface_start from pid: 442 (/system/bin/servicemanager)
11-20 15:14:55.648   447   447 W ServiceManager: Waited one second for android.system.keystore2.IKeystoreService/default (is service started? are binder threads started and available?)
11-20 15:14:55.648   442   442 I servicemanager: Since 'android.system.keystore2.IKeystoreService/default' could not be found, trying to start it as a lazy AIDL service
11-20 15:14:55.649   442   804 W libc    : Unable to set property "ctl.interface_start" to "aidl/android.system.keystore2.IKeystoreService/default": error code: 0x20
11-20 15:14:55.649   442   804 I servicemanager: Tried to start aidl service android.system.keystore2.IKeystoreService/default as a lazy service, but was unable to. Usually this happens when a service is not installed, but if the service is intended to be used as a lazy service, then it may be configured incorrectly.
11-20 15:14:55.654     1     1 E init    : Control message: Could not find 'aidl/android.system.keystore2.IKeystoreService/default' for ctl.interface_start from pid: 442 (/system/bin/servicemanager)
11-20 15:14:56.648   447   447 W ServiceManager: Waited one second for android.system.keystore2.IKeystoreService/default (is service started? are binder threads started and available?)
11-20 15:14:56.649   442   442 I servicemanager: Since 'android.system.keystore2.IKeystoreService/default' could not be found, trying to start it as a lazy AIDL service
