02-07 09:43:07.120     1     1 I         : [awinic_haptic]aw86927_haptic_vbat_mode_config enter!
02-07 09:43:07.121     1     1 I         : [awinic_haptic]aw86927_haptic_f0_detect enter!
02-07 09:43:07.122     1     1 I         : [awinic_haptic]aw86927_haptic_auto_break_mode enter!
02-07 09:43:07.123     1     1 I         : [awinic_haptic]aw86927_haptic_is_within_cali_range enter!
02-07 09:43:07.123     1     1 I         : [awinic_haptic]aw86927_haptic_is_within_cali_range f0_pre = 1700, f0_cali_min = 1581, f0_cali_max = 1819, f0 = 1696
02-07 09:43:07.123     1     1 I         : [awinic_haptic]aw86927_calculate_cali_step enter!
02-07 09:43:07.123     1     1 I         : [awinic_haptic]aw86927_calculate_cali_step f0_cali_step = -9
02-07 09:43:08.565   442   442 I SELinux : SELinux: Loaded service_contexts from:
02-07 09:43:07.123     1     1 I         : [awinic_haptic]aw86927_calculate_cali_step origin trim_lra = 0x00, f0_cali_lra = 0x3F, final f0_calib_data = 0x3F
02-07 09:43:08.565   442   442 I SELinux :     /system/etc/selinux/plat_service_contexts
02-07 09:43:07.123     1     1 I         : [awinic_haptic]aw86927_haptic_upload_lra write f0_calib_data to trim_lra = 0x3F
02-07 09:43:07.123     1     1 I         : [awinic_haptic]aw86927_haptic_stop enter
02-07 09:43:07.124     1     1 I [awinic_haptic]aw86927_haptic_wait_enter_standby: entered standby!
02-07 09:43:07.124     1     1 I         : [awinic_haptic]aw86927_ram_init enter
02-07 09:43:07.124     1     1 I input   : awinic_haptic as /devices/platform/soc/ac0000.qcom,qupv3_0_geni_se/a80000.i2c/i2c-2/2-005a/input/input2
02-07 09:43:07.124     1     1 D         : rb init
02-07 09:43:07.124     1     1 I         : [awinic_haptic]awinic_i2c_probe probe completed successfully!
02-07 09:43:07.124     1     1 I xm_hap_driver_init: TODO.
02-07 09:43:07.124     1     1 I [sih_haptic]sih_parse_hw_dts: reset_gpio = 363, irq_gpio = 387
02-07 09:43:07.124     1     1 I [sih_haptic]sih_parse_lra_dts: lra_name = 0809
02-07 09:43:07.124     1     1 I [sih_haptic]sih_parse_lra_dts: default drv bst = 95
02-07 09:43:07.124     1     1 E [sih_haptic]sih_acquire_prepare_res: irq gpio request failed
02-07 09:43:07.124     1     1 I [sih_haptic]sih_i2c_probe: error, ret = -16
02-07 09:43:07.134     1     1 W sih_haptic_688X: probe of 2-006b failed with error -16
02-07 09:43:07.134     1     1 I boot_kpi: M - DRIVER GENI_I2C_2 Ready
02-07 09:43:07.134     1     1 I i2c_geni a80000.i2c: I2C probed
02-07 09:43:07.134     1     1 I boot_kpi: M - DRIVER GENI_I2C Init
02-07 09:43:07.134     1     1 I i2c_geni 880000.i2c: Client controls the I2C PM
02-07 09:43:07.134     1     1 I i2c_geni 880000.i2c: Bus frequency is set to 1000000Hz.
02-07 09:43:07.135     1     1 I boot_kpi: M - DRIVER GENI_I2C_5 Ready
02-07 09:43:07.135     1     1 I i2c_geni 880000.i2c: I2C probed
02-07 09:43:07.136     1     1 I boot_kpi: M - DRIVER GENI_I2C Init
02-07 09:43:07.136     1     1 I i2c_geni 884000.i2c: Bus frequency is set to 1000000Hz.
02-07 09:43:07.136     1     1 I boot_kpi: M - DRIVER GENI_I2C_6 Ready
02-07 09:43:07.136     1     1 I i2c_geni 884000.i2c: I2C probed
02-07 09:43:07.136     1     1 I boot_kpi: M - DRIVER GENI_I2C Init
02-07 09:43:07.136     1     1 I i2c_geni 88c000.i2c: Bus frequency is set to 400000Hz.
02-07 09:43:07.136     1     1 I boot_kpi: M - DRIVER GENI_I2C_4 Ready
02-07 09:43:07.136     1     1 I i2c_geni 88c000.i2c: I2C probed
02-07 09:43:07.137     1     1 E i3c_master_msm_geni: module has bad taint, not creating trace events
02-07 09:43:07.139     1     1 I qcom_dload_probe: Current dump mode: 0x20
02-07 09:43:07.141     1     1 I input   : pmic_pwrkey as /devices/platform/soc/c42d000.qcom,spmi/spmi-0/0-00/c42d000.qcom,spmi:qcom,pmk8550@0:pon_hlos@1300/c42d000.qcom,spmi:qcom,pmk8550@0:pon_hlos@1300:pwrkey/input/input4
02-07 09:43:07.141     1     1 I input   : pmic_resin as /devices/platform/soc/c42d000.qcom,spmi/spmi-0/0-00/c42d000.qcom,spmi:qcom,pmk8550@0:pon_hlos@1300/c42d000.qcom,spmi:qcom,pmk8550@0:pon_hlos@1300:resin/input/input5
02-07 09:43:07.142     1     1 I input   : pmic_pwrkey_resin_bark as /devices/platform/soc/c42d000.qcom,spmi/spmi-0/0-00/c42d000.qcom,spmi:qcom,pmk8550@0:pon_hlos@1300/c42d000.qcom,spmi:qcom,pmk8550@0:pon_hlos@1300:pwrkey-resin-bark/input/input6
02-07 09:43:07.142     1     1 I input   : pmic_pwrkey_bark as /devices/platform/soc/c42d000.qcom,spmi/spmi-0/0-00/c42d000.qcom,spmi:qcom,pmk8550@0:pon_hlos@1300/c42d000.qcom,spmi:qcom,pmk8550@0:pon_hlos@1300:pwrkey-bark/input/input7
02-07 09:43:07.173     1     1 I cpu_voltage_cooling: build_unified_table CPU1:7 CPU2:3
02-07 09:43:07.173     1     1 I cpu_voltage_cooling: build_unified_table freq1:3014400 freq2:2803200
02-07 09:43:07.173     1     1 I cpu_voltage_cooling: build_unified_table freq1:2918400 freq2:2707200
02-07 09:43:07.173     1     1 I cpu_voltage_cooling: build_unified_table freq1:2803200 freq2:2572800
02-07 09:43:07.173     1     1 I cpu_voltage_cooling: build_unified_table freq1:2668800 freq2:2361600
02-07 09:43:07.173     1     1 I cpu_voltage_cooling: build_unified_table freq1:2457600 freq2:2188800
02-07 09:43:07.173     1     1 I cpu_voltage_cooling: build_unified_table freq1:2304000 freq2:2073600
02-07 09:43:07.173     1     1 I cpu_voltage_cooling: build_unified_table freq1:2150400 freq2:1593600
02-07 09:43:07.173     1     1 I cpu_voltage_cooling: build_unified_table freq1:1900800 freq2:1593600
02-07 09:43:07.173     1     1 I cpu_voltage_cooling: build_unified_table freq1:1766400 freq2:1593600
02-07 09:43:07.173     1     1 I cpu_voltage_cooling: build_unified_table freq1:1651200 freq2:1593600
02-07 09:43:07.173     1     1 I cpu_voltage_cooling: build_unified_table freq1:1459200 freq2:1401600
02-07 09:43:07.173     1     1 I cpu_voltage_cooling: build_unified_table freq1:1324800 freq2:1286400
02-07 09:43:07.173     1     1 I cpu_voltage_cooling: build_unified_table freq1:1209600 freq2:1190400
02-07 09:43:07.173     1     1 I cpu_voltage_cooling: build_unified_table freq1:1094400 freq2:940800
02-07 09:43:07.173     1     1 I cpu_voltage_cooling: build_unified_table freq1:960000 freq2:787200
02-07 09:43:07.173     1     1 I cpu_voltage_cooling: build_unified_table freq1:787200 freq2:787200
02-07 09:43:07.173     1     1 I cpu_voltage_cooling: build_unified_table freq1:633600 freq2:633600
02-07 09:43:07.173     1     1 I cpu_voltage_cooling: build_unified_table freq1:480000 freq2:480000
02-07 09:43:07.198     1     1 I userspace-cdev soc: qcom,userspace-cdev: cdev:display-fps lvl:16 registered
02-07 09:43:07.202     1     1 E         : cpu_thermal_init cpu=0
02-07 09:43:07.202     1     1 E         : cpu_thermal_init cpu=1
02-07 09:43:07.202     1     1 E         : cpu_thermal_init cpu=2
02-07 09:43:07.202     1     1 E         : cpu_thermal_init cpu=3
02-07 09:43:07.202     1     1 E         : cpu_thermal_init cpu=4
02-07 09:43:07.202     1     1 E         : cpu_thermal_init cpu=5
02-07 09:43:07.202     1     1 E         : cpu_thermal_init cpu=6
02-07 09:43:07.202     1     1 E         : cpu_thermal_init cpu=7
02-07 09:43:07.202     1     1 I         : of_parse_thermal_message board sensor: VIRTUAL-SENSOR0
02-07 09:43:07.203     1     1 E mi_thermal_interface_init: Thermal: Can not parse mi_powersave node, return -22
02-07 09:43:07.203     1     1 I EDAC DEVICE0: Giving out device to module qcom_llcc_edac controller llcc: DEV qcom_llcc_edac (INTERRUPT)
02-07 09:43:07.205     1     1 E qcom_lpm: module has bad taint, not creating trace events
02-07 09:43:07.206     1     1 I cpuidle : using governor qcom-cpu-lpm
02-07 09:43:07.207     1     1 W qti-flash: get_custom_max_current: flash led no custom max current count found
02-07 09:43:07.207     1     1 W qti-flash: get_custom_max_current: flash led no custom max current count found
02-07 09:43:07.207     1     1 W qti-flash: get_custom_max_current: flash led no custom max current count found
02-07 09:43:07.207     1     1 W qti-flash: get_custom_max_current: flash led no custom max current count found
02-07 09:43:07.208     1     1 W mi_mempool: module is from the staging directory, the quality is unknown, you have been warned.
02-07 09:43:07.208     1     1 I         : mi_mempool init ok
02-07 09:43:07.208     1     1 W proc_exit: module is from the staging directory, the quality is unknown, you have been warned.
02-07 09:43:07.208     1     1 I proc_exit: module init!
02-07 09:43:07.209     1     1 W binder_prio: module is from the staging directory, the quality is unknown, you have been warned.
02-07 09:43:07.209     1     1 I binder_prio: module init!
02-07 09:43:07.209     1     1 W mi_log  : module is from the staging directory, the quality is unknown, you have been warned.
02-07 09:43:07.209     1     1 I MI_LOG  : mi_log init ok
02-07 09:43:07.209     1     1 W mi_exception_log: module is from the staging directory, the quality is unknown, you have been warned.
02-07 09:43:07.209     1     1 I MI_EXCEPTION_LOG: mi_exception_log init ok
02-07 09:43:07.252     1     1 E millet-binder_gki: enter init_binder_gki func!
02-07 09:43:07.253     1     1 E millet_millet-core: enter millet_init func!
02-07 09:43:07.253     1     1 E millet-millet_pkg: enter millet_pkg_init func!
02-07 09:43:07.253     1     1 E millet-millet_pkg: nf_register_hooks(millet hooks) success
02-07 09:43:07.253     1     1 E millet-millet_hs: enter millet_hs_init func!
02-07 09:43:07.253     1     1 E millet_millet-binder: enter init_millet_binder_drv func!
02-07 09:43:07.253     1     1 E millet_millet-sig: enter sig_mod_init func!
02-07 09:43:07.254     1     1 E millet-oem_cgroup: enter oem_cgrp_init func!
02-07 09:43:07.255     1     1 I metis-fas: 0, register_vip_task_detect now
02-07 09:43:07.255     1     1 I metis-fas: 0, register_ui_task_detect now
02-07 09:43:07.255     1     1 I metis-fas: 0, register_render_task_detect now
02-07 09:43:07.255     1     1 I metis-fas: register_mi_lb_detect_func 0 now
02-07 09:43:07.255     1     1 I metis-fas: 0 register_choose_cpu_overutiled now
02-07 09:43:07.255     1     1 I migt-gtc: migt_sched migt_sched_init: inited!
02-07 09:43:07.255     1     1 E glk     : game load init success
02-07 09:43:07.255     1     1 I metis-fas: 0 register_mi_sched_enable now
02-07 09:43:07.255     1     1 I mi-sched: mod 0 register_sched_load_update_hook now
02-07 09:43:07.255     1     1 I metis-fas: register_mi_find_energy_efficient_cpu now
02-07 09:43:07.255     1     1 I metis-fas: register_mi_walt_get_indicies now
02-07 09:43:07.255     1     1 I         : register_mi_update_fravg now
02-07 09:43:08.566   442   442 E SELinux : avc:  denied  { add } for pid=442 uid=0 name=manager scontext=u:r:recovery:s0 tcontext=u:object_r:service_manager_service:s0 tclass=service_manager permissive=1
02-07 09:43:07.255     1     1 I         : register_walt_update_hooks now
02-07 09:43:07.255     1     1 I metis-clu-aff: register_game_wake_f now
02-07 09:43:07.255     1     1 I metis-fas: register_mi_dequeue_task_fair_hook now
02-07 09:43:07.255     1     1 I metis-link: register_rvh_mi_try_to_wake_up[0] now
02-07 09:43:07.255     1     1 E flw     : frame load init success
02-07 09:43:07.268     1     1 I block2mtd: mtd0: [/dev/block/sda25] erase_size = 2048KiB [2097152]
02-07 09:43:07.270     1     1 I mtdoops : pares mtd_dt, mem_address =0xa7000000, mem_size =0x400000
02-07 09:43:07.270     1     1 I mtdoops : pares mtd_dt, pmsg_size =0x200000,console-size =0x200000
02-07 09:43:07.275     1     1 I mtdoops : Attached to MTD device 0
02-07 09:43:07.276     1     1 E slim_qcom_ngd_ctrl: module has bad taint, not creating trace events
02-07 09:43:07.277     1     1 E hwmon   : module has bad taint, not creating trace events
02-07 09:43:07.277     1     1 I cs_system_cfg: CoreSight Configuration manager initialised
02-07 09:43:07.278     1     1 I coresight-csr 10001000.csr: CSR initialized: coresight-csr
02-07 09:43:07.278     1     1 I coresight-csr 10b11000.csr: CSR initialized: coresight-swao-csr
02-07 09:43:07.279     1     1 I coresight-tmc 10048000.tmc: Adding to iommu group 5
02-07 09:43:07.280     1     1 I coresight-tmc 1004f000.tmc: Adding to iommu group 6
02-07 09:43:07.280     1     1 E 1004f000.tmc: ETR usb property is not configured!
02-07 09:43:07.285     1     1 I coresight-stm: STM32 initialized
02-07 09:43:07.286     1     1 I coresight-cti-qdss_cti: CTI initialized
02-07 09:43:07.286     1     1 I coresight-cti-cti0: CTI initialized
02-07 09:43:07.286     1     1 I coresight-cti-dlmm_cti0: CTI initialized
02-07 09:43:07.286     1     1 I coresight-cti-ddr_dl_0_cti_0: CTI initialized
02-07 09:43:07.286     1     1 I coresight-cti-ddr_dl_1_cti_0: CTI initialized
02-07 09:43:07.287     1     1 I coresight-cti-ddr_ch02_dl_cti_0: CTI initialized
02-07 09:43:07.287     1     1 I coresight-cti-ddr_ch13_dl_cti_0: CTI initialized
02-07 09:43:07.287     1     1 I coresight-cti-lpass_dl_cti: CTI initialized
02-07 09:43:07.287     1     1 I coresight-cti-apss_cti0: CTI initialized
02-07 09:43:07.287     1     1 I coresight-cti-apss_cti1: CTI initialized
02-07 09:43:07.287     1     1 I coresight-cti-apss_cti2: CTI initialized
02-07 09:43:07.287     1     1 I coresight-cti-apss_atb_cti: CTI initialized
02-07 09:43:07.287     1     1 I coresight-cti-swao_cti: CTI initialized
02-07 09:43:07.287     1     1 I coresight-cti-mss_q6_cti: CTI initialized
02-07 09:43:07.287     1     1 I coresight-cti-modem_tp_cti: CTI initialized
02-07 09:43:07.288     1     1 I coresight-dummy soc: tpdm@10b30000: Dummy device initialized
02-07 09:43:07.288     1     1 I coresight-dummy soc: tpdm@10b46000: Dummy device initialized
02-07 09:43:07.288     1     1 I coresight-dummy soc: lpass_stm: Dummy device initialized
02-07 09:43:07.288     1     1 I coresight-dummy soc: tpdm@10981000: Dummy device initialized
02-07 09:43:07.288     1     1 I coresight-dummy soc: tpdm@10801000: Dummy device initialized
02-07 09:43:07.288     1     1 I coresight-dummy soc: tpdm@1080d000: Dummy device initialized
02-07 09:43:07.288     1     1 I coresight-dummy soc: gladiator: Dummy device initialized
02-07 09:43:07.288     1     1 I coresight-dummy soc: modem_diag: Dummy device initialized
02-07 09:43:07.289     1     1 I coresight-dummy soc: dummy_replicator: Dummy device initialized
02-07 09:43:07.289     1     1 I coresight-dummy soc: dummy_sink: Dummy device initialized
02-07 09:43:07.289     1     1 I coresight-remote-etm soc: audio_etm0: Remote ETM initialized
02-07 09:43:07.290     1     1 I coresight-remote-etm soc: wpss_etm0: Remote ETM initialized
02-07 09:43:07.290     1     1 I coresight-remote-etm soc: turing_etm0: Remote ETM initialized
02-07 09:43:07.290     1     1 I coresight-remote-etm soc: modem_etm0: Remote ETM initialized
02-07 09:43:07.290     1     1 I coresight-remote-etm soc: modem2_etm0: Remote ETM initialized
02-07 09:43:07.291     1     1 I coresight-secure-etr soc: tmc_modem: assigned reserved memory node qdss_apps_region@82800000
02-07 09:43:07.307     1     1 I uaudio-qmi soc: usb_audio_qmi_dev: Adding to iommu group 7
02-07 09:43:07.308     1     1 E uaudio-qmi soc: usb_audio_qmi_dev: failed to register disconnect callback ret = 0
02-07 09:43:07.309     1     1 W smcinvoke_dlkm: loading out-of-tree module taints kernel.
02-07 09:43:07.310     1     1 E smcinvoke_dlkm: module has bad taint, not creating trace events
02-07 09:43:07.312     1     1 I debug_ext_init: init done!
02-07 09:43:07.324   112   112 D mtdoops : ready 7, 432
02-07 09:43:07.326     1     1 E msm_drm : module has bad taint, not creating trace events
02-07 09:43:07.327     1     1 I [sde_rsc_hw:rsc_hw_init_v3:545]: sde rsc init successfully done
02-07 09:43:07.327     1     1 I [sde_rsc:sde_rsc_probe:1831]: sde rsc index:0 probed successfully
02-07 09:43:07.327     1     1 I msmdrm_smmu soc: qcom,smmu_sde_unsec_cb: Adding to iommu group 8
02-07 09:43:07.327     1     1 I         : [drm] probing device qcom,smmu_sde_unsec
02-07 09:43:07.327     1     1 I         : [drm] Created domain mdp_ns, secure=0
02-07 09:43:07.327     1     1 I msmdrm_smmu soc: qcom,smmu_sde_sec_cb: Adding to iommu group 9
02-07 09:43:07.327     1     1 I         : [drm] probing device qcom,smmu_sde_sec
02-07 09:43:07.327     1     1 I         : [drm] Created domain mdp_s, secure=1
02-07 09:43:07.328     1     1 I [drm:sde_dbg_init:2679] evtlog_status: enable:11, panic:1, dump:2
02-07 09:43:07.328     1     1 E spi_geni a90000.spi: Failed to create device link (0x180) with ae00000.qcom,mdss_mdp
02-07 09:43:07.329     1     1 I         : [mi_disp:mi_disp_core_init [msm_drm]] [I]mi disp_core driver initialized!
02-07 09:43:07.329     1     1 I         : [mi_disp:mi_disp_cdev_register [msm_drm]] [I]cdev name = disp_log, dev_id = (476:0)
02-07 09:43:07.329     1     1 I         : [mi_disp:mi_disp_log_init [msm_drm]] [I]mi disp_log driver initialized!
02-07 09:43:07.329     1     1 I         : [mi_disp:mi_disp_cdev_register [msm_drm]] [I]cdev name = disp_feature, dev_id = (475:0)
02-07 09:43:07.329     1     1 I         : [mi_disp:mi_disp_feature_init [msm_drm]] [I]mi disp_feature driver initialized!
02-07 09:43:07.329     1     1 W dsi_phy ae95000.qcom,mdss_dsi_phy0: supply gdsc not found, using dummy regulator
02-07 09:43:07.329     1     1 I [drm:dsi_pll_init [msm_drm]] [msm-dsi-info]: DSI_PLL_0: DSI pll label = dsi_pll_4nm
02-07 09:43:07.330     1     1 I [drm:dsi_pll_init [msm_drm]] [msm-dsi-info]: DSI_PLL_0: PLL SSC enabled
02-07 09:43:07.330     1     1 I dsi_pll_init: PLL base=0000000039251494
02-07 09:43:07.330     1     1 I [drm:dsi_pll_clock_register_4nm [msm_drm]] [msm-dsi-info]: DSI_PLL_0: Registered clocks successfully
02-07 09:43:07.330     1     1 I [drm:dsi_phy_driver_probe [msm_drm]] [msm-dsi-info]: DSI_0: Probe successful
02-07 09:43:07.330     1     1 W dsi_phy ae97000.qcom,mdss_dsi_phy1: supply gdsc not found, using dummy regulator
02-07 09:43:07.330     1     1 I [drm:dsi_pll_init [msm_drm]] [msm-dsi-info]: DSI_PLL_0: DSI pll label = dsi_pll_4nm
02-07 09:43:07.330     1     1 I [drm:dsi_pll_init [msm_drm]] [msm-dsi-info]: DSI_PLL_1: PLL SSC enabled
02-07 09:43:07.330     1     1 I dsi_pll_init: PLL base=00000000d4f07a4b
02-07 09:43:07.330     1     1 I [drm:dsi_pll_clock_register_4nm [msm_drm]] [msm-dsi-info]: DSI_PLL_1: Registered clocks successfully
02-07 09:43:07.331     1     1 I [drm:dsi_phy_driver_probe [msm_drm]] [msm-dsi-info]: DSI_1: Probe successful
02-07 09:43:07.331     1     1 I [drm:dsi_ctrl_dev_probe [msm_drm]] [msm-dsi-info]: dsi-ctrl-0: Probe successful
02-07 09:43:07.331     1     1 I [drm:dsi_ctrl_dev_probe [msm_drm]] [msm-dsi-info]: dsi-ctrl-1: Probe successful
02-07 09:43:07.332     1     1 E OF      : graph: no port node found in /soc/qcom,dsi-display-primary
02-07 09:43:07.332     1     1 W [drm] [msm-dsi-warn]: [xiaomi 42 02 0a video mode dsc dsi panel] fallback to default te-pin-select
02-07 09:43:07.332     1     1 I         : [xiaomi 42 02 0a video mode dsc dsi panel] clk_strength = 255
02-07 09:43:07.332     1     1 I         : [xiaomi 42 02 0a video mode dsc dsi panel] deemph eq_strength default value = 0
02-07 09:43:07.332     1     1 I hw_item_add_child: display:(null)
02-07 09:43:07.332     1     1 I hw_item_add_child: panel_active:0
02-07 09:43:07.332     1     1 I hw_item_add_child: panel_doze_active:0
02-07 09:43:07.332     1     1 I hw_item_add_child: panel_daily_active:0
02-07 09:43:07.332     1     1 I hw_item_add_child: panel_doze_daily_active:0
02-07 09:43:07.332     1     1 I hw_item_add_child: panel_refresh:0
02-07 09:43:07.332     1     1 I hw_item_add_child: kernel_boottime:0
02-07 09:43:07.332     1     1 I hw_item_add_child: kernel_days:0
02-07 09:43:07.332     1     1 I hw_item_add_child: 1fps_times:0
02-07 09:43:07.332     1     1 I hw_item_add_child: 10fps_times:0
02-07 09:43:07.332     1     1 I hw_item_add_child: 24fps_times:0
02-07 09:43:07.332     1     1 I hw_item_add_child: 30fps_times:0
02-07 09:43:07.332     1     1 I hw_item_add_child: 40fps_times:0
02-07 09:43:07.332     1     1 I hw_item_add_child: 50fps_times:0
02-07 09:43:07.332     1     1 I hw_item_add_child: 60fps_times:0
02-07 09:43:07.332     1     1 I hw_item_add_child: 90fps_times:0
02-07 09:43:07.332     1     1 I hw_item_add_child: 120fps_times:0
02-07 09:43:07.332     1     1 I hw_item_add_child: 144fps_times:0
02-07 09:43:07.332     1     1 I hw_item_add_child: panel_id:1
02-07 09:43:07.332     1     1 I hw_item_add_child: poweron_cost_avg:0
02-07 09:43:07.332     1     1 I hw_item_add_child: esd_times:0
02-07 09:43:07.332     1     1 I hw_item_add_child: te_lost_times:0
02-07 09:43:07.332     1     1 I hw_item_add_child: underrun_times:0
02-07 09:43:07.332     1     1 I hw_item_add_child: overflow_times:0
02-07 09:43:07.332     1     1 I hw_item_add_child: pingpong_timeout_times:0
02-07 09:43:07.332     1     1 I hw_item_add_child: commit_long_times:0
02-07 09:43:07.332     1     1 I hw_item_add_child: cmdq_timeout_times:0
02-07 09:43:07.332     1     1 I         : [mi_disp:dsi_panel_parse_cell_id_read_config [msm_drm]] [I]cell_id_info after command parsing failed
02-07 09:43:07.332     1     1 I         : [mi_disp:dsi_panel_parse_wp_reg_read_config [msm_drm]] [I]wp_info pre command parsing failed
02-07 09:43:07.332     1     1 I         : [mi_disp:mi_dsi_panel_parse_config [msm_drm]] [I]mi,ddic-round-corner-enabled is defined
02-07 09:43:07.332     1     1 I         : [mi_disp:mi_dsi_panel_parse_config [msm_drm]] [I]local hbm feature enabled
02-07 09:43:07.332     1     1 I         : [mi_disp:mi_dsi_panel_parse_config [msm_drm]] [I]local hbm ui_ready delay 3 frame
02-07 09:43:07.332     1     1 I         : [mi_disp:mi_dsi_panel_parse_config [msm_drm]] [I]local hbm lhbm_hbm_mode_bl_value is 2047
02-07 09:43:07.333     1     1 I         : [mi_disp:mi_dsi_panel_parse_config [msm_drm]] [I]local hbm lhbm_lbl_mode_threshold  is 0
02-07 09:43:07.333     1     1 I         : [mi_disp:mi_dsi_panel_parse_config [msm_drm]] [I]local hbm ltmp_cmpst_on_threshold  is 0
02-07 09:43:07.333     1     1 I         : [mi_disp:mi_dsi_panel_parse_config [msm_drm]] [I]need fod animal in normal enabled
02-07 09:43:07.333     1     1 I [drm:mi_dsi_panel_parse_config [msm_drm]] [msm-dsi-info]: lhbm data size 18
02-07 09:43:07.333     1     1 I [drm:mi_dsi_panel_parse_config [msm_drm]] [msm-dsi-info]: lhbm index 1 = 0x2668
02-07 09:43:07.333     1     1 I         : [mi_disp:mi_dsi_panel_parse_config [msm_drm]] [I]flat mode is  default enabled
02-07 09:43:07.333     1     1 I         : [mi_disp:mi_dsi_panel_parse_config [msm_drm]] [I]mi,panel-on-dimming-delay is 120
02-07 09:43:07.333     1     1 I         : [mi_disp:mi_dsi_panel_parse_config [msm_drm]] [I]mi,doze-hbm-dbv-level is 245
02-07 09:43:07.334     1     1 I         : [mi_disp:mi_dsi_panel_parse_config [msm_drm]] [I]mi,doze-lbm-dbv-level is 20
02-07 09:43:07.334     1     1 I         : [mi_disp:mi_dsi_panel_parse_config [msm_drm]] [I]max_brightness_clone=16383
02-07 09:43:07.334     1     1 I         : [mi_disp:mi_dsi_panel_parse_config [msm_drm]] [I]panel hbm backlight threshold 8192
02-07 09:43:07.334     1     1 I mi_display_pwrkey_callback_set: func 000000007cd5cdb4 is set.
02-07 09:43:07.344     1     1 I [drm:dsi_display_init [msm_drm]] [msm-dsi-info]: component add success: (null)
02-07 09:43:07.344     1     1 I [drm:dsi_display_dev_probe [msm_drm]] [msm-dsi-info]: secondary default panel not found
02-07 09:43:07.345     1     1 I [drm:dsi_display_bind [msm_drm]] [msm-dsi-info]: Successfully bind display panel 'qcom,mdss_dsi_n16t_42_02_0a_dsc_vid '
02-07 09:43:07.345     1     1 I         : [mi_disp:mi_disp_feature_attach_display [msm_drm]] [I]create disp_feature:0 kthread success
02-07 09:43:07.345     1     1 I         : [mi_disp:mi_disp_lhbm_fod_thread_create [msm_drm]] [I]create disp_lhbm_fod:0 kthread success
02-07 09:43:07.345     1     1 I         : [mi_disp:mi_disp_procfs_init [msm_drm]] [I]create procfs mipi_rw_prim success!
02-07 09:43:07.346     1     1 I         : [mi_disp:mi_disp_procfs_init [msm_drm]] [I]create procfs tx_cmd_set_prim success!
02-07 09:43:07.346     1     1 I         : [mi_disp:mi_disp_procfs_init [msm_drm]] [I]create procfs dsi0_phy_rw success!
02-07 09:43:07.346     1     1 I         : [mi_disp:mi_disp_procfs_init [msm_drm]] [I]create procfs dsi0_porch_rw success!
02-07 09:43:07.346     1     1 I         : [mi_disp:mi_disp_procfs_init [msm_drm]] [I]create procfs pps0_rw success!
02-07 09:43:07.346     1     1 I         : [mi_disp:mi_disp_debugfs_init [msm_drm]] [I]create debugfs debug_log success!
02-07 09:43:07.347     1     1 I         : [mi_disp:mi_disp_debugfs_init [msm_drm]] [I]create debugfs backlight_log success!
02-07 09:43:07.347     1     1 I         : [mi_disp:mi_disp_debugfs_init [msm_drm]] [I]create debugfs esd_sw_prim success!
02-07 09:43:07.347     1     1 I         : [mi_disp:mi_disp_debugfs_init [msm_drm]] [I]create debugfs fod_test success!
02-07 09:43:07.347     1     1 I         : [mi_disp:mi_disp_feature_attach_display [msm_drm]] [I]attach primary display(DSI intf) success
02-07 09:43:07.347     1     1 I msm_drm ae00000.qcom,mdss_mdp: bound soc:qcom,dsi-display-primary (ops dsi_display_comp_ops [msm_drm])
02-07 09:43:07.348     1     1 I msm_drm ae00000.qcom,mdss_mdp: bound soc:qcom,dsi-display-secondary (ops dsi_display_comp_ops [msm_drm])
02-07 09:43:07.348     1     1 I msm_drm ae00000.qcom,mdss_mdp: bound soc:qcom,smmu_sde_unsec_cb (ops msm_smmu_comp_ops [msm_drm])
02-07 09:43:07.348     1     1 I msm_drm ae00000.qcom,mdss_mdp: bound soc:qcom,wb-display@1 (ops sde_wb_comp_ops [msm_drm])
02-07 09:43:07.348     1     1 I msm_drm ae00000.qcom,mdss_mdp: bound soc:qcom,wb-display@2 (ops sde_wb_comp_ops [msm_drm])
02-07 09:43:07.348     1     1 I msm_drm ae00000.qcom,mdss_mdp: bound af20000.qcom,sde_rscc (ops sde_rsc_comp_ops [msm_drm])
02-07 09:43:07.349     1     1 I         : [drm] mapped mdp address space @0000000089c908eb
02-07 09:43:07.349     1     1 I         : [drm:_sde_kms_hw_init_blocks:5076] sde hardware revision:0xa0010000
02-07 09:43:07.359     1     1 I [drm:dsi_panel_get_mode [msm_drm]] [msm-dsi-info]: default topology: lm: 1 comp_enc:1 intf: 1
02-07 09:43:07.360     1     1 I [mi_disp:mi_dsi_panel_parse_sub_timing [msm_drm]] [I]ddic_mode: normal, sf_refresh_rate:120, ddic_min_refresh_rate:120
02-07 09:43:07.360     1     1 I [mi_disp:mi_dsi_panel_parse_cmd_sets_update [msm_drm]] [I]WxH: 1220x2712, FPS: 120
02-07 09:43:07.360     1     1 I         : [mi_disp:mi_dsi_panel_parse_cmd_sets_update [msm_drm]] [I]qcom,mdss-dsi-nolp-command-update length = 12
02-07 09:43:07.360     1     1 I         : [mi_disp:mi_dsi_panel_parse_cmd_sets_update [msm_drm]] [I]find type(18) is [qcom,mdss-dsi-nolp-command] commands
02-07 09:43:07.360     1     1 I         : [mi_disp:mi_dsi_panel_parse_cmd_sets_update [msm_drm]] [I]update [qcom,mdss-dsi-nolp-command-update] mipi_address(0x51) index(1) lenght(2)
02-07 09:43:07.361     1     1 I         : [mi_disp:mi_dsi_panel_parse_cmd_sets_update [msm_drm]] [I]mi,mdss-dsi-local-hbm-normal-white-1000nit-command-update length = 24
02-07 09:43:07.361     1     1 I         : [mi_disp:mi_dsi_panel_parse_cmd_sets_update [msm_drm]] [I]find type(48) is [mi,mdss-dsi-local-hbm-normal-white-1000nit-command] commands
02-07 09:43:07.361     1     1 I         : [mi_disp:mi_dsi_panel_parse_cmd_sets_update [msm_drm]] [I]update [mi,mdss-dsi-local-hbm-normal-white-1000nit-command-update] mipi_address(0xA9) index(23) lenght(14)
02-07 09:43:07.361     1     1 I         : [mi_disp:mi_dsi_panel_parse_cmd_sets_update [msm_drm]] [I]update [mi,mdss-dsi-local-hbm-normal-white-1000nit-command-update] mipi_address(0xD1) index(22) lenght(6)
02-07 09:43:07.361     1     1 I         : [mi_disp:mi_dsi_panel_parse_cmd_sets_update [msm_drm]] [I]mi,mdss-dsi-local-hbm-hlpm-white-1000nit-command-update length = 24
02-07 09:43:07.362     1     1 I         : [mi_disp:mi_dsi_panel_parse_cmd_sets_update [msm_drm]] [I]find type(49) is [mi,mdss-dsi-local-hbm-hlpm-white-1000nit-command] commands
02-07 09:43:07.362     1     1 I         : [mi_disp:mi_dsi_panel_parse_cmd_sets_update [msm_drm]] [I]update [mi,mdss-dsi-local-hbm-hlpm-white-1000nit-command-update] mipi_address(0xA9) index(23) lenght(14)
02-07 09:43:07.362     1     1 I         : [mi_disp:mi_dsi_panel_parse_cmd_sets_update [msm_drm]] [I]update [mi,mdss-dsi-local-hbm-hlpm-white-1000nit-command-update] mipi_address(0xD1) index(22) lenght(6)
02-07 09:43:07.362     1     1 I         : [mi_disp:mi_dsi_panel_parse_cmd_sets_update [msm_drm]] [I]mi,mdss-dsi-local-hbm-normal-white-110nit-command-update length = 24
02-07 09:43:07.362     1     1 I         : [mi_disp:mi_dsi_panel_parse_cmd_sets_update [msm_drm]] [I]find type(54) is [mi,mdss-dsi-local-hbm-normal-white-110nit-command] commands
02-07 09:43:07.363     1     1 I         : [mi_disp:mi_dsi_panel_parse_cmd_sets_update [msm_drm]] [I]update [mi,mdss-dsi-local-hbm-normal-white-110nit-command-update] mipi_address(0xD1) index(22) lenght(6)
02-07 09:43:07.363     1     1 I         : [mi_disp:mi_dsi_panel_parse_cmd_sets_update [msm_drm]] [I]update [mi,mdss-dsi-local-hbm-normal-white-110nit-command-update] mipi_address(0xA9) index(23) lenght(14)
02-07 09:43:07.363     1     1 I         : [mi_disp:mi_dsi_panel_parse_cmd_sets_update [msm_drm]] [I]mi,mdss-dsi-local-hbm-hlpm-white-110nit-command-update length = 24
02-07 09:43:07.363     1     1 I         : [mi_disp:mi_dsi_panel_parse_cmd_sets_update [msm_drm]] [I]find type(55) is [mi,mdss-dsi-local-hbm-hlpm-white-110nit-command] commands
02-07 09:43:07.363     1     1 I         : [mi_disp:mi_dsi_panel_parse_cmd_sets_update [msm_drm]] [I]update [mi,mdss-dsi-local-hbm-hlpm-white-110nit-command-update] mipi_address(0xD1) index(22) lenght(6)
02-07 09:43:07.364     1     1 I         : [mi_disp:mi_dsi_panel_parse_cmd_sets_update [msm_drm]] [I]update [mi,mdss-dsi-local-hbm-hlpm-white-110nit-command-update] mipi_address(0xA9) index(23) lenght(14)
02-07 09:43:07.364     1     1 I         : [mi_disp:mi_dsi_panel_parse_cmd_sets_update [msm_drm]] [I]mi,mdss-dsi-local-hbm-normal-green-500nit-command-update length = 24
02-07 09:43:07.364     1     1 I         : [mi_disp:mi_dsi_panel_parse_cmd_sets_update [msm_drm]] [I]find type(56) is [mi,mdss-dsi-local-hbm-normal-green-500nit-command] commands
02-07 09:43:07.364     1     1 I         : [mi_disp:mi_dsi_panel_parse_cmd_sets_update [msm_drm]] [I]update [mi,mdss-dsi-local-hbm-normal-green-500nit-command-update] mipi_address(0xD1) index(22) lenght(6)
02-07 09:43:07.364     1     1 I         : [mi_disp:mi_dsi_panel_parse_cmd_sets_update [msm_drm]] [I]update [mi,mdss-dsi-local-hbm-normal-green-500nit-command-update] mipi_address(0xA9) index(23) lenght(14)
02-07 09:43:07.365     1     1 I         : [mi_disp:mi_dsi_panel_parse_2F26reg_gamma_config [msm_drm]] [I]mi,mdss-flat-status-control-gamma-2F-cfg not defined rc=-22
02-07 09:43:07.365     1     1 I         : [mi_disp:mi_dsi_panel_parse_2F26reg_gamma_config [msm_drm]] [I]mi,mdss-flat-status-control-gamma-26-cfg not defined rc=-22
02-07 09:43:07.365     1     1 I         : [mi_disp:mi_sde_connector_register_esd_irq [msm_drm]] [I]primary display register esd irq success
02-07 09:43:07.366     1     1 I gh_msgq : Registered client for label: 2
02-07 09:43:07.367     1     1 I         : [drm] Initialized msm_drm 1.4.0 20130625 for ae00000.qcom,mdss_mdp on minor 0
02-07 09:43:07.367     1     1 I         : [drm] cont_splash enabled in 1 of 1 display(s)
02-07 09:43:07.367     1     1 I [drm:dsi_ctrl_isr_configure [msm_drm]] [msm-dsi-info]: dsi-ctrl-0: IRQ 265 registered
02-07 09:43:07.368     1     1 I [drm:dsi_display_init [msm_drm]] [msm-dsi-info]: component add success: (null)
02-07 09:43:07.368     1     1 E         : [mi_disp:mi_get_panel_id_by_dsi_panel [msm_drm]] [E]invalid params
02-07 09:43:07.368     1     1 E         : [mi_disp:mi_get_panel_id_by_dsi_panel [msm_drm]] [E]invalid params
02-07 09:43:07.368     1     1 E         : [mi_disp:mi_get_panel_id_by_dsi_panel [msm_drm]] [E]invalid params
02-07 09:43:07.368     1     1 I disp_cc-pineapple af00000.clock-controller: sync-state
02-07 09:43:07.798   343   343 I         : ufs_ffu Start
02-07 09:43:07.798   343   343 I         : ufs_ffu module ufs_xiaomi_comp ready---
02-07 09:43:07.798   343   343 I         : ufs_ffu lun = 0
02-07 09:43:07.798   343   343 E         : [ufs_ffu] goto get partattion info
02-07 09:43:07.798   343   343 I         : [ufs_ffu] check partation info
02-07 09:43:07.798   343   343 I         : [ufs_ffu] partion name: ffu
02-07 09:43:07.798   343   343 W [ufs_ffu] partion: sda start 6144(block) size 2048(block)
02-07 09:43:07.798   343   343 E         : [ufs_ffu] get partattion info comeplate
02-07 09:43:07.798   343   343 I         : [ufs_ffu] check ffu_arry, vendor:SKhynix , product:HN8T174EJKX075  , fw_rev:X204
02-07 09:43:07.802   343   343 E sd 0    : 0:0:0: sense key:0x0; asc:0x0; ascq:0x0
02-07 09:43:07.802   343   343 E         : [ufs_ffu] ufs_flag is not FFU
02-07 09:43:07.802   343   343 I match vendor: SKhynix , product id:HN8T174EJKX075   hw_sectors 2048
02-07 09:43:07.802   343   343 I         : ufs_ffu firmware is already the newest now
02-07 09:43:08.388     1     1 I KernelSU: /system/bin/init argc: 2
02-07 09:43:08.388     1     1 I KernelSU: /system/bin/init first arg: selinux_setup
02-07 09:43:08.388     1     1 W printk  : init: 648 output lines suppressed due to ratelimiting
02-07 09:43:08.396     1     1 W init    : DM_DEV_STATUS failed for system_ext_a: No such device or address
02-07 09:43:08.396     1     1 E init    : Could not update logical partition
02-07 09:43:08.396     1     1 W init    : DM_DEV_STATUS failed for product_a: No such device or address
02-07 09:43:08.396     1     1 E init    : Could not update logical partition
02-07 09:43:08.396     1     1 I init    : Opening SELinux policy
02-07 09:43:08.396     1     1 I init    : Loading SELinux policy
02-07 09:43:08.399     1     1 I SELinux : Permission nlmsg_getneigh in class netlink_route_socket not defined in policy.
02-07 09:43:08.399     1     1 I SELinux : Permission bpf in class capability2 not defined in policy.
02-07 09:43:08.399     1     1 I SELinux : Permission checkpoint_restore in class capability2 not defined in policy.
02-07 09:43:08.399     1     1 I SELinux : Permission bpf in class cap2_userns not defined in policy.
02-07 09:43:08.399     1     1 I SELinux : Permission checkpoint_restore in class cap2_userns not defined in policy.
02-07 09:43:08.399     1     1 I SELinux : Class mctp_socket not defined in policy.
02-07 09:43:08.399     1     1 I SELinux : Class io_uring not defined in policy.
02-07 09:43:08.399     1     1 I SELinux : Class user_namespace not defined in policy.
02-07 09:43:08.399     1     1 I SELinux : the above unknown classes and permissions will be denied
02-07 09:43:08.400     1     1 I SELinux : policy capability network_peer_controls=1
02-07 09:43:08.400     1     1 I SELinux : policy capability open_perms=1
02-07 09:43:08.400     1     1 I SELinux : policy capability extended_socket_class=1
02-07 09:43:08.400     1     1 I SELinux : policy capability always_check_network=0
02-07 09:43:08.400     1     1 I SELinux : policy capability cgroup_seclabel=0
02-07 09:43:08.400     1     1 I SELinux : policy capability nnp_nosuid_transition=1
02-07 09:43:08.400     1     1 I SELinux : policy capability genfs_seclabel_symlinks=0
02-07 09:43:08.400     1     1 I SELinux : policy capability ioctl_skip_cloexec=0
02-07 09:43:08.411   436   436 W auditd  : type=1403 audit(0.0:2): auid=4294967295 ses=4294967295 lsm=selinux res=1
02-07 09:43:08.411   436   436 W auditd  : type=1404 audit(0.0:3): enforcing=1 old_enforcing=0 auid=4294967295 ses=4294967295 enabled=1 old-enabled=1 lsm=selinux res=1
02-07 09:43:08.421     1     1 I selinux : SELinux: Loaded file_contexts
02-07 09:43:08.421     1     1 I selinux :  
02-07 09:43:08.422     1     1 I KernelSU: /system/bin/init argc: 2
02-07 09:43:08.422     1     1 I KernelSU: /system/bin/init first arg: second_stage
02-07 09:43:08.422     1     1 I KernelSU: /system/bin/init second_stage executed
02-07 09:43:08.432     1     1 I KernelSU: android context saved disabled
02-07 09:43:08.439     1     1 I init    : init second stage started!
02-07 09:43:08.445     1     1 I init    : Using Android DT directory /proc/device-tree/firmware/android/
02-07 09:43:08.445     1     1 W init    : Overriding previous property 'persist.sys.usb.config':'adb' with new value 'none'
02-07 09:43:08.445     1     1 W init    : Couldn't load property file '/system/build.prop': open() failed: No such file or directory: No such file or directory
02-07 09:43:08.445     1     1 W init    : Couldn't load property file '/system_ext/etc/build.prop': open() failed: No such file or directory: No such file or directory
02-07 09:43:08.445     1     1 W init    : Couldn't load property file '/system_ext/default.prop': open() failed: No such file or directory: No such file or directory
02-07 09:43:08.445     1     1 W init    : Couldn't load property file '/system_ext/build.prop': open() failed: No such file or directory: No such file or directory
02-07 09:43:08.445     1     1 W init    : Couldn't load property file '/system_ext/default.prop': open() failed: No such file or directory: No such file or directory
02-07 09:43:08.445     1     1 W init    : Couldn't load property file '/system_ext/build.prop': open() failed: No such file or directory: No such file or directory
02-07 09:43:08.445     1     1 W init    : Couldn't load property file '/vendor/default.prop': open() failed: No such file or directory: No such file or directory
02-07 09:43:08.449   425   425 I KernelSU: /system/bin/init argc: 4
02-07 09:43:08.451     1     1 E cgroup  : Unknown subsys name 'schedtune'
02-07 09:43:08.455   426   426 I ueventd : type=1400 audit(0.0:4): avc: denied { sys_nice } for capability=23 scontext=u:r:ueventd:s0 tcontext=u:r:ueventd:s0 tclass=capability permissive=1
02-07 09:43:08.463   426   426 I ueventd : ueventd started!
02-07 09:43:08.464   426   426 I selinux : SELinux: Loaded file_contexts
02-07 09:43:08.464   426   426 I selinux :  
02-07 09:43:08.464   426   426 I ueventd : Parsing file /system/etc/ueventd.rc...
02-07 09:43:08.464   426   426 I ueventd : Added '/vendor/etc/ueventd.rc' to import list
02-07 09:43:08.464   426   426 I ueventd : Added '/odm/etc/ueventd.rc' to import list
02-07 09:43:08.464   426   426 E ueventd : /system/etc/ueventd.rc: 41: invalid uid 'prng_seeder'
02-07 09:43:08.464   426   426 I ueventd : Parsing file /vendor/etc/ueventd.rc...
02-07 09:43:08.464   426   426 I ueventd : Unable to read config file '/vendor/etc/ueventd.rc': open() failed: No such file or directory
02-07 09:43:08.464   426   426 I ueventd : Parsing file /odm/etc/ueventd.rc...
02-07 09:43:08.531   429   429 I         : ueventd (429) used greatest stack depth: 13456 bytes left
02-07 09:43:08.538   428   428 I         : ueventd (428) used greatest stack depth: 13248 bytes left
02-07 09:43:08.541   431   431 I         : ueventd (431) used greatest stack depth: 13120 bytes left
02-07 09:43:08.556   435   435 I         : init (435) used greatest stack depth: 13024 bytes left
02-07 09:43:08.551   436   436 I init    : type=1400 audit(0.0:5): avc: denied { entrypoint } for path="/system/bin/logd" dev="rootfs" ino=615 scontext=u:r:logd:s0 tcontext=u:object_r:rootfs:s0 tclass=file permissive=1
02-07 09:43:08.551   436   436 I logd    : type=1400 audit(0.0:6): avc: denied { map } for path="/system/bin/logd" dev="rootfs" ino=615 scontext=u:r:logd:s0 tcontext=u:object_r:rootfs:s0 tclass=file permissive=1
02-07 09:43:08.551   436   436 I logd    : type=1400 audit(0.0:7): avc: denied { read } for path="/system/bin/logd" dev="rootfs" ino=615 scontext=u:r:logd:s0 tcontext=u:object_r:rootfs:s0 tclass=file permissive=1
02-07 09:43:08.551   436   436 I logd    : type=1400 audit(0.0:8): avc: denied { execute } for path="/system/bin/logd" dev="rootfs" ino=615 scontext=u:r:logd:s0 tcontext=u:object_r:rootfs:s0 tclass=file permissive=1
02-07 09:43:08.551   436   436 I logd    : type=1400 audit(0.0:9): avc: denied { getattr } for path="/system/bin/logd" dev="rootfs" ino=615 scontext=u:r:logd:s0 tcontext=u:object_r:rootfs:s0 tclass=file permissive=1
02-07 09:43:08.551   436   436 I logd    : type=1400 audit(0.0:10): avc: denied { read } for name="bin" dev="rootfs" ino=502 scontext=u:r:logd:s0 tcontext=u:object_r:rootfs:s0 tclass=dir permissive=1
02-07 09:43:08.562   436   436 E logd    : libprocessgroup: Failed to read task profiles from /etc/task_profiles.json
02-07 09:43:08.562   436   436 E logd    : libprocessgroup: Loading /etc/task_profiles.json for [436] failed
02-07 09:43:08.562   436   436 W logd    : libprocessgroup: Failed to find SCHED_SP_BACKGROUNDtask profile: No such file or directory
02-07 09:43:08.562   436   436 E logd    : Cannot read /system/etc/event-log-tags
02-07 09:43:08.562   436   436 I logd.auditd: start
02-07 09:43:08.569   438   438 E SELinux : avc:  denied  { add } for interface=android.hidl.base::IBase sid=u:r:recovery:s0 pid=438 scontext=u:r:recovery:s0 tcontext=u:object_r:hidl_base_hwservice:s0 tclass=hwservice_manager permissive=1
02-07 09:43:08.569   443   443 I SELinux : SELinux: Loaded service_contexts from:
02-07 09:43:08.569   443   443 I SELinux :     /vendor/etc/selinux/vndservice_contexts
02-07 09:43:08.569   438   438 E SELinux : avc:  denied  { add } for interface=android.hidl.manager::IServiceManager sid=u:r:recovery:s0 pid=438 scontext=u:r:recovery:s0 tcontext=u:object_r:hidl_manager_hwservice:s0 tclass=hwservice_manager permissive=1
02-07 09:43:08.569   438   438 I hwservicemanager: getFrameworkHalManifest: Reading VINTF information.
02-07 09:43:08.569   443   443 E SELinux : avc:  denied  { add } for pid=443 uid=0 name=manager scontext=u:r:recovery:s0 tcontext=u:object_r:service_manager_vndservice:s0 tclass=service_manager permissive=1
02-07 09:43:08.569   438   438 W hwservicemanager: Cannot fetch /system/etc/vintf/manifest.xml: Illformed file: /system/etc/vintf/manifest.xml: Unrecognized manifest.version 7.0 (libvintf@4.0)
02-07 09:43:08.569   438   438 E hwservicemanager: getFrameworkHalManifest: status from fetching VINTF information: -2
02-07 09:43:08.569   438   438 E hwservicemanager: getFrameworkHalManifest: -2 VINTF parse error: Cannot read /system/manifest.xml: No such file or directory
02-07 09:43:08.559     1     1 I init    : type=1400 audit(0.0:15): avc: denied { write } for name="sched_lib_name" dev="proc" ino=24849 scontext=u:r:init:s0 tcontext=u:object_r:proc:s0 tclass=file permissive=1
02-07 09:43:08.559     1     1 I init    : type=1400 audit(0.0:16): avc: denied { module_request } for kmod="fs-functionfs" scontext=u:r:init:s0 tcontext=u:r:kernel:s0 tclass=system permissive=1
02-07 09:43:08.563     1     1 I init    : type=1400 audit(0.0:17): avc: denied { write } for name="force_sysfs_fallback" dev="proc" ino=25758 scontext=u:r:init:s0 tcontext=u:object_r:proc:s0 tclass=file permissive=1
02-07 09:43:08.563   442   442 I servicemanager: type=1400 audit(0.0:18): avc: denied { create } for scontext=u:r:recovery:s0 tcontext=u:r:recovery:s0 tclass=netlink_selinux_socket permissive=1
02-07 09:43:08.563     1     1 I init    : type=1400 audit(0.0:19): avc: denied { mounton } for path="/mnt/vendor/persist" dev="tmpfs" ino=8 scontext=u:r:init:s0 tcontext=u:object_r:mnt_vendor_file:s0 tclass=dir permissive=1
02-07 09:43:08.570   438   438 I hwservicemanager: getDeviceHalManifest: Successfully processed VINTF information
02-07 09:43:08.570   438   438 I hwservicemanager: getTransport: Cannot find entry android.hidl.manager@1.2::IServiceManager/default in either framework or device VINTF manifest.
02-07 09:43:08.570   438   438 E SELinux : avc:  denied  { add } for interface=android.hidl.token::ITokenManager sid=u:r:recovery:s0 pid=438 scontext=u:r:recovery:s0 tcontext=u:object_r:hidl_token_hwservice:s0 tclass=hwservice_manager permissive=1
02-07 09:43:08.570   438   438 I hwservicemanager: getFrameworkHalManifest: Reading VINTF information.
02-07 09:43:08.570   438   438 W hwservicemanager: Cannot fetch /system/etc/vintf/manifest.xml: Illformed file: /system/etc/vintf/manifest.xml: Unrecognized manifest.version 7.0 (libvintf@4.0)
02-07 09:43:08.570   438   438 E hwservicemanager: getFrameworkHalManifest: status from fetching VINTF information: -2
02-07 09:43:08.570   438   438 E hwservicemanager: getFrameworkHalManifest: -2 VINTF parse error: Cannot read /system/manifest.xml: No such file or directory
02-07 09:43:08.570   438   438 I hwservicemanager: getTransport: Cannot find entry android.hidl.token@1.0::ITokenManager/default in either framework or device VINTF manifest.
02-07 09:43:08.571   438   438 I hwservicemanager: hwservicemanager is ready now.
02-07 09:43:08.573   437   437 E cutils-trace: Error opening trace file: No such file or directory (2)
02-07 09:43:08.573   438   438 E cutils-trace: Error opening trace file: No such file or directory (2)
02-07 09:43:08.573   438   438 I hwservicemanager: getFrameworkHalManifest: Reading VINTF information.
02-07 09:43:08.573   438   438 W hwservicemanager: Cannot fetch /system/etc/vintf/manifest.xml: Illformed file: /system/etc/vintf/manifest.xml: Unrecognized manifest.version 7.0 (libvintf@4.0)
02-07 09:43:08.573   438   438 E hwservicemanager: getFrameworkHalManifest: status from fetching VINTF information: -2
02-07 09:43:08.573   438   438 E hwservicemanager: getFrameworkHalManifest: -2 VINTF parse error: Cannot read /system/manifest.xml: No such file or directory
02-07 09:43:08.567     1     1 W         : request_module fs-functionfs succeeded, but still no fs?
02-07 09:43:08.568     1     1 I         : Mass Storage Function, version: 2009/09/11
02-07 09:43:08.568     1     1 I LUN     : removable file: (no medium)
02-07 09:43:08.568     1     1 I         : file system registered
02-07 09:43:08.576     1     1 I cur_role: NONE new_role:DEVICE refcnt:0
02-07 09:43:08.576    10    10 I msm-dwc3 a600000.ssusb: undefined state, mdwc->inputs is 3
02-07 09:43:08.578    10    10 I msm-dwc3 a600000.ssusb: DWC3 exited from low power mode
02-07 09:43:08.578    10    10 I msm_eusb2_phy 88e3000.hsphy: phy_flags:0
02-07 09:43:08.563   442   442 I servicemanager: type=1400 audit(0.0:20): avc: denied { bind } for scontext=u:r:recovery:s0 tcontext=u:r:recovery:s0 tclass=netlink_selinux_socket permissive=1
02-07 09:43:08.563   442   442 I servicemanager: type=1400 audit(0.0:21): avc: denied { read } for name="perms" dev="selinuxfs" ino=67112490 scontext=u:r:recovery:s0 tcontext=u:object_r:selinuxfs:s0 tclass=dir permissive=1
02-07 09:43:08.563   442   442 I servicemanager: type=1400 audit(0.0:22): avc: denied { open } for path="/sys/fs/selinux/class/service_manager/perms" dev="selinuxfs" ino=67112490 scontext=u:r:recovery:s0 tcontext=u:object_r:selinuxfs:s0 tclass=dir permissive=1
02-07 09:43:08.563   442   442 I servicemanager: type=1400 audit(0.0:23): avc: denied { write } for name="access" dev="selinuxfs" ino=6 scontext=u:r:recovery:s0 tcontext=u:object_r:selinuxfs:s0 tclass=file permissive=1
02-07 09:43:08.563   442   442 I servicemanager: type=1400 audit(0.0:24): avc: denied { compute_av } for scontext=u:r:recovery:s0 tcontext=u:object_r:kernel:s0 tclass=security permissive=1
02-07 09:43:08.563   442   442 I servicemanager: type=1400 audit(0.0:25): avc: denied { set_context_mgr } for scontext=u:r:recovery:s0 tcontext=u:r:recovery:s0 tclass=binder permissive=1
02-07 09:43:08.563   438   438 I hwservicemanage: type=1400 audit(0.0:26): avc: denied { create } for scontext=u:r:recovery:s0 tcontext=u:r:recovery:s0 tclass=netlink_selinux_socket permissive=1
02-07 09:43:08.563   443   443 I vndservicemanag: type=1400 audit(0.0:27): avc: denied { read } for name="vndbinder" dev="binder" ino=6 scontext=u:r:recovery:s0 tcontext=u:object_r:vndbinder_device:s0 tclass=chr_file permissive=1
02-07 09:43:08.563   443   443 I vndservicemanag: type=1400 audit(0.0:28): avc: denied { write } for name="vndbinder" dev="binder" ino=6 scontext=u:r:recovery:s0 tcontext=u:object_r:vndbinder_device:s0 tclass=chr_file permissive=1
02-07 09:43:08.579    10    10 I eusb2-repeater c42d000.qcom,spmi: qcom,pm7550ba@7:eusb2-repeater@fd00: HI MI init device!
02-07 09:43:08.579    10    10 I eusb2-repeater c42d000.qcom,spmi: qcom,pm7550ba@7:eusb2-repeater@fd00: eUSB2 repeater status:OK
02-07 09:43:08.579    10    10 I dwc3 a600000.dwc3: Adding to iommu group 10
02-07 09:43:08.563   443   443 I vndservicemanag: type=1400 audit(0.0:29): avc: denied { open } for path="/dev/binderfs/vndbinder" dev="binder" ino=6 scontext=u:r:recovery:s0 tcontext=u:object_r:vndbinder_device:s0 tclass=chr_file permissive=1
02-07 09:43:08.563   443   443 I vndservicemanag: type=1400 audit(0.0:30): avc: denied { ioctl } for path="/dev/binderfs/vndbinder" dev="binder" ino=6 ioctlcmd=0x6209 scontext=u:r:recovery:s0 tcontext=u:object_r:vndbinder_device:s0 tclass=chr_file permissive=1
02-07 09:43:08.563   443   443 I vndservicemanag: type=1400 audit(0.0:31): avc: denied { map } for path="/dev/binderfs/vndbinder" dev="binder" ino=6 scontext=u:r:recovery:s0 tcontext=u:object_r:vndbinder_device:s0 tclass=chr_file permissive=1
02-07 09:43:08.563   438   438 I hwservicemanage: type=1400 audit(0.0:32): avc: denied { bind } for scontext=u:r:recovery:s0 tcontext=u:r:recovery:s0 tclass=netlink_selinux_socket permissive=1
02-07 09:43:08.567     1     1 I unknown : type=1107 audit(0.0:33): uid=0 auid=4294967295 ses=4294967295 subj=u:r:init:s0 msg='avc: denied { set } for property=hwservicemanager.ready pid=438 uid=0 gid=0 scontext=u:r:recovery:s0 tcontext=u:object_r:hwservicemanager_prop:s0 tclass=property_service permissive=1'
